Archive member included because of file (symbol)

../Cineraria_nano_elfload_bsp/\libhal_bsp.a(alt_dcache_flush_all.o)
                              obj/default/nd_elf3.o (alt_dcache_flush_all)
../Cineraria_nano_elfload_bsp/\libhal_bsp.a(alt_icache_flush_all.o)
                              obj/default/nd_elf3.o (alt_icache_flush_all)
../Cineraria_nano_elfload_bsp/\libhal_bsp.a(alt_load.o)
                              ../Cineraria_nano_elfload_bsp//obj/HAL/src/crt0.o (alt_load)
../Cineraria_nano_elfload_bsp/\libhal_bsp.a(alt_main.o)
                              ../Cineraria_nano_elfload_bsp//obj/HAL/src/crt0.o (alt_main)
../Cineraria_nano_elfload_bsp/\libhal_bsp.a(alt_sys_init.o)
                              ../Cineraria_nano_elfload_bsp/\libhal_bsp.a(alt_main.o) (alt_sys_init)
../Cineraria_nano_elfload_bsp/\libhal_bsp.a(alt_icache_flush.o)
                              ../Cineraria_nano_elfload_bsp/\libhal_bsp.a(alt_icache_flush_all.o) (alt_icache_flush)
../Cineraria_nano_elfload_bsp/\libhal_bsp.a(altera_nios2_irq.o)
                              ../Cineraria_nano_elfload_bsp/\libhal_bsp.a(alt_sys_init.o) (altera_nios2_irq_init)

Allocating common symbols
Common symbol       size              file

g_fatfs_work        0x2c              obj/default/nd_elf3.o

Memory Configuration

Name             Origin             Length             Attributes
sdram_BEFORE_EXCEPTION 0x00000000         0x00000020
sdram            0x00000020         0x01ffffe0
reset            0x0f000000         0x00000020
ipl_memory       0x0f000020         0x00001fe0
*default*        0x00000000         0xffffffff

Linker script and memory map

LOAD ../Cineraria_nano_elfload_bsp//obj/HAL/src/crt0.o
                0x0f00001c                exit = _exit
LOAD obj/default/mmc.o
LOAD obj/default/mmc_spi.o
LOAD obj/default/nd_elf3.o
LOAD obj/default/pff.o
LOAD c:/develop/altera/12.1sp1/nios2eds/bin/gnu/h-i686-mingw32/bin/../lib/gcc/nios2-elf/4.1.2/../../../../nios2-elf/lib\libstdc++.a
LOAD c:/develop/altera/12.1sp1/nios2eds/bin/gnu/h-i686-mingw32/bin/../lib/gcc/nios2-elf/4.1.2/../../../../nios2-elf/lib\libm.a
LOAD c:/develop/altera/12.1sp1/nios2eds/bin/gnu/h-i686-mingw32/bin/../lib/gcc/nios2-elf/4.1.2\libgcc.a
START GROUP
LOAD c:/develop/altera/12.1sp1/nios2eds/bin/gnu/h-i686-mingw32/bin/../lib/gcc/nios2-elf/4.1.2/../../../../nios2-elf/lib\libsmallc.a
LOAD c:/develop/altera/12.1sp1/nios2eds/bin/gnu/h-i686-mingw32/bin/../lib/gcc/nios2-elf/4.1.2\libgcc.a
LOAD ../Cineraria_nano_elfload_bsp/\libhal_bsp.a
END GROUP
LOAD c:/develop/altera/12.1sp1/nios2eds/bin/gnu/h-i686-mingw32/bin/../lib/gcc/nios2-elf/4.1.2\libgcc.a
                0x00000000                __alt_mem_sdram = 0x0
                0x0f000000                __alt_mem_ipl_memory = 0xf000000

.entry          0x0f000000       0x20
 *(.entry)
 .entry         0x0f000000       0x20 ../Cineraria_nano_elfload_bsp//obj/HAL/src/crt0.o
                0x0f000000                __reset
                0x0f00001c                _exit

.exceptions     0x00000020        0x0
                0x00000020                PROVIDE (__ram_exceptions_start, ABSOLUTE (.))
                0x00000020                . = ALIGN (0x20)
 *(.irq)
 *(.exceptions.entry.label)
 *(.exceptions.entry.user)
 *(.exceptions.entry)
 *(.exceptions.irqtest.user)
 *(.exceptions.irqtest)
 *(.exceptions.irqhandler.user)
 *(.exceptions.irqhandler)
 *(.exceptions.irqreturn.user)
 *(.exceptions.irqreturn)
 *(.exceptions.notirq.label)
 *(.exceptions.notirq.user)
 *(.exceptions.notirq)
 *(.exceptions.soft.user)
 *(.exceptions.soft)
 *(.exceptions.unknown.user)
 *(.exceptions.unknown)
 *(.exceptions.exit.label)
 *(.exceptions.exit.user)
 *(.exceptions.exit)
 *(.exceptions)
                0x00000020                PROVIDE (__ram_exceptions_end, ABSOLUTE (.))
                0x00000020                PROVIDE (__flash_exceptions_start, LOADADDR (.exceptions))

.text           0x0f000020     0x1608
                0x0f000020                PROVIDE (stext, ABSOLUTE (.))
 *(.interp)
 *(.hash)
 *(.dynsym)
 *(.dynstr)
 *(.gnu.version)
 *(.gnu.version_d)
 *(.gnu.version_r)
 *(.rel.init)
 *(.rela.init)
 *(.rel.text .rel.text.* .rel.gnu.linkonce.t.*)
 *(.rela.text .rela.text.* .rela.gnu.linkonce.t.*)
 *(.rel.fini)
 *(.rela.fini)
 *(.rel.rodata .rel.rodata.* .rel.gnu.linkonce.r.*)
 *(.rela.rodata .rela.rodata.* .rela.gnu.linkonce.r.*)
 *(.rel.data .rel.data.* .rel.gnu.linkonce.d.*)
 *(.rela.data .rela.data.* .rela.gnu.linkonce.d.*)
 *(.rel.tdata .rel.tdata.* .rel.gnu.linkonce.td.*)
 *(.rela.tdata .rela.tdata.* .rela.gnu.linkonce.td.*)
 *(.rel.tbss .rel.tbss.* .rel.gnu.linkonce.tb.*)
 *(.rela.tbss .rela.tbss.* .rela.gnu.linkonce.tb.*)
 *(.rel.ctors)
 *(.rela.ctors)
 *(.rel.dtors)
 *(.rela.dtors)
 *(.rel.got)
 *(.rela.got)
 *(.rel.sdata .rel.sdata.* .rel.gnu.linkonce.s.*)
 *(.rela.sdata .rela.sdata.* .rela.gnu.linkonce.s.*)
 *(.rel.sbss .rel.sbss.* .rel.gnu.linkonce.sb.*)
 *(.rela.sbss .rela.sbss.* .rela.gnu.linkonce.sb.*)
 *(.rel.sdata2 .rel.sdata2.* .rel.gnu.linkonce.s2.*)
 *(.rela.sdata2 .rela.sdata2.* .rela.gnu.linkonce.s2.*)
 *(.rel.sbss2 .rel.sbss2.* .rel.gnu.linkonce.sb2.*)
 *(.rela.sbss2 .rela.sbss2.* .rela.gnu.linkonce.sb2.*)
 *(.rel.bss .rel.bss.* .rel.gnu.linkonce.b.*)
 *(.rela.bss .rela.bss.* .rela.gnu.linkonce.b.*)
 *(.rel.plt)
 *(.rela.plt)
 *(.rel.dyn)
 *(.init)
 *(.plt)
 *(.text .stub .text.* .gnu.linkonce.t.*)
 .text          0x0f000020       0x4c ../Cineraria_nano_elfload_bsp//obj/HAL/src/crt0.o
                0x0f000020                _start
 .text          0x0f00006c      0x3d0 obj/default/mmc.o
                0x0f0001b8                disk_readp
                0x0f000298                disk_initialize
 .text          0x0f00043c      0x16c obj/default/mmc_spi.o
                0x0f00043c                mmc_spi_CheckTimer
                0x0f00044c                mmc_spi_CheckCardDetect
                0x0f000464                mmc_spi_CheckWritePortect
                0x0f00049c                mmc_spi_Wait100us
                0x0f0004bc                mmc_spi_SetTimer
                0x0f0004d0                mmc_spi_SetTransClock
                0x0f0004e0                mmc_spi_SetIdentClock
                0x0f0004f0                mmc_spi_Recvbyte
                0x0f000524                mmc_spi_Sendbyte
                0x0f000548                mmc_spi_SetCardDeselect
                0x0f000560                mmc_spi_InitSocket
                0x0f000594                mmc_spi_SetCardSelect
 .text          0x0f0005a8      0x340 obj/default/nd_elf3.o
                0x0f0005a8                dgb_printf
                0x0f0005c4                main
 .text          0x0f0008e8      0xc00 obj/default/pff.o
                0x0f000c38                pf_lseek
                0x0f000d60                pf_read
                0x0f000ee8                pf_open
                0x0f001240                pf_mount
 .text          0x0f0014e8       0x18 ../Cineraria_nano_elfload_bsp/\libhal_bsp.a(alt_dcache_flush_all.o)
                0x0f0014e8                alt_dcache_flush_all
 .text          0x0f001500        0xc ../Cineraria_nano_elfload_bsp/\libhal_bsp.a(alt_icache_flush_all.o)
                0x0f001500                alt_icache_flush_all
 .text          0x0f00150c       0x8c ../Cineraria_nano_elfload_bsp/\libhal_bsp.a(alt_load.o)
                0x0f00152c                alt_load
 .text          0x0f001598       0x2c ../Cineraria_nano_elfload_bsp/\libhal_bsp.a(alt_main.o)
                0x0f001598                alt_main
 .text          0x0f0015c4       0x24 ../Cineraria_nano_elfload_bsp/\libhal_bsp.a(alt_sys_init.o)
                0x0f0015c4                alt_sys_init
                0x0f0015c8                alt_irq_init
 .text          0x0f0015e8       0x38 ../Cineraria_nano_elfload_bsp/\libhal_bsp.a(alt_icache_flush.o)
                0x0f0015e8                alt_icache_flush
 .text          0x0f001620        0x8 ../Cineraria_nano_elfload_bsp/\libhal_bsp.a(altera_nios2_irq.o)
                0x0f001620                altera_nios2_irq_init
 *(.gnu.warning.*)
 *(.fini)
                0x0f001628                PROVIDE (__etext, ABSOLUTE (.))
                0x0f001628                PROVIDE (_etext, ABSOLUTE (.))
                0x0f001628                PROVIDE (etext, ABSOLUTE (.))
 *(.eh_frame_hdr)
                0x0f001628                . = ALIGN (0x4)
                0x0f001628                PROVIDE (__preinit_array_start, ABSOLUTE (.))
 *(.preinit_array)
                0x0f001628                PROVIDE (__preinit_array_end, ABSOLUTE (.))
                0x0f001628                PROVIDE (__init_array_start, ABSOLUTE (.))
 *(.init_array)
                0x0f001628                PROVIDE (__init_array_end, ABSOLUTE (.))
                0x0f001628                PROVIDE (__fini_array_start, ABSOLUTE (.))
 *(.fini_array)
                0x0f001628                PROVIDE (__fini_array_end, ABSOLUTE (.))
 *(.eh_frame)
 *(.gcc_except_table)
 *(.dynamic)
                0x0f001628                PROVIDE (__CTOR_LIST__, ABSOLUTE (.))
 *(.ctors)
 *(SORT(.ctors.*))
                0x0f001628                PROVIDE (__CTOR_END__, ABSOLUTE (.))
                0x0f001628                PROVIDE (__DTOR_LIST__, ABSOLUTE (.))
 *(.dtors)
 *(SORT(.dtors.*))
                0x0f001628                PROVIDE (__DTOR_END__, ABSOLUTE (.))
 *(.jcr)
                0x0f001628                . = ALIGN (0x4)

.rodata         0x0f001628       0x14
                0x0f001628                PROVIDE (__ram_rodata_start, ABSOLUTE (.))
                0x0f001628                . = ALIGN (0x4)
 *(.rodata .rodata.* .gnu.linkonce.r.*)
 .rodata.str1.4
                0x0f001628       0x14 obj/default/nd_elf3.o
 *(.rodata1)
                0x0f00163c                . = ALIGN (0x4)
                0x0f00163c                PROVIDE (__ram_rodata_end, ABSOLUTE (.))
                0x0f001628                PROVIDE (__flash_rodata_start, LOADADDR (.rodata))

.rwdata         0x0f00163c        0x4
                0x0f00163c                PROVIDE (__ram_rwdata_start, ABSOLUTE (.))
                0x0f00163c                . = ALIGN (0x4)
 *(.got.plt)
 *(.got)
 *(.data1)
 *(.data .data.* .gnu.linkonce.d.*)
 .data          0x0f00163c        0x0 ../Cineraria_nano_elfload_bsp//obj/HAL/src/crt0.o
 .data          0x0f00163c        0x0 obj/default/mmc.o
 .data          0x0f00163c        0x0 obj/default/mmc_spi.o
 .data          0x0f00163c        0x0 obj/default/nd_elf3.o
 .data          0x0f00163c        0x0 obj/default/pff.o
 .data          0x0f00163c        0x0 ../Cineraria_nano_elfload_bsp/\libhal_bsp.a(alt_dcache_flush_all.o)
 .data          0x0f00163c        0x0 ../Cineraria_nano_elfload_bsp/\libhal_bsp.a(alt_icache_flush_all.o)
 .data          0x0f00163c        0x0 ../Cineraria_nano_elfload_bsp/\libhal_bsp.a(alt_load.o)
 .data          0x0f00163c        0x0 ../Cineraria_nano_elfload_bsp/\libhal_bsp.a(alt_main.o)
 .data          0x0f00163c        0x0 ../Cineraria_nano_elfload_bsp/\libhal_bsp.a(alt_sys_init.o)
 .data          0x0f00163c        0x0 ../Cineraria_nano_elfload_bsp/\libhal_bsp.a(alt_icache_flush.o)
 .data          0x0f00163c        0x0 ../Cineraria_nano_elfload_bsp/\libhal_bsp.a(altera_nios2_irq.o)
                0x0f00963c                _gp = ABSOLUTE ((. + 0x8000))
                0x0f00963c                PROVIDE (gp, _gp)
 *(.rwdata .rwdata.*)
 *(.sdata .sdata.* .gnu.linkonce.s.*)
 .sdata         0x0f00163c        0x4 ../Cineraria_nano_elfload_bsp/\libhal_bsp.a(alt_sys_init.o)
                0x0f00163c                jtag_uart
 *(.sdata2 .sdata2.* .gnu.linkonce.s2.*)
                0x0f001640                . = ALIGN (0x4)
                0x0f001640                _edata = ABSOLUTE (.)
                0x0f001640                PROVIDE (edata, ABSOLUTE (.))
                0x0f001640                PROVIDE (__ram_rwdata_end, ABSOLUTE (.))
                0x0f00163c                PROVIDE (__flash_rwdata_start, LOADADDR (.rwdata))

.bss            0x0f001640       0x9c
                0x0f001640                __bss_start = ABSOLUTE (.)
                0x0f001640                PROVIDE (__sbss_start, ABSOLUTE (.))
                0x0f001640                PROVIDE (___sbss_start, ABSOLUTE (.))
 *(.dynsbss)
 *(.sbss .sbss.* .gnu.linkonce.sb.*)
 .sbss          0x0f001640        0x1 obj/default/mmc.o
 *fill*         0x0f001641        0x3 00
 .sbss          0x0f001644        0x8 obj/default/mmc_spi.o
 .sbss          0x0f00164c        0x4 obj/default/pff.o
 .sbss          0x0f001650        0xc ../Cineraria_nano_elfload_bsp/\libhal_bsp.a(alt_main.o)
                0x0f001650                alt_argc
                0x0f001654                alt_argv
                0x0f001658                alt_envp
 *(.sbss2 .sbss2.* .gnu.linkonce.sb2.*)
 *(.scommon)
                0x0f00165c                PROVIDE (__sbss_end, ABSOLUTE (.))
                0x0f00165c                PROVIDE (___sbss_end, ABSOLUTE (.))
 *(.dynbss)
 *(.bss .bss.* .gnu.linkonce.b.*)
 .bss           0x0f00165c        0x0 ../Cineraria_nano_elfload_bsp//obj/HAL/src/crt0.o
 .bss           0x0f00165c        0x0 obj/default/mmc.o
 .bss           0x0f00165c        0x0 obj/default/mmc_spi.o
 .bss           0x0f00165c       0x54 obj/default/nd_elf3.o
 .bss           0x0f0016b0        0x0 obj/default/pff.o
 .bss           0x0f0016b0        0x0 ../Cineraria_nano_elfload_bsp/\libhal_bsp.a(alt_dcache_flush_all.o)
 .bss           0x0f0016b0        0x0 ../Cineraria_nano_elfload_bsp/\libhal_bsp.a(alt_icache_flush_all.o)
 .bss           0x0f0016b0        0x0 ../Cineraria_nano_elfload_bsp/\libhal_bsp.a(alt_load.o)
 .bss           0x0f0016b0        0x0 ../Cineraria_nano_elfload_bsp/\libhal_bsp.a(alt_main.o)
 .bss           0x0f0016b0        0x0 ../Cineraria_nano_elfload_bsp/\libhal_bsp.a(alt_sys_init.o)
 .bss           0x0f0016b0        0x0 ../Cineraria_nano_elfload_bsp/\libhal_bsp.a(alt_icache_flush.o)
 .bss           0x0f0016b0        0x0 ../Cineraria_nano_elfload_bsp/\libhal_bsp.a(altera_nios2_irq.o)
 *(COMMON)
 COMMON         0x0f0016b0       0x2c obj/default/nd_elf3.o
                0x0f0016b0                g_fatfs_work
                0x0f0016dc                . = ALIGN (0x4)
                0x0f0016dc                __bss_end = ABSOLUTE (.)

.sdram          0x00000020        0x0
                0x00000020                PROVIDE (_alt_partition_sdram_start, ABSOLUTE (.))
 *(.sdram. sdram.*)
                0x00000020                . = ALIGN (0x4)
                0x00000020                PROVIDE (_alt_partition_sdram_end, ABSOLUTE (.))
                0x00000020                PROVIDE (_alt_partition_sdram_load_addr, LOADADDR (.sdram))

.ipl_memory     0x0f0016dc        0x0
                0x0f0016dc                PROVIDE (_alt_partition_ipl_memory_start, ABSOLUTE (.))
 *(.ipl_memory. ipl_memory.*)
                0x0f0016dc                . = ALIGN (0x4)
                0x0f0016dc                PROVIDE (_alt_partition_ipl_memory_end, ABSOLUTE (.))
                0x0f0016dc                _end = ABSOLUTE (.)
                0x0f0016dc                end = ABSOLUTE (.)
                0x0f0016dc                __alt_stack_base = ABSOLUTE (.)
                0x0f0016dc                PROVIDE (_alt_partition_ipl_memory_load_addr, LOADADDR (.ipl_memory))

.stab
 *(.stab)

.stabstr
 *(.stabstr)

.stab.excl
 *(.stab.excl)

.stab.exclstr
 *(.stab.exclstr)

.stab.index
 *(.stab.index)

.stab.indexstr
 *(.stab.indexstr)

.comment        0x00000000       0x26
 *(.comment)
 .comment       0x00000000       0x26 obj/default/mmc.o
                                 0x27 (size before relaxing)
 .comment       0x00000000       0x27 obj/default/mmc_spi.o
 .comment       0x00000000       0x27 obj/default/nd_elf3.o
 .comment       0x00000000       0x27 obj/default/pff.o
 .comment       0x00000000       0x27 ../Cineraria_nano_elfload_bsp/\libhal_bsp.a(alt_dcache_flush_all.o)
 .comment       0x00000000       0x27 ../Cineraria_nano_elfload_bsp/\libhal_bsp.a(alt_icache_flush_all.o)
 .comment       0x00000000       0x27 ../Cineraria_nano_elfload_bsp/\libhal_bsp.a(alt_load.o)
 .comment       0x00000000       0x27 ../Cineraria_nano_elfload_bsp/\libhal_bsp.a(alt_main.o)
 .comment       0x00000000       0x27 ../Cineraria_nano_elfload_bsp/\libhal_bsp.a(alt_sys_init.o)
 .comment       0x00000000       0x27 ../Cineraria_nano_elfload_bsp/\libhal_bsp.a(alt_icache_flush.o)
 .comment       0x00000000       0x27 ../Cineraria_nano_elfload_bsp/\libhal_bsp.a(altera_nios2_irq.o)

.debug
 *(.debug)

.line
 *(.line)

.debug_srcinfo
 *(.debug_srcinfo)

.debug_sfnames
 *(.debug_sfnames)

.debug_aranges  0x00000000      0x108
 *(.debug_aranges)
 .debug_aranges
                0x00000000       0x28 ../Cineraria_nano_elfload_bsp//obj/HAL/src/crt0.o
 .debug_aranges
                0x00000028       0x20 ../Cineraria_nano_elfload_bsp/\libhal_bsp.a(alt_dcache_flush_all.o)
 .debug_aranges
                0x00000048       0x20 ../Cineraria_nano_elfload_bsp/\libhal_bsp.a(alt_icache_flush_all.o)
 .debug_aranges
                0x00000068       0x20 ../Cineraria_nano_elfload_bsp/\libhal_bsp.a(alt_load.o)
 .debug_aranges
                0x00000088       0x20 ../Cineraria_nano_elfload_bsp/\libhal_bsp.a(alt_main.o)
 .debug_aranges
                0x000000a8       0x20 ../Cineraria_nano_elfload_bsp/\libhal_bsp.a(alt_sys_init.o)
 .debug_aranges
                0x000000c8       0x20 ../Cineraria_nano_elfload_bsp/\libhal_bsp.a(alt_icache_flush.o)
 .debug_aranges
                0x000000e8       0x20 ../Cineraria_nano_elfload_bsp/\libhal_bsp.a(altera_nios2_irq.o)

.debug_pubnames
                0x00000000      0x150
 *(.debug_pubnames)
 .debug_pubnames
                0x00000000       0x2b ../Cineraria_nano_elfload_bsp/\libhal_bsp.a(alt_dcache_flush_all.o)
 .debug_pubnames
                0x0000002b       0x2b ../Cineraria_nano_elfload_bsp/\libhal_bsp.a(alt_icache_flush_all.o)
 .debug_pubnames
                0x00000056       0x1f ../Cineraria_nano_elfload_bsp/\libhal_bsp.a(alt_load.o)
 .debug_pubnames
                0x00000075       0x46 ../Cineraria_nano_elfload_bsp/\libhal_bsp.a(alt_main.o)
 .debug_pubnames
                0x000000bb       0x42 ../Cineraria_nano_elfload_bsp/\libhal_bsp.a(alt_sys_init.o)
 .debug_pubnames
                0x000000fd       0x27 ../Cineraria_nano_elfload_bsp/\libhal_bsp.a(alt_icache_flush.o)
 .debug_pubnames
                0x00000124       0x2c ../Cineraria_nano_elfload_bsp/\libhal_bsp.a(altera_nios2_irq.o)

.debug_info     0x00000000      0x6d5
 *(.debug_info .gnu.linkonce.wi.*)
 .debug_info    0x00000000       0x77 ../Cineraria_nano_elfload_bsp//obj/HAL/src/crt0.o
 .debug_info    0x00000077       0x9f ../Cineraria_nano_elfload_bsp/\libhal_bsp.a(alt_dcache_flush_all.o)
 .debug_info    0x00000116       0x8d ../Cineraria_nano_elfload_bsp/\libhal_bsp.a(alt_icache_flush_all.o)
 .debug_info    0x000001a3      0x12e ../Cineraria_nano_elfload_bsp/\libhal_bsp.a(alt_load.o)
 .debug_info    0x000002d1      0x125 ../Cineraria_nano_elfload_bsp/\libhal_bsp.a(alt_main.o)
 .debug_info    0x000003f6      0x17d ../Cineraria_nano_elfload_bsp/\libhal_bsp.a(alt_sys_init.o)
 .debug_info    0x00000573       0xd5 ../Cineraria_nano_elfload_bsp/\libhal_bsp.a(alt_icache_flush.o)
 .debug_info    0x00000648       0x8d ../Cineraria_nano_elfload_bsp/\libhal_bsp.a(altera_nios2_irq.o)

.debug_abbrev   0x00000000      0x390
 *(.debug_abbrev)
 .debug_abbrev  0x00000000       0x12 ../Cineraria_nano_elfload_bsp//obj/HAL/src/crt0.o
 .debug_abbrev  0x00000012       0x57 ../Cineraria_nano_elfload_bsp/\libhal_bsp.a(alt_dcache_flush_all.o)
 .debug_abbrev  0x00000069       0x3f ../Cineraria_nano_elfload_bsp/\libhal_bsp.a(alt_icache_flush_all.o)
 .debug_abbrev  0x000000a8       0x97 ../Cineraria_nano_elfload_bsp/\libhal_bsp.a(alt_load.o)
 .debug_abbrev  0x0000013f       0xa6 ../Cineraria_nano_elfload_bsp/\libhal_bsp.a(alt_main.o)
 .debug_abbrev  0x000001e5       0xe3 ../Cineraria_nano_elfload_bsp/\libhal_bsp.a(alt_sys_init.o)
 .debug_abbrev  0x000002c8       0x89 ../Cineraria_nano_elfload_bsp/\libhal_bsp.a(alt_icache_flush.o)
 .debug_abbrev  0x00000351       0x3f ../Cineraria_nano_elfload_bsp/\libhal_bsp.a(altera_nios2_irq.o)

.debug_line     0x00000000      0xf7d
 *(.debug_line)
 .debug_line    0x00000000       0x72 ../Cineraria_nano_elfload_bsp//obj/HAL/src/crt0.o
 .debug_line    0x00000072      0x1dd ../Cineraria_nano_elfload_bsp/\libhal_bsp.a(alt_dcache_flush_all.o)
 .debug_line    0x0000024f      0x1d5 ../Cineraria_nano_elfload_bsp/\libhal_bsp.a(alt_icache_flush_all.o)
 .debug_line    0x00000424      0x227 ../Cineraria_nano_elfload_bsp/\libhal_bsp.a(alt_load.o)
 .debug_line    0x0000064b      0x2d2 ../Cineraria_nano_elfload_bsp/\libhal_bsp.a(alt_main.o)
 .debug_line    0x0000091d      0x296 ../Cineraria_nano_elfload_bsp/\libhal_bsp.a(alt_sys_init.o)
 .debug_line    0x00000bb3      0x1f1 ../Cineraria_nano_elfload_bsp/\libhal_bsp.a(alt_icache_flush.o)
 .debug_line    0x00000da4      0x1d9 ../Cineraria_nano_elfload_bsp/\libhal_bsp.a(altera_nios2_irq.o)

.debug_frame    0x00000000      0x118
 *(.debug_frame)
 .debug_frame   0x00000000       0x20 ../Cineraria_nano_elfload_bsp/\libhal_bsp.a(alt_dcache_flush_all.o)
 .debug_frame   0x00000020       0x20 ../Cineraria_nano_elfload_bsp/\libhal_bsp.a(alt_icache_flush_all.o)
 .debug_frame   0x00000040       0x38 ../Cineraria_nano_elfload_bsp/\libhal_bsp.a(alt_load.o)
 .debug_frame   0x00000078       0x28 ../Cineraria_nano_elfload_bsp/\libhal_bsp.a(alt_main.o)
 .debug_frame   0x000000a0       0x38 ../Cineraria_nano_elfload_bsp/\libhal_bsp.a(alt_sys_init.o)
 .debug_frame   0x000000d8       0x20 ../Cineraria_nano_elfload_bsp/\libhal_bsp.a(alt_icache_flush.o)
 .debug_frame   0x000000f8       0x20 ../Cineraria_nano_elfload_bsp/\libhal_bsp.a(altera_nios2_irq.o)

.debug_str      0x00000000      0x37c
 *(.debug_str)
 .debug_str     0x00000000       0xd6 ../Cineraria_nano_elfload_bsp/\libhal_bsp.a(alt_dcache_flush_all.o)
                                0x10f (size before relaxing)
 .debug_str     0x000000d6       0x34 ../Cineraria_nano_elfload_bsp/\libhal_bsp.a(alt_icache_flush_all.o)
                                0x10f (size before relaxing)
 .debug_str     0x0000010a       0xf1 ../Cineraria_nano_elfload_bsp/\libhal_bsp.a(alt_load.o)
                                0x1cc (size before relaxing)
 .debug_str     0x000001fb       0x75 ../Cineraria_nano_elfload_bsp/\libhal_bsp.a(alt_main.o)
                                0x150 (size before relaxing)
 .debug_str     0x00000270       0xaf ../Cineraria_nano_elfload_bsp/\libhal_bsp.a(alt_sys_init.o)
                                0x1c3 (size before relaxing)
 .debug_str     0x0000031f       0x2c ../Cineraria_nano_elfload_bsp/\libhal_bsp.a(alt_icache_flush.o)
                                0x115 (size before relaxing)
 .debug_str     0x0000034b       0x31 ../Cineraria_nano_elfload_bsp/\libhal_bsp.a(altera_nios2_irq.o)
                                0x10c (size before relaxing)

.debug_loc      0x00000000       0x83
 *(.debug_loc)
 .debug_loc     0x00000000       0x1f ../Cineraria_nano_elfload_bsp/\libhal_bsp.a(alt_load.o)
 .debug_loc     0x0000001f       0x1f ../Cineraria_nano_elfload_bsp/\libhal_bsp.a(alt_main.o)
 .debug_loc     0x0000003e       0x32 ../Cineraria_nano_elfload_bsp/\libhal_bsp.a(alt_sys_init.o)
 .debug_loc     0x00000070       0x13 ../Cineraria_nano_elfload_bsp/\libhal_bsp.a(alt_icache_flush.o)

.debug_macinfo
 *(.debug_macinfo)

.debug_weaknames
 *(.debug_weaknames)

.debug_funcnames
 *(.debug_funcnames)

.debug_typenames
 *(.debug_typenames)

.debug_varnames
 *(.debug_varnames)

.debug_alt_sim_info
                0x00000000       0x30
 *(.debug_alt_sim_info)
 .debug_alt_sim_info
                0x00000000       0x30 ../Cineraria_nano_elfload_bsp//obj/HAL/src/crt0.o
                0x0f002000                __alt_data_end = 0xf002000
                0x0f002000                PROVIDE (__alt_stack_pointer, __alt_data_end)
                0x0f0016dc                PROVIDE (__alt_stack_limit, __alt_stack_base)
                0x0f0016dc                PROVIDE (__alt_heap_start, end)
                0x0f002000                PROVIDE (__alt_heap_limit, 0xf002000)
OUTPUT(Cineraria_nano_elfload.elf elf32-littlenios2)

.debug_ranges   0x00000000       0x20
 .debug_ranges  0x00000000       0x20 ../Cineraria_nano_elfload_bsp//obj/HAL/src/crt0.o
