Archive member included because of file (symbol)

c:/develop/altera/12.1sp1/nios2eds/bin/gnu/h-i686-mingw32/bin/../lib/gcc/nios2-elf/4.1.2/../../../../nios2-elf/lib\libc.a(lib_a-fclose.o)
                              obj/default/loadbmp.o (fclose)
c:/develop/altera/12.1sp1/nios2eds/bin/gnu/h-i686-mingw32/bin/../lib/gcc/nios2-elf/4.1.2/../../../../nios2-elf/lib\libc.a(lib_a-fflush.o)
                              c:/develop/altera/12.1sp1/nios2eds/bin/gnu/h-i686-mingw32/bin/../lib/gcc/nios2-elf/4.1.2/../../../../nios2-elf/lib\libc.a(lib_a-fclose.o) (_fflush_r)
c:/develop/altera/12.1sp1/nios2eds/bin/gnu/h-i686-mingw32/bin/../lib/gcc/nios2-elf/4.1.2/../../../../nios2-elf/lib\libc.a(lib_a-findfp.o)
                              c:/develop/altera/12.1sp1/nios2eds/bin/gnu/h-i686-mingw32/bin/../lib/gcc/nios2-elf/4.1.2/../../../../nios2-elf/lib\libc.a(lib_a-fclose.o) (__sfp_lock_acquire)
c:/develop/altera/12.1sp1/nios2eds/bin/gnu/h-i686-mingw32/bin/../lib/gcc/nios2-elf/4.1.2/../../../../nios2-elf/lib\libc.a(lib_a-fopen.o)
                              obj/default/loadbmp.o (fopen)
c:/develop/altera/12.1sp1/nios2eds/bin/gnu/h-i686-mingw32/bin/../lib/gcc/nios2-elf/4.1.2/../../../../nios2-elf/lib\libc.a(lib_a-fread.o)
                              obj/default/loadbmp.o (fread)
c:/develop/altera/12.1sp1/nios2eds/bin/gnu/h-i686-mingw32/bin/../lib/gcc/nios2-elf/4.1.2/../../../../nios2-elf/lib\libc.a(lib_a-freer.o)
                              c:/develop/altera/12.1sp1/nios2eds/bin/gnu/h-i686-mingw32/bin/../lib/gcc/nios2-elf/4.1.2/../../../../nios2-elf/lib\libc.a(lib_a-fclose.o) (_free_r)
c:/develop/altera/12.1sp1/nios2eds/bin/gnu/h-i686-mingw32/bin/../lib/gcc/nios2-elf/4.1.2/../../../../nios2-elf/lib\libc.a(lib_a-fseek.o)
                              c:/develop/altera/12.1sp1/nios2eds/bin/gnu/h-i686-mingw32/bin/../lib/gcc/nios2-elf/4.1.2/../../../../nios2-elf/lib\libc.a(lib_a-fopen.o) (_fseek_r)
c:/develop/altera/12.1sp1/nios2eds/bin/gnu/h-i686-mingw32/bin/../lib/gcc/nios2-elf/4.1.2/../../../../nios2-elf/lib\libc.a(lib_a-fstatr.o)
                              c:/develop/altera/12.1sp1/nios2eds/bin/gnu/h-i686-mingw32/bin/../lib/gcc/nios2-elf/4.1.2/../../../../nios2-elf/lib\libc.a(lib_a-fseek.o) (_fstat_r)
c:/develop/altera/12.1sp1/nios2eds/bin/gnu/h-i686-mingw32/bin/../lib/gcc/nios2-elf/4.1.2/../../../../nios2-elf/lib\libc.a(lib_a-fwalk.o)
                              c:/develop/altera/12.1sp1/nios2eds/bin/gnu/h-i686-mingw32/bin/../lib/gcc/nios2-elf/4.1.2/../../../../nios2-elf/lib\libc.a(lib_a-fflush.o) (_fwalk_reent)
c:/develop/altera/12.1sp1/nios2eds/bin/gnu/h-i686-mingw32/bin/../lib/gcc/nios2-elf/4.1.2/../../../../nios2-elf/lib\libc.a(lib_a-impure.o)
                              c:/develop/altera/12.1sp1/nios2eds/bin/gnu/h-i686-mingw32/bin/../lib/gcc/nios2-elf/4.1.2/../../../../nios2-elf/lib\libc.a(lib_a-fclose.o) (_impure_ptr)
c:/develop/altera/12.1sp1/nios2eds/bin/gnu/h-i686-mingw32/bin/../lib/gcc/nios2-elf/4.1.2/../../../../nios2-elf/lib\libc.a(lib_a-int_errno.o)
                              c:/develop/altera/12.1sp1/nios2eds/bin/gnu/h-i686-mingw32/bin/../lib/gcc/nios2-elf/4.1.2/../../../../nios2-elf/lib\libc.a(lib_a-fstatr.o) (errno)
c:/develop/altera/12.1sp1/nios2eds/bin/gnu/h-i686-mingw32/bin/../lib/gcc/nios2-elf/4.1.2/../../../../nios2-elf/lib\libc.a(lib_a-makebuf.o)
                              c:/develop/altera/12.1sp1/nios2eds/bin/gnu/h-i686-mingw32/bin/../lib/gcc/nios2-elf/4.1.2/../../../../nios2-elf/lib\libc.a(lib_a-fseek.o) (__smakebuf_r)
c:/develop/altera/12.1sp1/nios2eds/bin/gnu/h-i686-mingw32/bin/../lib/gcc/nios2-elf/4.1.2/../../../../nios2-elf/lib\libc.a(lib_a-mallocr.o)
                              c:/develop/altera/12.1sp1/nios2eds/bin/gnu/h-i686-mingw32/bin/../lib/gcc/nios2-elf/4.1.2/../../../../nios2-elf/lib\libc.a(lib_a-findfp.o) (_malloc_r)
c:/develop/altera/12.1sp1/nios2eds/bin/gnu/h-i686-mingw32/bin/../lib/gcc/nios2-elf/4.1.2/../../../../nios2-elf/lib\libc.a(lib_a-memcpy.o)
                              obj/default/mmcfs/mmcfs.o (memcpy)
c:/develop/altera/12.1sp1/nios2eds/bin/gnu/h-i686-mingw32/bin/../lib/gcc/nios2-elf/4.1.2/../../../../nios2-elf/lib\libc.a(lib_a-memset.o)
                              obj/default/mmcfs/mmcfs.o (memset)
c:/develop/altera/12.1sp1/nios2eds/bin/gnu/h-i686-mingw32/bin/../lib/gcc/nios2-elf/4.1.2/../../../../nios2-elf/lib\libc.a(lib_a-openr.o)
                              c:/develop/altera/12.1sp1/nios2eds/bin/gnu/h-i686-mingw32/bin/../lib/gcc/nios2-elf/4.1.2/../../../../nios2-elf/lib\libc.a(lib_a-fopen.o) (_open_r)
c:/develop/altera/12.1sp1/nios2eds/bin/gnu/h-i686-mingw32/bin/../lib/gcc/nios2-elf/4.1.2/../../../../nios2-elf/lib\libc.a(lib_a-printf.o)
                              obj/default/file_test.o (printf)
c:/develop/altera/12.1sp1/nios2eds/bin/gnu/h-i686-mingw32/bin/../lib/gcc/nios2-elf/4.1.2/../../../../nios2-elf/lib\libc.a(lib_a-puts.o)
                              obj/default/file_test.o (puts)
[...]
Memory Configuration

Name             Origin             Length             Attributes
sdram_BEFORE_EXCEPTION 0x00000000         0x00000020
sdram            0x00000020         0x01ffffe0
reset            0x0f000000         0x00000020
ipl_memory       0x0f000020         0x00001fe0
*default*        0x00000000         0xffffffff

Linker script and memory map

LOAD ../Cineraria_nano_std_bsp//obj/HAL/src/crt0.o
LOAD obj/default/file_test.o
LOAD obj/default/loadbmp.o
LOAD obj/default/mmcfs/fatfs/ff.o
LOAD obj/default/mmcfs/fatfs/mmcbb.o
LOAD obj/default/mmcfs/fatfs/option/cc932.o
LOAD obj/default/mmcfs/gettime.o
LOAD obj/default/mmcfs/mmc_spi.o
LOAD obj/default/mmcfs/mmcfs.o
LOAD obj/default/nd_lib/fontx_k12x10.o
LOAD obj/default/nd_lib/fontx_k6x10.o
LOAD obj/default/nd_lib/nd_egl.o
LOAD obj/default/playwav.o
LOAD c:/develop/altera/12.1sp1/nios2eds/bin/gnu/h-i686-mingw32/bin/../lib/gcc/nios2-elf/4.1.2/../../../../nios2-elf/lib\libstdc++.a
LOAD c:/develop/altera/12.1sp1/nios2eds/bin/gnu/h-i686-mingw32/bin/../lib/gcc/nios2-elf/4.1.2/../../../../nios2-elf/lib\libm.a
LOAD c:/develop/altera/12.1sp1/nios2eds/bin/gnu/h-i686-mingw32/bin/../lib/gcc/nios2-elf/4.1.2\libgcc.a
START GROUP
LOAD c:/develop/altera/12.1sp1/nios2eds/bin/gnu/h-i686-mingw32/bin/../lib/gcc/nios2-elf/4.1.2/../../../../nios2-elf/lib\libc.a
LOAD c:/develop/altera/12.1sp1/nios2eds/bin/gnu/h-i686-mingw32/bin/../lib/gcc/nios2-elf/4.1.2\libgcc.a
LOAD ../Cineraria_nano_std_bsp/\libhal_bsp.a
END GROUP
LOAD c:/develop/altera/12.1sp1/nios2eds/bin/gnu/h-i686-mingw32/bin/../lib/gcc/nios2-elf/4.1.2\libgcc.a
                0x00000000                __alt_mem_sdram = 0x0
                0x0f000000                __alt_mem_ipl_memory = 0xf000000

.entry          0x0f000000        0x0
 *(.entry)
 .entry         0x0f000000        0x0 ../Cineraria_nano_std_bsp//obj/HAL/src/crt0.o
                0x0f000000                __reset

.exceptions     0x00000020      0x164
                0x00000020                PROVIDE (__ram_exceptions_start, ABSOLUTE (.))
                0x00000020                . = ALIGN (0x20)
 *(.irq)
 *(.exceptions.entry.label)
 .exceptions.entry.label
                0x00000020        0x0 ../Cineraria_nano_std_bsp/\libhal_bsp.a(alt_irq_entry.o)
                0x00000020                alt_irq_entry
 .exceptions.entry.label
                0x00000020        0x0 ../Cineraria_nano_std_bsp/\libhal_bsp.a(alt_exception_entry.o)
                0x00000020                alt_exception
 *(.exceptions.entry.user)
 *(.exceptions.entry)
 .exceptions.entry
                0x00000020       0x54 ../Cineraria_nano_std_bsp/\libhal_bsp.a(alt_exception_entry.o)
 *(.exceptions.irqtest.user)
 *(.exceptions.irqtest)
 .exceptions.irqtest
                0x00000074       0x10 ../Cineraria_nano_std_bsp/\libhal_bsp.a(alt_irq_entry.o)
 *(.exceptions.irqhandler.user)
 *(.exceptions.irqhandler)
 .exceptions.irqhandler
                0x00000084        0x4 ../Cineraria_nano_std_bsp/\libhal_bsp.a(alt_irq_entry.o)
 *(.exceptions.irqreturn.user)
 *(.exceptions.irqreturn)
 .exceptions.irqreturn
                0x00000088        0x4 ../Cineraria_nano_std_bsp/\libhal_bsp.a(alt_irq_entry.o)
 *(.exceptions.notirq.label)
 .exceptions.notirq.label
                0x0000008c        0x0 ../Cineraria_nano_std_bsp/\libhal_bsp.a(alt_irq_entry.o)
 *(.exceptions.notirq.user)
 *(.exceptions.notirq)
 .exceptions.notirq
                0x0000008c        0x8 ../Cineraria_nano_std_bsp/\libhal_bsp.a(alt_exception_entry.o)
 *(.exceptions.soft.user)
 *(.exceptions.soft)
 *(.exceptions.unknown.user)
 *(.exceptions.unknown)
 .exceptions.unknown
                0x00000094        0x4 ../Cineraria_nano_std_bsp/\libhal_bsp.a(alt_exception_entry.o)
 *(.exceptions.exit.label)
 .exceptions.exit.label
                0x00000098        0x0 ../Cineraria_nano_std_bsp/\libhal_bsp.a(alt_irq_entry.o)
 .exceptions.exit.label
                0x00000098        0x0 ../Cineraria_nano_std_bsp/\libhal_bsp.a(alt_exception_entry.o)
 *(.exceptions.exit.user)
 *(.exceptions.exit)
 .exceptions.exit
                0x00000098       0x54 ../Cineraria_nano_std_bsp/\libhal_bsp.a(alt_exception_entry.o)
 *(.exceptions)
 .exceptions    0x000000ec       0x98 ../Cineraria_nano_std_bsp/\libhal_bsp.a(alt_irq_handler.o)
                0x000000ec                alt_irq_handler
                0x00000184                PROVIDE (__ram_exceptions_end, ABSOLUTE (.))
                0x00000020                PROVIDE (__flash_exceptions_start, LOADADDR (.exceptions))

.text           0x00000184    0x126d4
                0x00000184                PROVIDE (stext, ABSOLUTE (.))
 *(.interp)
 *(.hash)
 *(.dynsym)
 *(.dynstr)
 *(.gnu.version)
 *(.gnu.version_d)
 *(.gnu.version_r)
 *(.rel.init)
 *(.rela.init)
 *(.rel.text .rel.text.* .rel.gnu.linkonce.t.*)
 *(.rela.text .rela.text.* .rela.gnu.linkonce.t.*)
 *(.rel.fini)
 *(.rela.fini)
 *(.rel.rodata .rel.rodata.* .rel.gnu.linkonce.r.*)
 *(.rela.rodata .rela.rodata.* .rela.gnu.linkonce.r.*)
 *(.rel.data .rel.data.* .rel.gnu.linkonce.d.*)
 *(.rela.data .rela.data.* .rela.gnu.linkonce.d.*)
 *(.rel.tdata .rel.tdata.* .rel.gnu.linkonce.td.*)
 *(.rela.tdata .rela.tdata.* .rela.gnu.linkonce.td.*)
 *(.rel.tbss .rel.tbss.* .rel.gnu.linkonce.tb.*)
 *(.rela.tbss .rela.tbss.* .rela.gnu.linkonce.tb.*)
 *(.rel.ctors)
 *(.rela.ctors)
 *(.rel.dtors)
 *(.rela.dtors)
 *(.rel.got)
 *(.rela.got)
 *(.rel.sdata .rel.sdata.* .rel.gnu.linkonce.s.*)
 *(.rela.sdata .rela.sdata.* .rela.gnu.linkonce.s.*)
 *(.rel.sbss .rel.sbss.* .rel.gnu.linkonce.sb.*)
 *(.rela.sbss .rela.sbss.* .rela.gnu.linkonce.sb.*)
 *(.rel.sdata2 .rel.sdata2.* .rel.gnu.linkonce.s2.*)
 *(.rela.sdata2 .rela.sdata2.* .rela.gnu.linkonce.s2.*)
 *(.rel.sbss2 .rel.sbss2.* .rel.gnu.linkonce.sb2.*)
 *(.rela.sbss2 .rela.sbss2.* .rela.gnu.linkonce.sb2.*)
 *(.rel.bss .rel.bss.* .rel.gnu.linkonce.b.*)
 *(.rela.bss .rela.bss.* .rela.gnu.linkonce.b.*)
 *(.rel.plt)
 *(.rela.plt)
 *(.rel.dyn)
 *(.init)
 *(.plt)
 *(.text .stub .text.* .gnu.linkonce.t.*)
 .text          0x00000184       0x48 ../Cineraria_nano_std_bsp//obj/HAL/src/crt0.o
                0x00000184                _start
 .text          0x000001cc      0x21c obj/default/file_test.o
                0x000001cc                nd_halt
                0x000001d0                main
 .text          0x000003e8      0x33c obj/default/loadbmp.o
                0x000003e8                loadbmp
 .text          0x00000724     0x3e90 obj/default/mmcfs/fatfs/ff.o
                0x00000790                clust2sect
                0x000007bc                gen_numname
                0x00000954                f_mount
                0x00001348                put_fat
                0x00001524                get_fat
                0x000016fc                f_getfree
                0x000018ec                f_read
                0x00001e5c                f_lseek
                0x00002124                f_write
                0x000028d4                f_readdir
                0x00003180                f_stat
                0x00003230                f_opendir
                0x00003704                f_truncate
                0x0000396c                f_rename
                0x00003ba4                f_utime
                0x00003c70                f_chmod
                0x00003d40                f_unlink
                0x00003eb4                f_mkdir
                0x0000417c                f_sync
                0x000042c0                f_close
                0x000042ec                f_open
 .text          0x000045b4      0xa8c obj/default/mmcfs/fatfs/mmcbb.o
                0x0000493c                disk_status
                0x00004a00                disk_ioctl
                0x00004b8c                disk_write
                0x00004d0c                disk_read
                0x00004e48                disk_initialize
 .text          0x00005040       0xe4 obj/default/mmcfs/fatfs/option/cc932.o
                0x00005040                ff_convert
                0x000050d0                ff_wtoupper
 .text          0x00005124        0x8 obj/default/mmcfs/gettime.o
                0x00005124                get_fattime
 .text          0x0000512c      0x294 obj/default/mmcfs/mmc_spi.o
                0x0000512c                mmc_spi_CheckTimer
                0x0000513c                mmc_spi_CheckCardDetect
                0x00005154                mmc_spi_CheckWritePortect
                0x00005188                mmc_spi_Wait100us
                0x000051a8                mmc_spi_SetTimer
                0x000051bc                mmc_spi_SetTransClock
                0x000051cc                mmc_spi_SetIdentClock
                0x000051dc                mmc_spi_DmaRecv
                0x0000530c                mmc_spi_Recvbyte
                0x00005340                mmc_spi_Sendbyte
                0x00005364                mmc_spi_SetCardDeselect
                0x0000537c                mmc_spi_InitSocket
                0x000053ac                mmc_spi_SetCardSelect
 .text          0x000053c0      0x308 obj/default/mmcfs/mmcfs.o
                0x000053c0                dev_mmcfs_fstat
                0x000053f0                mmcfs_setup
                0x0000545c                dev_mmcfs_lseek
                0x000054cc                dev_mmcfs_write
                0x000054fc                dev_mmcfs_read
                0x0000552c                dev_mmcfs_close
                0x000055a0                dev_mmcfs_open
 .text          0x000056c8        0x0 obj/default/nd_lib/fontx_k12x10.o
 .text          0x000056c8        0x0 obj/default/nd_lib/fontx_k6x10.o
 .text          0x000056c8      0xcd8 obj/default/nd_lib/nd_egl.o
                0x000056c8                nd_GsEglColor
                0x000056d8                nd_GsEglPset
                0x000057a4                nd_GsEglBoxfill
                0x00005928                nd_GsEglCircle
                0x00005ae0                nd_GsEglLine
                0x00005c3c                nd_GsEglBox
                0x00005d74                nd_GsEglPutcharFont
                0x00005eb4                nd_GsEglPutstrFont
                0x00005f4c                nd_GsEglSetFont
                0x00005f58                nd_GsEglPutchar
                0x00006008                nd_GsEglPutstr
                0x00006064                nd_GsEglPutdec
                0x00006130                nd_GsEglPuthex2
                0x0000618c                nd_GsEglPuthex8
                0x000061fc                nd_GsVgaVsync_getcount
                0x00006228                nd_GsVgaWaitVsync
                0x00006248                nd_GsVgaVsync_setcount
                0x00006274                nd_GsVgaSetBuffer
                0x00006290                nd_GsEglPage
                0x000062d0                nd_GsVgaScanOff
                0x000062ec                nd_GsVgaScanOn
                0x00006304                nd_GsVgaVsync_isrdisable
                0x00006324                nd_GsVgaInit
                0x00006348                nd_GsVgaVsync_isrenable
                0x00006368                nd_GsVgaVsync_isr
 .text          0x000063a0      0x4d8 obj/default/playwav.o
                0x000063a0                spu_stream_stop
                0x000063f0                spu_bufferfill
                0x00006568                spu_stream_play
                0x000067a4                spu_init
 .text          0x00006878      0x124 c:/develop/altera/12.1sp1/nios2eds/bin/gnu/h-i686-mingw32/bin/../lib/gcc/nios2-elf/4.1.2/../../../../nios2-elf/lib\libc.a(lib_a-fclose.o)
                0x00006878                _fclose_r
                0x00006988                fclose
 .text          0x0000699c      0x230 c:/develop/altera/12.1sp1/nios2eds/bin/gnu/h-i686-mingw32/bin/../lib/gcc/nios2-elf/4.1.2/../../../../nios2-elf/lib\libc.a(lib_a-fflush.o)
                0x0000699c                _fflush_r
                0x00006b98                fflush
 .text          0x00006bcc      0x2c0 c:/develop/altera/12.1sp1/nios2eds/bin/gnu/h-i686-mingw32/bin/../lib/gcc/nios2-elf/4.1.2/../../../../nios2-elf/lib\libc.a(lib_a-findfp.o)
                0x00006c24                __sfp_lock_acquire
                0x00006c28                __sfp_lock_release
                0x00006c2c                __sinit_lock_acquire
                0x00006c30                __sinit_lock_release
                0x00006c34                __sinit
                0x00006ce8                __fp_unlock_all
                0x00006d00                __fp_lock_all
                0x00006d18                _cleanup_r
                0x00006d24                _cleanup
                0x00006d34                __sfmoreglue
                0x00006d9c                __sfp
 .text          0x00006e8c      0x110 c:/develop/altera/12.1sp1/nios2eds/bin/gnu/h-i686-mingw32/bin/../lib/gcc/nios2-elf/4.1.2/../../../../nios2-elf/lib\libc.a(lib_a-fopen.o)
                0x00006e8c                _fopen_r
                0x00006f80                fopen
 .text          0x00006f9c      0x23c c:/develop/altera/12.1sp1/nios2eds/bin/gnu/h-i686-mingw32/bin/../lib/gcc/nios2-elf/4.1.2/../../../../nios2-elf/lib\libc.a(lib_a-fread.o)
                0x00006f9c                _fread_r
                0x00007198                fread
 .text          0x000071d8      0x440 c:/develop/altera/12.1sp1/nios2eds/bin/gnu/h-i686-mingw32/bin/../lib/gcc/nios2-elf/4.1.2/../../../../nios2-elf/lib\libc.a(lib_a-freer.o)
                0x000071d8                _malloc_trim_r
                0x00007304                _free_r
 .text          0x00007618      0x460 c:/develop/altera/12.1sp1/nios2eds/bin/gnu/h-i686-mingw32/bin/../lib/gcc/nios2-elf/4.1.2/../../../../nios2-elf/lib\libc.a(lib_a-fseek.o)
                0x00007618                _fseek_r
                0x00007a54                fseek
 .text          0x00007a78       0x74 c:/develop/altera/12.1sp1/nios2eds/bin/gnu/h-i686-mingw32/bin/../lib/gcc/nios2-elf/4.1.2/../../../../nios2-elf/lib\libc.a(lib_a-fstatr.o)
                0x00007a78                _fstat_r
 .text          0x00007aec      0x180 c:/develop/altera/12.1sp1/nios2eds/bin/gnu/h-i686-mingw32/bin/../lib/gcc/nios2-elf/4.1.2/../../../../nios2-elf/lib\libc.a(lib_a-fwalk.o)
                0x00007aec                _fwalk_reent
                0x00007bb4                _fwalk
 .text          0x00007c6c        0x0 c:/develop/altera/12.1sp1/nios2eds/bin/gnu/h-i686-mingw32/bin/../lib/gcc/nios2-elf/4.1.2/../../../../nios2-elf/lib\libc.a(lib_a-impure.o)
 .text          0x00007c6c        0x0 c:/develop/altera/12.1sp1/nios2eds/bin/gnu/h-i686-mingw32/bin/../lib/gcc/nios2-elf/4.1.2/../../../../nios2-elf/lib\libc.a(lib_a-int_errno.o)
 .text          0x00007c6c      0x194 c:/develop/altera/12.1sp1/nios2eds/bin/gnu/h-i686-mingw32/bin/../lib/gcc/nios2-elf/4.1.2/../../../../nios2-elf/lib\libc.a(lib_a-makebuf.o)
                0x00007c6c                __smakebuf_r
 .text          0x00007e00      0x740 c:/develop/altera/12.1sp1/nios2eds/bin/gnu/h-i686-mingw32/bin/../lib/gcc/nios2-elf/4.1.2/../../../../nios2-elf/lib\libc.a(lib_a-mallocr.o)
                0x00007e00                _malloc_r
 .text          0x00008540       0xa0 c:/develop/altera/12.1sp1/nios2eds/bin/gnu/h-i686-mingw32/bin/../lib/gcc/nios2-elf/4.1.2/../../../../nios2-elf/lib\libc.a(lib_a-memcpy.o)
                0x00008540                memcpy
 .text          0x000085e0       0x98 c:/develop/altera/12.1sp1/nios2eds/bin/gnu/h-i686-mingw32/bin/../lib/gcc/nios2-elf/4.1.2/../../../../nios2-elf/lib\libc.a(lib_a-memset.o)
                0x000085e0                memset
 .text          0x00008678       0x78 c:/develop/altera/12.1sp1/nios2eds/bin/gnu/h-i686-mingw32/bin/../lib/gcc/nios2-elf/4.1.2/../../../../nios2-elf/lib\libc.a(lib_a-openr.o)
                0x00008678                _open_r
 .text          0x000086f0       0x78 c:/develop/altera/12.1sp1/nios2eds/bin/gnu/h-i686-mingw32/bin/../lib/gcc/nios2-elf/4.1.2/../../../../nios2-elf/lib\libc.a(lib_a-printf.o)
                0x000086f0                printf
                0x00008734                _printf_r
 .text          0x00008768       0xb4 c:/develop/altera/12.1sp1/nios2eds/bin/gnu/h-i686-mingw32/bin/../lib/gcc/nios2-elf/4.1.2/../../../../nios2-elf/lib\libc.a(lib_a-puts.o)
                0x00008768                _puts_r
                0x00008808                puts
 .text          0x0000881c      0x1e0 c:/develop/altera/12.1sp1/nios2eds/bin/gnu/h-i686-mingw32/bin/../lib/gcc/nios2-elf/4.1.2/../../../../nios2-elf/lib\libc.a(lib_a-refill.o)
                0x0000881c                __srefill_r
 .text          0x000089fc       0x70 c:/develop/altera/12.1sp1/nios2eds/bin/gnu/h-i686-mingw32/bin/../lib/gcc/nios2-elf/4.1.2/../../../../nios2-elf/lib\libc.a(lib_a-sbrkr.o)
                0x000089fc                _sbrk_r
 .text          0x00008a6c      0x14c c:/develop/altera/12.1sp1/nios2eds/bin/gnu/h-i686-mingw32/bin/../lib/gcc/nios2-elf/4.1.2/../../../../nios2-elf/lib\libc.a(lib_a-stdio.o)
                0x00008a6c                __sclose
                0x00008a74                __sseek
                0x00008adc                __swrite
                0x00008b58                __sread
 .text          0x00008bb8       0x74 c:/develop/altera/12.1sp1/nios2eds/bin/gnu/h-i686-mingw32/bin/../lib/gcc/nios2-elf/4.1.2/../../../../nios2-elf/lib\libc.a(lib_a-strlen.o)
                0x00008bb8                strlen
 .text          0x00008c2c     0x1f28 c:/develop/altera/12.1sp1/nios2eds/bin/gnu/h-i686-mingw32/bin/../lib/gcc/nios2-elf/4.1.2/../../../../nios2-elf/lib\libc.a(lib_a-vfprintf.o)
                0x00008c84                ___vfprintf_internal_r
                0x0000ab30                __vfprintf_internal
 .text          0x0000ab54       0x78 c:/develop/altera/12.1sp1/nios2eds/bin/gnu/h-i686-mingw32/bin/../lib/gcc/nios2-elf/4.1.2/../../../../nios2-elf/lib\libc.a(lib_a-writer.o)
                0x0000ab54                _write_r
 .text          0x0000abcc      0x13c c:/develop/altera/12.1sp1/nios2eds/bin/gnu/h-i686-mingw32/bin/../lib/gcc/nios2-elf/4.1.2/../../../../nios2-elf/lib\libc.a(lib_a-wsetup.o)
                0x0000abcc                __swsetup_r
 .text          0x0000ad08       0x70 c:/develop/altera/12.1sp1/nios2eds/bin/gnu/h-i686-mingw32/bin/../lib/gcc/nios2-elf/4.1.2/../../../../nios2-elf/lib\libc.a(lib_a-closer.o)
                0x0000ad08                _close_r
 .text          0x0000ad78     0x17cc c:/develop/altera/12.1sp1/nios2eds/bin/gnu/h-i686-mingw32/bin/../lib/gcc/nios2-elf/4.1.2/../../../../nios2-elf/lib\libc.a(lib_a-dtoa.o)
                0x0000af90                _dtoa_r
 .text          0x0000c544       0xa0 c:/develop/altera/12.1sp1/nios2eds/bin/gnu/h-i686-mingw32/bin/../lib/gcc/nios2-elf/4.1.2/../../../../nios2-elf/lib\libc.a(lib_a-flags.o)
                0x0000c544                __sflags
 .text          0x0000c5e4      0x49c c:/develop/altera/12.1sp1/nios2eds/bin/gnu/h-i686-mingw32/bin/../lib/gcc/nios2-elf/4.1.2/../../../../nios2-elf/lib\libc.a(lib_a-fvwrite.o)
                0x0000c5e4                __sfvwrite_r
 .text          0x0000ca80       0x70 c:/develop/altera/12.1sp1/nios2eds/bin/gnu/h-i686-mingw32/bin/../lib/gcc/nios2-elf/4.1.2/../../../../nios2-elf/lib\libc.a(lib_a-isattyr.o)
                0x0000ca80                _isatty_r
 .text          0x0000caf0       0xc4 c:/develop/altera/12.1sp1/nios2eds/bin/gnu/h-i686-mingw32/bin/../lib/gcc/nios2-elf/4.1.2/../../../../nios2-elf/lib\libc.a(lib_a-locale.o)
                0x0000caf0                __locale_charset
                0x0000caf8                _localeconv_r
                0x0000cb04                localeconv
                0x0000cb14                _setlocale_r
                0x0000cb98                setlocale
 .text          0x0000cbb4       0x78 c:/develop/altera/12.1sp1/nios2eds/bin/gnu/h-i686-mingw32/bin/../lib/gcc/nios2-elf/4.1.2/../../../../nios2-elf/lib\libc.a(lib_a-lseekr.o)
                0x0000cbb4                _lseek_r
 .text          0x0000cc2c       0xe4 c:/develop/altera/12.1sp1/nios2eds/bin/gnu/h-i686-mingw32/bin/../lib/gcc/nios2-elf/4.1.2/../../../../nios2-elf/lib\libc.a(lib_a-memchr.o)
                0x0000cc2c                memchr
 .text          0x0000cd10       0xe0 c:/develop/altera/12.1sp1/nios2eds/bin/gnu/h-i686-mingw32/bin/../lib/gcc/nios2-elf/4.1.2/../../../../nios2-elf/lib\libc.a(lib_a-memmove.o)
                0x0000cd10                memmove
 .text          0x0000cdf0      0xff4 c:/develop/altera/12.1sp1/nios2eds/bin/gnu/h-i686-mingw32/bin/../lib/gcc/nios2-elf/4.1.2/../../../../nios2-elf/lib\libc.a(lib_a-mprec.o)
                0x0000cdf0                _Bfree
                0x0000ce18                __hi0bits
                0x0000ce88                __lo0bits
                0x0000cf4c                __mcmp
                0x0000cfac                __ulp
                0x0000d02c                __b2d
                0x0000d14c                __ratio
                0x0000d1fc                _mprec_log10
                0x0000d290                __copybits
                0x0000d2e8                __any_on
                0x0000d370                _Balloc
                0x0000d42c                __d2b
                0x0000d5a8                __mdiff
                0x0000d734                __lshift
                0x0000d880                __multiply
                0x0000da68                __i2b
                0x0000daa4                __multadd
                0x0000dba4                __pow5mult
                0x0000dcc4                __s2b
 .text          0x0000dde4       0x78 c:/develop/altera/12.1sp1/nios2eds/bin/gnu/h-i686-mingw32/bin/../lib/gcc/nios2-elf/4.1.2/../../../../nios2-elf/lib\libc.a(lib_a-readr.o)
                0x0000dde4                _read_r
 .text          0x0000de5c      0x5f4 c:/develop/altera/12.1sp1/nios2eds/bin/gnu/h-i686-mingw32/bin/../lib/gcc/nios2-elf/4.1.2/../../../../nios2-elf/lib\libc.a(lib_a-reallocr.o)
                0x0000de5c                _realloc_r
 .text          0x0000e450       0x40 c:/develop/altera/12.1sp1/nios2eds/bin/gnu/h-i686-mingw32/bin/../lib/gcc/nios2-elf/4.1.2/../../../../nios2-elf/lib\libc.a(lib_a-s_isinfd.o)
                0x0000e450                __isinfd
 .text          0x0000e490       0x30 c:/develop/altera/12.1sp1/nios2eds/bin/gnu/h-i686-mingw32/bin/../lib/gcc/nios2-elf/4.1.2/../../../../nios2-elf/lib\libc.a(lib_a-s_isnand.o)
                0x0000e490                __isnand
 .text          0x0000e4c0       0xbc c:/develop/altera/12.1sp1/nios2eds/bin/gnu/h-i686-mingw32/bin/../lib/gcc/nios2-elf/4.1.2/../../../../nios2-elf/lib\libc.a(lib_a-strcmp.o)
                0x0000e4c0                strcmp
 .text          0x0000e57c       0xb4 c:/develop/altera/12.1sp1/nios2eds/bin/gnu/h-i686-mingw32/bin/../lib/gcc/nios2-elf/4.1.2/../../../../nios2-elf/lib\libc.a(lib_a-callocr.o)
                0x0000e57c                _calloc_r
 .text          0x0000e630      0x5dc c:/develop/altera/12.1sp1/nios2eds/bin/gnu/h-i686-mingw32/bin/../lib/gcc/nios2-elf/4.1.2\libgcc.a(_udivdi3.o)
                0x0000e630                __udivdi3
 .text          0x0000ec0c      0x5b0 c:/develop/altera/12.1sp1/nios2eds/bin/gnu/h-i686-mingw32/bin/../lib/gcc/nios2-elf/4.1.2\libgcc.a(_umoddi3.o)
                0x0000ec0c                __umoddi3
 .text          0x0000f1bc      0x504 c:/develop/altera/12.1sp1/nios2eds/bin/gnu/h-i686-mingw32/bin/../lib/gcc/nios2-elf/4.1.2\libgcc.a(_addsub_df.o)
                0x0000f5cc                __subdf3
                0x0000f64c                __adddf3
 .text          0x0000f6c0      0x3c4 c:/develop/altera/12.1sp1/nios2eds/bin/gnu/h-i686-mingw32/bin/../lib/gcc/nios2-elf/4.1.2\libgcc.a(_mul_df.o)
                0x0000f6c0                __muldf3
 .text          0x0000fa84      0x258 c:/develop/altera/12.1sp1/nios2eds/bin/gnu/h-i686-mingw32/bin/../lib/gcc/nios2-elf/4.1.2\libgcc.a(_div_df.o)
                0x0000fa84                __divdf3
 .text          0x0000fcdc       0x88 c:/develop/altera/12.1sp1/nios2eds/bin/gnu/h-i686-mingw32/bin/../lib/gcc/nios2-elf/4.1.2\libgcc.a(_eq_df.o)
                0x0000fcdc                __eqdf2
 .text          0x0000fd64       0x88 c:/develop/altera/12.1sp1/nios2eds/bin/gnu/h-i686-mingw32/bin/../lib/gcc/nios2-elf/4.1.2\libgcc.a(_ne_df.o)
                0x0000fd64                __nedf2
 .text          0x0000fdec       0x88 c:/develop/altera/12.1sp1/nios2eds/bin/gnu/h-i686-mingw32/bin/../lib/gcc/nios2-elf/4.1.2\libgcc.a(_gt_df.o)
                0x0000fdec                __gtdf2
 .text          0x0000fe74       0x88 c:/develop/altera/12.1sp1/nios2eds/bin/gnu/h-i686-mingw32/bin/../lib/gcc/nios2-elf/4.1.2\libgcc.a(_ge_df.o)
                0x0000fe74                __gedf2
 .text          0x0000fefc       0x88 c:/develop/altera/12.1sp1/nios2eds/bin/gnu/h-i686-mingw32/bin/../lib/gcc/nios2-elf/4.1.2\libgcc.a(_lt_df.o)
                0x0000fefc                __ltdf2
 .text          0x0000ff84       0xf8 c:/develop/altera/12.1sp1/nios2eds/bin/gnu/h-i686-mingw32/bin/../lib/gcc/nios2-elf/4.1.2\libgcc.a(_si_to_df.o)
                0x0000ff84                __floatsidf
 .text          0x0001007c       0xd8 c:/develop/altera/12.1sp1/nios2eds/bin/gnu/h-i686-mingw32/bin/../lib/gcc/nios2-elf/4.1.2\libgcc.a(_df_to_si.o)
                0x0001007c                __fixdfsi
 .text          0x00010154        0x0 c:/develop/altera/12.1sp1/nios2eds/bin/gnu/h-i686-mingw32/bin/../lib/gcc/nios2-elf/4.1.2\libgcc.a(_thenan_df.o)
 .text          0x00010154      0x194 c:/develop/altera/12.1sp1/nios2eds/bin/gnu/h-i686-mingw32/bin/../lib/gcc/nios2-elf/4.1.2\libgcc.a(_usi_to_df.o)
                0x00010154                __floatunsidf
 .text          0x000102e8      0x14c c:/develop/altera/12.1sp1/nios2eds/bin/gnu/h-i686-mingw32/bin/../lib/gcc/nios2-elf/4.1.2\libgcc.a(lib2-divmod.o)
                0x00010364                __divsi3
                0x000103c4                __modsi3
                0x00010424                __udivsi3
                0x0001042c                __umodsi3
 .text          0x00010434       0x98 c:/develop/altera/12.1sp1/nios2eds/bin/gnu/h-i686-mingw32/bin/../lib/gcc/nios2-elf/4.1.2\libgcc.a(_muldi3.o)
                0x00010434                __muldi3
 .text          0x000104cc        0x0 c:/develop/altera/12.1sp1/nios2eds/bin/gnu/h-i686-mingw32/bin/../lib/gcc/nios2-elf/4.1.2\libgcc.a(_clz.o)
 .text          0x000104cc       0x80 c:/develop/altera/12.1sp1/nios2eds/bin/gnu/h-i686-mingw32/bin/../lib/gcc/nios2-elf/4.1.2\libgcc.a(_clzsi2.o)
                0x000104cc                __clzsi2
 .text          0x0001054c      0x314 c:/develop/altera/12.1sp1/nios2eds/bin/gnu/h-i686-mingw32/bin/../lib/gcc/nios2-elf/4.1.2\libgcc.a(_pack_df.o)
                0x0001054c                __pack_d
 .text          0x00010860      0x138 c:/develop/altera/12.1sp1/nios2eds/bin/gnu/h-i686-mingw32/bin/../lib/gcc/nios2-elf/4.1.2\libgcc.a(_unpack_df.o)
                0x00010860                __unpack_d
 .text          0x00010998       0xc8 c:/develop/altera/12.1sp1/nios2eds/bin/gnu/h-i686-mingw32/bin/../lib/gcc/nios2-elf/4.1.2\libgcc.a(_fpcmp_parts_df.o)
                0x00010998                __fpcmp_parts_d
 .text          0x00010a60       0xf0 ../Cineraria_nano_std_bsp/\libhal_bsp.a(alt_close.o)
                0x00010a60                close
 .text          0x00010b50        0x8 ../Cineraria_nano_std_bsp/\libhal_bsp.a(alt_dev.o)
 .text          0x00010b58        0x0 ../Cineraria_nano_std_bsp/\libhal_bsp.a(alt_errno.o)
 .text          0x00010b58       0x38 ../Cineraria_nano_std_bsp/\libhal_bsp.a(alt_fs_reg.o)
                0x00010b58                alt_fs_reg
 .text          0x00010b90       0x90 ../Cineraria_nano_std_bsp/\libhal_bsp.a(alt_fstat.o)
                0x00010b90                fstat
 .text          0x00010c20       0x84 ../Cineraria_nano_std_bsp/\libhal_bsp.a(alt_isatty.o)
                0x00010c20                isatty
 .text          0x00010ca4       0x9c ../Cineraria_nano_std_bsp/\libhal_bsp.a(alt_lseek.o)
                0x00010ca4                lseek
 .text          0x00010d40       0x60 ../Cineraria_nano_std_bsp/\libhal_bsp.a(alt_main.o)
                0x00010d40                alt_main
 .text          0x00010da0        0x8 ../Cineraria_nano_std_bsp/\libhal_bsp.a(alt_malloc_lock.o)
                0x00010da0                __malloc_lock
                0x00010da4                __malloc_unlock
 .text          0x00010da8      0x180 ../Cineraria_nano_std_bsp/\libhal_bsp.a(alt_open.o)
                0x00010da8                open
 .text          0x00010f28      0x11c ../Cineraria_nano_std_bsp/\libhal_bsp.a(alt_read.o)
                0x00010f28                read
 .text          0x00011044       0x24 ../Cineraria_nano_std_bsp/\libhal_bsp.a(alt_release_fd.o)
                0x00011044                alt_release_fd
 .text          0x00011068       0x54 ../Cineraria_nano_std_bsp/\libhal_bsp.a(alt_sbrk.o)
                0x00011068                sbrk
 .text          0x000110bc       0x10 ../Cineraria_nano_std_bsp/\libhal_bsp.a(alt_uncached_free.o)
                0x000110bc                alt_uncached_free
 .text          0x000110cc       0x48 ../Cineraria_nano_std_bsp/\libhal_bsp.a(alt_uncached_malloc.o)
                0x000110cc                alt_uncached_malloc
 .text          0x00011114        0x4 ../Cineraria_nano_std_bsp/\libhal_bsp.a(alt_usleep.o)
                0x00011114                usleep
 .text          0x00011118      0x118 ../Cineraria_nano_std_bsp/\libhal_bsp.a(alt_write.o)
                0x00011118                write
 .text          0x00011230       0xa8 ../Cineraria_nano_std_bsp/\libhal_bsp.a(alt_sys_init.o)
                0x00011230                alt_irq_init
                0x00011250                alt_sys_init
 .text          0x000112d8       0x3c ../Cineraria_nano_std_bsp/\libhal_bsp.a(altera_avalon_jtag_uart_fd.o)
                0x000112d8                altera_avalon_jtag_uart_ioctl_fd
                0x000112e4                altera_avalon_jtag_uart_close_fd
                0x000112f4                altera_avalon_jtag_uart_write_fd
                0x00011304                altera_avalon_jtag_uart_read_fd
 .text          0x00011314      0x214 ../Cineraria_nano_std_bsp/\libhal_bsp.a(altera_avalon_jtag_uart_init.o)
                0x00011314                altera_avalon_jtag_uart_close
                0x000113a0                altera_avalon_jtag_uart_init
 .text          0x00011528       0x88 ../Cineraria_nano_std_bsp/\libhal_bsp.a(altera_avalon_jtag_uart_ioctl.o)
                0x00011528                altera_avalon_jtag_uart_ioctl
 .text          0x000115b0      0x16c ../Cineraria_nano_std_bsp/\libhal_bsp.a(altera_avalon_jtag_uart_read.o)
                0x000115b0                altera_avalon_jtag_uart_read
 .text          0x0001171c      0x17c ../Cineraria_nano_std_bsp/\libhal_bsp.a(altera_avalon_jtag_uart_write.o)
                0x0001171c                altera_avalon_jtag_uart_write
 .text          0x00011898       0x8c ../Cineraria_nano_std_bsp/\libhal_bsp.a(altera_avalon_timer_sc.o)
                0x00011898                alt_avalon_timer_sc_init
 .text          0x00011924       0x30 ../Cineraria_nano_std_bsp/\libhal_bsp.a(altera_avalon_uart_fd.o)
                0x00011924                altera_avalon_uart_close_fd
                0x00011934                altera_avalon_uart_write_fd
                0x00011944                altera_avalon_uart_read_fd
 .text          0x00011954      0x1ac ../Cineraria_nano_std_bsp/\libhal_bsp.a(altera_avalon_uart_init.o)
                0x00011954                altera_avalon_uart_close
                0x00011ac0                altera_avalon_uart_init
 .text          0x00011b00      0x140 ../Cineraria_nano_std_bsp/\libhal_bsp.a(altera_avalon_uart_read.o)
                0x00011b00                altera_avalon_uart_read
 .text          0x00011c40      0x138 ../Cineraria_nano_std_bsp/\libhal_bsp.a(altera_avalon_uart_write.o)
                0x00011c40                altera_avalon_uart_write
 .text          0x00011d78       0x94 ../Cineraria_nano_std_bsp/\libhal_bsp.a(alt_alarm_start.o)
                0x00011d78                alt_alarm_start
 .text          0x00011e0c       0x68 ../Cineraria_nano_std_bsp/\libhal_bsp.a(alt_busy_sleep.o)
                0x00011e0c                alt_busy_sleep
 .text          0x00011e74       0x28 ../Cineraria_nano_std_bsp/\libhal_bsp.a(alt_dcache_flush.o)
                0x00011e74                alt_dcache_flush
 .text          0x00011e9c       0x7c ../Cineraria_nano_std_bsp/\libhal_bsp.a(alt_dev_llist_insert.o)
                0x00011e9c                alt_dev_llist_insert
 .text          0x00011f18       0x4c ../Cineraria_nano_std_bsp/\libhal_bsp.a(alt_do_ctors.o)
                0x00011f18                _do_ctors
 .text          0x00011f64       0x4c ../Cineraria_nano_std_bsp/\libhal_bsp.a(alt_do_dtors.o)
                0x00011f64                _do_dtors
 .text          0x00011fb0       0x94 ../Cineraria_nano_std_bsp/\libhal_bsp.a(alt_find_dev.o)
                0x00011fb0                alt_find_dev
 .text          0x00012044       0xb0 ../Cineraria_nano_std_bsp/\libhal_bsp.a(alt_find_file.o)
                0x00012044                alt_find_file
 .text          0x000120f4       0x60 ../Cineraria_nano_std_bsp/\libhal_bsp.a(alt_get_fd.o)
                0x000120f4                alt_get_fd
 .text          0x00012154       0x9c ../Cineraria_nano_std_bsp/\libhal_bsp.a(alt_iic.o)
                0x00012154                alt_ic_irq_enabled
                0x0001216c                alt_ic_irq_enable
                0x000121ac                alt_ic_irq_disable
                0x000121ec                alt_ic_isr_register
 .text          0x000121f0       0x88 ../Cineraria_nano_std_bsp/\libhal_bsp.a(alt_iic_isr_register.o)
                0x000121f0                alt_iic_isr_register
 .text          0x00012278       0xfc ../Cineraria_nano_std_bsp/\libhal_bsp.a(alt_io_redirect.o)
                0x000122e8                alt_io_redirect
 .text          0x00012374        0x0 ../Cineraria_nano_std_bsp/\libhal_bsp.a(alt_irq_entry.o)
 .text          0x00012374        0x0 ../Cineraria_nano_std_bsp/\libhal_bsp.a(alt_irq_handler.o)
 .text          0x00012374        0x0 ../Cineraria_nano_std_bsp/\libhal_bsp.a(alt_irq_vars.o)
 .text          0x00012374       0xf4 ../Cineraria_nano_std_bsp/\libhal_bsp.a(alt_tick.o)
                0x00012374                alt_alarm_stop
                0x000123a8                alt_tick
 .text          0x00012468        0x8 ../Cineraria_nano_std_bsp/\libhal_bsp.a(altera_nios2_irq.o)
                0x00012468                altera_nios2_irq_init
 .text          0x00012470        0x0 ../Cineraria_nano_std_bsp/\libhal_bsp.a(alt_exception_entry.o)
 .text          0x00012470       0x14 c:/develop/altera/12.1sp1/nios2eds/bin/gnu/h-i686-mingw32/bin/../lib/gcc/nios2-elf/4.1.2/../../../../nios2-elf/lib\libc.a(lib_a-atexit.o)
                0x00012470                atexit
 .text          0x00012484       0x38 c:/develop/altera/12.1sp1/nios2eds/bin/gnu/h-i686-mingw32/bin/../lib/gcc/nios2-elf/4.1.2/../../../../nios2-elf/lib\libc.a(lib_a-exit.o)
                0x00012484                exit
 .text          0x000124bc       0x28 c:/develop/altera/12.1sp1/nios2eds/bin/gnu/h-i686-mingw32/bin/../lib/gcc/nios2-elf/4.1.2/../../../../nios2-elf/lib\libc.a(lib_a-malloc.o)
                0x000124bc                free
                0x000124d0                malloc
 .text          0x000124e4       0x74 c:/develop/altera/12.1sp1/nios2eds/bin/gnu/h-i686-mingw32/bin/../lib/gcc/nios2-elf/4.1.2/../../../../nios2-elf/lib\libc.a(lib_a-memcmp.o)
                0x000124e4                memcmp
 .text          0x00012558      0x134 c:/develop/altera/12.1sp1/nios2eds/bin/gnu/h-i686-mingw32/bin/../lib/gcc/nios2-elf/4.1.2/../../../../nios2-elf/lib\libc.a(lib_a-__atexit.o)
                0x00012558                __register_exitproc
 .text          0x0001268c      0x1b4 c:/develop/altera/12.1sp1/nios2eds/bin/gnu/h-i686-mingw32/bin/../lib/gcc/nios2-elf/4.1.2/../../../../nios2-elf/lib\libc.a(lib_a-__call_atexit.o)
                0x00012690                __call_exitprocs
 .text          0x00012840       0x14 ../Cineraria_nano_std_bsp/\libhal_bsp.a(alt_exit.o)
                0x00012840                _exit
 *(.gnu.warning.*)
 *(.fini)
                0x00012854                PROVIDE (__etext, ABSOLUTE (.))
                0x00012854                PROVIDE (_etext, ABSOLUTE (.))
                0x00012854                PROVIDE (etext, ABSOLUTE (.))
 *(.eh_frame_hdr)
                0x00012854                . = ALIGN (0x4)
                0x00012854                PROVIDE (__preinit_array_start, ABSOLUTE (.))
 *(.preinit_array)
                0x00012854                PROVIDE (__preinit_array_end, ABSOLUTE (.))
                0x00012854                PROVIDE (__init_array_start, ABSOLUTE (.))
 *(.init_array)
                0x00012854                PROVIDE (__init_array_end, ABSOLUTE (.))
                0x00012854                PROVIDE (__fini_array_start, ABSOLUTE (.))
 *(.fini_array)
                0x00012854                PROVIDE (__fini_array_end, ABSOLUTE (.))
 *(.eh_frame)
 *(.gcc_except_table)
 *(.dynamic)
                0x00012854                PROVIDE (__CTOR_LIST__, ABSOLUTE (.))
 *(.ctors)
 *(SORT(.ctors.*))
 .ctors.65535   0x00012854        0x4 c:/develop/altera/12.1sp1/nios2eds/bin/gnu/h-i686-mingw32/bin/../lib/gcc/nios2-elf/4.1.2/../../../../nios2-elf/lib\libc.a(lib_a-__call_atexit.o)
                0x00012858                PROVIDE (__CTOR_END__, ABSOLUTE (.))
                0x00012858                PROVIDE (__DTOR_LIST__, ABSOLUTE (.))
 *(.dtors)
 *(SORT(.dtors.*))
                0x00012858                PROVIDE (__DTOR_END__, ABSOLUTE (.))
 *(.jcr)
                0x00012858                . = ALIGN (0x4)

.rodata         0x00012858    0x31f58
                0x00012858                PROVIDE (__ram_rodata_start, ABSOLUTE (.))
                0x00012858                . = ALIGN (0x4)
 *(.rodata .rodata.* .gnu.linkonce.r.*)
 .rodata.str1.4
                0x00012858       0xde obj/default/file_test.o
                                 0xe0 (size before relaxing)
 *fill*         0x00012936        0x2 00
 .rodata.str1.4
                0x00012938       0x8d obj/default/loadbmp.o
                                 0x90 (size before relaxing)
 *fill*         0x000129c5        0x3 00
 .rodata.str1.4
                0x000129c8       0x13 obj/default/mmcfs/fatfs/ff.o
                                 0x14 (size before relaxing)
 .rodata        0x000129db        0xd obj/default/mmcfs/fatfs/ff.o
 .rodata        0x000129e8     0xeab0 obj/default/mmcfs/fatfs/option/cc932.o
 .rodata.str1.4
                0x00021498        0x7 obj/default/mmcfs/mmcfs.o
                                  0x8 (size before relaxing)
 *fill*         0x0002149f        0x1 00
 .rodata        0x000214a0    0x2216c obj/default/nd_lib/fontx_k12x10.o
                0x000214a0                fontx_k12x10_fnt
 .rodata        0x0004360c      0xa14 obj/default/nd_lib/fontx_k6x10.o
                0x0004360c                fontx_k6x10_fnt
 .rodata        0x00044020      0x400 obj/default/nd_lib/nd_egl.o
                0x00044020                nd_GsEglRomFont
 .rodata.str1.4
                0x00044420       0x5b obj/default/playwav.o
                                 0x60 (size before relaxing)
 *fill*         0x0004447b        0x1 00
 .rodata.str1.4
                0x0004447c        0x2 c:/develop/altera/12.1sp1/nios2eds/bin/gnu/h-i686-mingw32/bin/../lib/gcc/nios2-elf/4.1.2/../../../../nios2-elf/lib\libc.a(lib_a-impure.o)
                                  0x4 (size before relaxing)
 .rodata.str1.4
                0x00000000        0x2 c:/develop/altera/12.1sp1/nios2eds/bin/gnu/h-i686-mingw32/bin/../lib/gcc/nios2-elf/4.1.2/../../../../nios2-elf/lib\libc.a(lib_a-puts.o)
                                  0x4 (size before relaxing)
 *fill*         0x0004447e        0x2 00
 .rodata.str1.4
                0x00044480       0x5e c:/develop/altera/12.1sp1/nios2eds/bin/gnu/h-i686-mingw32/bin/../lib/gcc/nios2-elf/4.1.2/../../../../nios2-elf/lib\libc.a(lib_a-vfprintf.o)
                                 0x60 (size before relaxing)
 .rodata        0x000444de       0x20 c:/develop/altera/12.1sp1/nios2eds/bin/gnu/h-i686-mingw32/bin/../lib/gcc/nios2-elf/4.1.2/../../../../nios2-elf/lib\libc.a(lib_a-vfprintf.o)
 *fill*         0x000444fe        0x2 00
 .rodata.str1.4
                0x00044500       0x10 c:/develop/altera/12.1sp1/nios2eds/bin/gnu/h-i686-mingw32/bin/../lib/gcc/nios2-elf/4.1.2/../../../../nios2-elf/lib\libc.a(lib_a-dtoa.o)
                                 0x14 (size before relaxing)
 .rodata.str1.4
                0x00044510        0xb c:/develop/altera/12.1sp1/nios2eds/bin/gnu/h-i686-mingw32/bin/../lib/gcc/nios2-elf/4.1.2/../../../../nios2-elf/lib\libc.a(lib_a-locale.o)
                                 0x18 (size before relaxing)
 *fill*         0x0004451b        0x1 00
 .rodata        0x0004451c       0x30 c:/develop/altera/12.1sp1/nios2eds/bin/gnu/h-i686-mingw32/bin/../lib/gcc/nios2-elf/4.1.2/../../../../nios2-elf/lib\libc.a(lib_a-locale.o)
 .rodata        0x0004454c      0x124 c:/develop/altera/12.1sp1/nios2eds/bin/gnu/h-i686-mingw32/bin/../lib/gcc/nios2-elf/4.1.2/../../../../nios2-elf/lib\libc.a(lib_a-mprec.o)
                0x0004454c                __mprec_tens
                0x00044614                __mprec_bigtens
                0x0004463c                __mprec_tinytens
 .rodata        0x00044670       0x14 c:/develop/altera/12.1sp1/nios2eds/bin/gnu/h-i686-mingw32/bin/../lib/gcc/nios2-elf/4.1.2\libgcc.a(_thenan_df.o)
                0x00044670                __thenan_df
 .rodata        0x00044684      0x100 c:/develop/altera/12.1sp1/nios2eds/bin/gnu/h-i686-mingw32/bin/../lib/gcc/nios2-elf/4.1.2\libgcc.a(_clz.o)
                0x00044684                __clz_tab
 .rodata.str1.4
                0x00044784        0xa ../Cineraria_nano_std_bsp/\libhal_bsp.a(alt_dev.o)
                                  0xc (size before relaxing)
 *fill*         0x0004478e        0x2 00
 .rodata.str1.4
                0x00044790        0xf ../Cineraria_nano_std_bsp/\libhal_bsp.a(alt_main.o)
                                 0x10 (size before relaxing)
 *fill*         0x0004479f        0x1 00
 .rodata.str1.4
                0x000447a0       0x10 ../Cineraria_nano_std_bsp/\libhal_bsp.a(alt_sys_init.o)
                                 0x20 (size before relaxing)
 *(.rodata1)
                0x000447b0                . = ALIGN (0x4)
                0x000447b0                PROVIDE (__ram_rodata_end, ABSOLUTE (.))
                0x00012858                PROVIDE (__flash_rodata_start, LOADADDR (.rodata))

.rwdata         0x000447b0     0x1b4c
                0x000447b0                PROVIDE (__ram_rwdata_start, ABSOLUTE (.))
                0x000447b0                . = ALIGN (0x4)
 *(.got.plt)
 *(.got)
 *(.data1)
 *(.data .data.* .gnu.linkonce.d.*)
 .data          0x000447b0        0x0 ../Cineraria_nano_std_bsp//obj/HAL/src/crt0.o
 .data          0x000447b0        0x0 obj/default/file_test.o
 .data          0x000447b0        0x0 obj/default/loadbmp.o
 .data          0x000447b0        0x0 obj/default/mmcfs/fatfs/ff.o
 .data          0x000447b0        0x0 obj/default/mmcfs/fatfs/mmcbb.o
 .data          0x000447b0        0x0 obj/default/mmcfs/fatfs/option/cc932.o
 .data          0x000447b0        0x0 obj/default/mmcfs/gettime.o
 .data          0x000447b0        0x0 obj/default/mmcfs/mmc_spi.o
 .data          0x000447b0       0x28 obj/default/mmcfs/mmcfs.o
 .data          0x000447d8        0x0 obj/default/nd_lib/fontx_k12x10.o
 .data          0x000447d8        0x0 obj/default/nd_lib/fontx_k6x10.o
 .data          0x000447d8        0x0 obj/default/nd_lib/nd_egl.o
 .data          0x000447d8        0x0 obj/default/playwav.o
 .data          0x000447d8        0x0 c:/develop/altera/12.1sp1/nios2eds/bin/gnu/h-i686-mingw32/bin/../lib/gcc/nios2-elf/4.1.2/../../../../nios2-elf/lib\libc.a(lib_a-fclose.o)
 .data          0x000447d8        0x0 c:/develop/altera/12.1sp1/nios2eds/bin/gnu/h-i686-mingw32/bin/../lib/gcc/nios2-elf/4.1.2/../../../../nios2-elf/lib\libc.a(lib_a-fflush.o)
 .data          0x000447d8        0x0 c:/develop/altera/12.1sp1/nios2eds/bin/gnu/h-i686-mingw32/bin/../lib/gcc/nios2-elf/4.1.2/../../../../nios2-elf/lib\libc.a(lib_a-findfp.o)
 .data          0x000447d8        0x0 c:/develop/altera/12.1sp1/nios2eds/bin/gnu/h-i686-mingw32/bin/../lib/gcc/nios2-elf/4.1.2/../../../../nios2-elf/lib\libc.a(lib_a-fopen.o)
 .data          0x000447d8        0x0 c:/develop/altera/12.1sp1/nios2eds/bin/gnu/h-i686-mingw32/bin/../lib/gcc/nios2-elf/4.1.2/../../../../nios2-elf/lib\libc.a(lib_a-fread.o)
 .data          0x000447d8        0x0 c:/develop/altera/12.1sp1/nios2eds/bin/gnu/h-i686-mingw32/bin/../lib/gcc/nios2-elf/4.1.2/../../../../nios2-elf/lib\libc.a(lib_a-freer.o)
 .data          0x000447d8        0x0 c:/develop/altera/12.1sp1/nios2eds/bin/gnu/h-i686-mingw32/bin/../lib/gcc/nios2-elf/4.1.2/../../../../nios2-elf/lib\libc.a(lib_a-fseek.o)
 .data          0x000447d8        0x0 c:/develop/altera/12.1sp1/nios2eds/bin/gnu/h-i686-mingw32/bin/../lib/gcc/nios2-elf/4.1.2/../../../../nios2-elf/lib\libc.a(lib_a-fstatr.o)
 .data          0x000447d8        0x0 c:/develop/altera/12.1sp1/nios2eds/bin/gnu/h-i686-mingw32/bin/../lib/gcc/nios2-elf/4.1.2/../../../../nios2-elf/lib\libc.a(lib_a-fwalk.o)
 .data          0x000447d8      0x400 c:/develop/altera/12.1sp1/nios2eds/bin/gnu/h-i686-mingw32/bin/../lib/gcc/nios2-elf/4.1.2/../../../../nios2-elf/lib\libc.a(lib_a-impure.o)
 .data          0x00044bd8        0x0 c:/develop/altera/12.1sp1/nios2eds/bin/gnu/h-i686-mingw32/bin/../lib/gcc/nios2-elf/4.1.2/../../../../nios2-elf/lib\libc.a(lib_a-int_errno.o)
 .data          0x00044bd8        0x0 c:/develop/altera/12.1sp1/nios2eds/bin/gnu/h-i686-mingw32/bin/../lib/gcc/nios2-elf/4.1.2/../../../../nios2-elf/lib\libc.a(lib_a-makebuf.o)
 .data          0x00044bd8      0x408 c:/develop/altera/12.1sp1/nios2eds/bin/gnu/h-i686-mingw32/bin/../lib/gcc/nios2-elf/4.1.2/../../../../nios2-elf/lib\libc.a(lib_a-mallocr.o)
                0x00044bd8                __malloc_av_
 .data          0x00044fe0        0x0 c:/develop/altera/12.1sp1/nios2eds/bin/gnu/h-i686-mingw32/bin/../lib/gcc/nios2-elf/4.1.2/../../../../nios2-elf/lib\libc.a(lib_a-memcpy.o)
 .data          0x00044fe0        0x0 c:/develop/altera/12.1sp1/nios2eds/bin/gnu/h-i686-mingw32/bin/../lib/gcc/nios2-elf/4.1.2/../../../../nios2-elf/lib\libc.a(lib_a-memset.o)
 .data          0x00044fe0        0x0 c:/develop/altera/12.1sp1/nios2eds/bin/gnu/h-i686-mingw32/bin/../lib/gcc/nios2-elf/4.1.2/../../../../nios2-elf/lib\libc.a(lib_a-openr.o)
 .data          0x00044fe0        0x0 c:/develop/altera/12.1sp1/nios2eds/bin/gnu/h-i686-mingw32/bin/../lib/gcc/nios2-elf/4.1.2/../../../../nios2-elf/lib\libc.a(lib_a-printf.o)
 .data          0x00044fe0        0x0 c:/develop/altera/12.1sp1/nios2eds/bin/gnu/h-i686-mingw32/bin/../lib/gcc/nios2-elf/4.1.2/../../../../nios2-elf/lib\libc.a(lib_a-puts.o)
 .data          0x00044fe0        0x0 c:/develop/altera/12.1sp1/nios2eds/bin/gnu/h-i686-mingw32/bin/../lib/gcc/nios2-elf/4.1.2/../../../../nios2-elf/lib\libc.a(lib_a-refill.o)
 .data          0x00044fe0        0x0 c:/develop/altera/12.1sp1/nios2eds/bin/gnu/h-i686-mingw32/bin/../lib/gcc/nios2-elf/4.1.2/../../../../nios2-elf/lib\libc.a(lib_a-sbrkr.o)
 .data          0x00044fe0        0x0 c:/develop/altera/12.1sp1/nios2eds/bin/gnu/h-i686-mingw32/bin/../lib/gcc/nios2-elf/4.1.2/../../../../nios2-elf/lib\libc.a(lib_a-stdio.o)
 .data          0x00044fe0        0x0 c:/develop/altera/12.1sp1/nios2eds/bin/gnu/h-i686-mingw32/bin/../lib/gcc/nios2-elf/4.1.2/../../../../nios2-elf/lib\libc.a(lib_a-strlen.o)
 .data          0x00044fe0        0x0 c:/develop/altera/12.1sp1/nios2eds/bin/gnu/h-i686-mingw32/bin/../lib/gcc/nios2-elf/4.1.2/../../../../nios2-elf/lib\libc.a(lib_a-vfprintf.o)
 .data          0x00044fe0        0x0 c:/develop/altera/12.1sp1/nios2eds/bin/gnu/h-i686-mingw32/bin/../lib/gcc/nios2-elf/4.1.2/../../../../nios2-elf/lib\libc.a(lib_a-writer.o)
 .data          0x00044fe0        0x0 c:/develop/altera/12.1sp1/nios2eds/bin/gnu/h-i686-mingw32/bin/../lib/gcc/nios2-elf/4.1.2/../../../../nios2-elf/lib\libc.a(lib_a-wsetup.o)
 .data          0x00044fe0        0x0 c:/develop/altera/12.1sp1/nios2eds/bin/gnu/h-i686-mingw32/bin/../lib/gcc/nios2-elf/4.1.2/../../../../nios2-elf/lib\libc.a(lib_a-closer.o)
 .data          0x00044fe0        0x0 c:/develop/altera/12.1sp1/nios2eds/bin/gnu/h-i686-mingw32/bin/../lib/gcc/nios2-elf/4.1.2/../../../../nios2-elf/lib\libc.a(lib_a-dtoa.o)
 .data          0x00044fe0        0x0 c:/develop/altera/12.1sp1/nios2eds/bin/gnu/h-i686-mingw32/bin/../lib/gcc/nios2-elf/4.1.2/../../../../nios2-elf/lib\libc.a(lib_a-flags.o)
 .data          0x00044fe0        0x0 c:/develop/altera/12.1sp1/nios2eds/bin/gnu/h-i686-mingw32/bin/../lib/gcc/nios2-elf/4.1.2/../../../../nios2-elf/lib\libc.a(lib_a-fvwrite.o)
 .data          0x00044fe0        0x0 c:/develop/altera/12.1sp1/nios2eds/bin/gnu/h-i686-mingw32/bin/../lib/gcc/nios2-elf/4.1.2/../../../../nios2-elf/lib\libc.a(lib_a-isattyr.o)
 .data          0x00044fe0        0xc c:/develop/altera/12.1sp1/nios2eds/bin/gnu/h-i686-mingw32/bin/../lib/gcc/nios2-elf/4.1.2/../../../../nios2-elf/lib\libc.a(lib_a-locale.o)
                0x00044fe0                __lc_ctype
 .data          0x00044fec        0x0 c:/develop/altera/12.1sp1/nios2eds/bin/gnu/h-i686-mingw32/bin/../lib/gcc/nios2-elf/4.1.2/../../../../nios2-elf/lib\libc.a(lib_a-lseekr.o)
 .data          0x00044fec        0x0 c:/develop/altera/12.1sp1/nios2eds/bin/gnu/h-i686-mingw32/bin/../lib/gcc/nios2-elf/4.1.2/../../../../nios2-elf/lib\libc.a(lib_a-memchr.o)
 .data          0x00044fec        0x0 c:/develop/altera/12.1sp1/nios2eds/bin/gnu/h-i686-mingw32/bin/../lib/gcc/nios2-elf/4.1.2/../../../../nios2-elf/lib\libc.a(lib_a-memmove.o)
 .data          0x00044fec        0x0 c:/develop/altera/12.1sp1/nios2eds/bin/gnu/h-i686-mingw32/bin/../lib/gcc/nios2-elf/4.1.2/../../../../nios2-elf/lib\libc.a(lib_a-mprec.o)
 .data          0x00044fec        0x0 c:/develop/altera/12.1sp1/nios2eds/bin/gnu/h-i686-mingw32/bin/../lib/gcc/nios2-elf/4.1.2/../../../../nios2-elf/lib\libc.a(lib_a-readr.o)
 .data          0x00044fec        0x0 c:/develop/altera/12.1sp1/nios2eds/bin/gnu/h-i686-mingw32/bin/../lib/gcc/nios2-elf/4.1.2/../../../../nios2-elf/lib\libc.a(lib_a-reallocr.o)
 .data          0x00044fec        0x0 c:/develop/altera/12.1sp1/nios2eds/bin/gnu/h-i686-mingw32/bin/../lib/gcc/nios2-elf/4.1.2/../../../../nios2-elf/lib\libc.a(lib_a-s_isinfd.o)
 .data          0x00044fec        0x0 c:/develop/altera/12.1sp1/nios2eds/bin/gnu/h-i686-mingw32/bin/../lib/gcc/nios2-elf/4.1.2/../../../../nios2-elf/lib\libc.a(lib_a-s_isnand.o)
 .data          0x00044fec        0x0 c:/develop/altera/12.1sp1/nios2eds/bin/gnu/h-i686-mingw32/bin/../lib/gcc/nios2-elf/4.1.2/../../../../nios2-elf/lib\libc.a(lib_a-strcmp.o)
 .data          0x00044fec        0x0 c:/develop/altera/12.1sp1/nios2eds/bin/gnu/h-i686-mingw32/bin/../lib/gcc/nios2-elf/4.1.2/../../../../nios2-elf/lib\libc.a(lib_a-callocr.o)
 .data          0x00044fec        0x0 c:/develop/altera/12.1sp1/nios2eds/bin/gnu/h-i686-mingw32/bin/../lib/gcc/nios2-elf/4.1.2\libgcc.a(_udivdi3.o)
 .data          0x00044fec        0x0 c:/develop/altera/12.1sp1/nios2eds/bin/gnu/h-i686-mingw32/bin/../lib/gcc/nios2-elf/4.1.2\libgcc.a(_umoddi3.o)
 .data          0x00044fec        0x0 c:/develop/altera/12.1sp1/nios2eds/bin/gnu/h-i686-mingw32/bin/../lib/gcc/nios2-elf/4.1.2\libgcc.a(_addsub_df.o)
 .data          0x00044fec        0x0 c:/develop/altera/12.1sp1/nios2eds/bin/gnu/h-i686-mingw32/bin/../lib/gcc/nios2-elf/4.1.2\libgcc.a(_mul_df.o)
 .data          0x00044fec        0x0 c:/develop/altera/12.1sp1/nios2eds/bin/gnu/h-i686-mingw32/bin/../lib/gcc/nios2-elf/4.1.2\libgcc.a(_div_df.o)
 .data          0x00044fec        0x0 c:/develop/altera/12.1sp1/nios2eds/bin/gnu/h-i686-mingw32/bin/../lib/gcc/nios2-elf/4.1.2\libgcc.a(_eq_df.o)
 .data          0x00044fec        0x0 c:/develop/altera/12.1sp1/nios2eds/bin/gnu/h-i686-mingw32/bin/../lib/gcc/nios2-elf/4.1.2\libgcc.a(_ne_df.o)
 .data          0x00044fec        0x0 c:/develop/altera/12.1sp1/nios2eds/bin/gnu/h-i686-mingw32/bin/../lib/gcc/nios2-elf/4.1.2\libgcc.a(_gt_df.o)
 .data          0x00044fec        0x0 c:/develop/altera/12.1sp1/nios2eds/bin/gnu/h-i686-mingw32/bin/../lib/gcc/nios2-elf/4.1.2\libgcc.a(_ge_df.o)
 .data          0x00044fec        0x0 c:/develop/altera/12.1sp1/nios2eds/bin/gnu/h-i686-mingw32/bin/../lib/gcc/nios2-elf/4.1.2\libgcc.a(_lt_df.o)
 .data          0x00044fec        0x0 c:/develop/altera/12.1sp1/nios2eds/bin/gnu/h-i686-mingw32/bin/../lib/gcc/nios2-elf/4.1.2\libgcc.a(_si_to_df.o)
 .data          0x00044fec        0x0 c:/develop/altera/12.1sp1/nios2eds/bin/gnu/h-i686-mingw32/bin/../lib/gcc/nios2-elf/4.1.2\libgcc.a(_df_to_si.o)
 .data          0x00044fec        0x0 c:/develop/altera/12.1sp1/nios2eds/bin/gnu/h-i686-mingw32/bin/../lib/gcc/nios2-elf/4.1.2\libgcc.a(_thenan_df.o)
 .data          0x00044fec        0x0 c:/develop/altera/12.1sp1/nios2eds/bin/gnu/h-i686-mingw32/bin/../lib/gcc/nios2-elf/4.1.2\libgcc.a(_usi_to_df.o)
 .data          0x00044fec        0x0 c:/develop/altera/12.1sp1/nios2eds/bin/gnu/h-i686-mingw32/bin/../lib/gcc/nios2-elf/4.1.2\libgcc.a(lib2-divmod.o)
 .data          0x00044fec        0x0 c:/develop/altera/12.1sp1/nios2eds/bin/gnu/h-i686-mingw32/bin/../lib/gcc/nios2-elf/4.1.2\libgcc.a(_muldi3.o)
 .data          0x00044fec        0x0 c:/develop/altera/12.1sp1/nios2eds/bin/gnu/h-i686-mingw32/bin/../lib/gcc/nios2-elf/4.1.2\libgcc.a(_clz.o)
 .data          0x00044fec        0x0 c:/develop/altera/12.1sp1/nios2eds/bin/gnu/h-i686-mingw32/bin/../lib/gcc/nios2-elf/4.1.2\libgcc.a(_clzsi2.o)
 .data          0x00044fec        0x0 c:/develop/altera/12.1sp1/nios2eds/bin/gnu/h-i686-mingw32/bin/../lib/gcc/nios2-elf/4.1.2\libgcc.a(_pack_df.o)
 .data          0x00044fec        0x0 c:/develop/altera/12.1sp1/nios2eds/bin/gnu/h-i686-mingw32/bin/../lib/gcc/nios2-elf/4.1.2\libgcc.a(_unpack_df.o)
 .data          0x00044fec        0x0 c:/develop/altera/12.1sp1/nios2eds/bin/gnu/h-i686-mingw32/bin/../lib/gcc/nios2-elf/4.1.2\libgcc.a(_fpcmp_parts_df.o)
 .data          0x00044fec        0x0 ../Cineraria_nano_std_bsp/\libhal_bsp.a(alt_close.o)
 .data          0x00044fec      0x1a8 ../Cineraria_nano_std_bsp/\libhal_bsp.a(alt_dev.o)
                0x00044fec                alt_dev_null
                0x00045014                alt_fd_list
 .data          0x00045194        0x0 ../Cineraria_nano_std_bsp/\libhal_bsp.a(alt_errno.o)
 .data          0x00045194        0x0 ../Cineraria_nano_std_bsp/\libhal_bsp.a(alt_fs_reg.o)
 .data          0x00045194        0x0 ../Cineraria_nano_std_bsp/\libhal_bsp.a(alt_fstat.o)
 .data          0x00045194        0x0 ../Cineraria_nano_std_bsp/\libhal_bsp.a(alt_isatty.o)
 .data          0x00045194        0x0 ../Cineraria_nano_std_bsp/\libhal_bsp.a(alt_lseek.o)
 .data          0x00045194        0x0 ../Cineraria_nano_std_bsp/\libhal_bsp.a(alt_main.o)
 .data          0x00045194        0x0 ../Cineraria_nano_std_bsp/\libhal_bsp.a(alt_malloc_lock.o)
 .data          0x00045194        0x0 ../Cineraria_nano_std_bsp/\libhal_bsp.a(alt_open.o)
 .data          0x00045194        0x0 ../Cineraria_nano_std_bsp/\libhal_bsp.a(alt_read.o)
 .data          0x00045194        0x0 ../Cineraria_nano_std_bsp/\libhal_bsp.a(alt_release_fd.o)
 .data          0x00045194        0x0 ../Cineraria_nano_std_bsp/\libhal_bsp.a(alt_sbrk.o)
 .data          0x00045194        0x0 ../Cineraria_nano_std_bsp/\libhal_bsp.a(alt_uncached_free.o)
 .data          0x00045194        0x0 ../Cineraria_nano_std_bsp/\libhal_bsp.a(alt_uncached_malloc.o)
 .data          0x00045194        0x0 ../Cineraria_nano_std_bsp/\libhal_bsp.a(alt_usleep.o)
 .data          0x00045194        0x0 ../Cineraria_nano_std_bsp/\libhal_bsp.a(alt_write.o)
 .data          0x00045194     0x1124 ../Cineraria_nano_std_bsp/\libhal_bsp.a(alt_sys_init.o)
 .data          0x000462b8        0x0 ../Cineraria_nano_std_bsp/\libhal_bsp.a(altera_avalon_jtag_uart_fd.o)
 .data          0x000462b8        0x0 ../Cineraria_nano_std_bsp/\libhal_bsp.a(altera_avalon_jtag_uart_init.o)
 .data          0x000462b8        0x0 ../Cineraria_nano_std_bsp/\libhal_bsp.a(altera_avalon_jtag_uart_ioctl.o)
 .data          0x000462b8        0x0 ../Cineraria_nano_std_bsp/\libhal_bsp.a(altera_avalon_jtag_uart_read.o)
 .data          0x000462b8        0x0 ../Cineraria_nano_std_bsp/\libhal_bsp.a(altera_avalon_jtag_uart_write.o)
 .data          0x000462b8        0x0 ../Cineraria_nano_std_bsp/\libhal_bsp.a(altera_avalon_timer_sc.o)
 .data          0x000462b8        0x0 ../Cineraria_nano_std_bsp/\libhal_bsp.a(altera_avalon_uart_fd.o)
 .data          0x000462b8        0x0 ../Cineraria_nano_std_bsp/\libhal_bsp.a(altera_avalon_uart_init.o)
 .data          0x000462b8        0x0 ../Cineraria_nano_std_bsp/\libhal_bsp.a(altera_avalon_uart_read.o)
 .data          0x000462b8        0x0 ../Cineraria_nano_std_bsp/\libhal_bsp.a(altera_avalon_uart_write.o)
 .data          0x000462b8        0x0 ../Cineraria_nano_std_bsp/\libhal_bsp.a(alt_alarm_start.o)
 .data          0x000462b8        0x0 ../Cineraria_nano_std_bsp/\libhal_bsp.a(alt_busy_sleep.o)
 .data          0x000462b8        0x0 ../Cineraria_nano_std_bsp/\libhal_bsp.a(alt_dcache_flush.o)
 .data          0x000462b8        0x0 ../Cineraria_nano_std_bsp/\libhal_bsp.a(alt_dev_llist_insert.o)
 .data          0x000462b8        0x0 ../Cineraria_nano_std_bsp/\libhal_bsp.a(alt_do_ctors.o)
 .data          0x000462b8        0x0 ../Cineraria_nano_std_bsp/\libhal_bsp.a(alt_do_dtors.o)
 .data          0x000462b8        0x0 ../Cineraria_nano_std_bsp/\libhal_bsp.a(alt_find_dev.o)
 .data          0x000462b8        0x0 ../Cineraria_nano_std_bsp/\libhal_bsp.a(alt_find_file.o)
 .data          0x000462b8        0x0 ../Cineraria_nano_std_bsp/\libhal_bsp.a(alt_get_fd.o)
 .data          0x000462b8        0x0 ../Cineraria_nano_std_bsp/\libhal_bsp.a(alt_iic.o)
 .data          0x000462b8        0x0 ../Cineraria_nano_std_bsp/\libhal_bsp.a(alt_iic_isr_register.o)
 .data          0x000462b8        0x0 ../Cineraria_nano_std_bsp/\libhal_bsp.a(alt_io_redirect.o)
 .data          0x000462b8        0x0 ../Cineraria_nano_std_bsp/\libhal_bsp.a(alt_irq_entry.o)
 .data          0x000462b8        0x0 ../Cineraria_nano_std_bsp/\libhal_bsp.a(alt_irq_handler.o)
 .data          0x000462b8        0x0 ../Cineraria_nano_std_bsp/\libhal_bsp.a(alt_irq_vars.o)
 .data          0x000462b8        0x0 ../Cineraria_nano_std_bsp/\libhal_bsp.a(alt_tick.o)
 .data          0x000462b8        0x0 ../Cineraria_nano_std_bsp/\libhal_bsp.a(altera_nios2_irq.o)
 .data          0x000462b8        0x0 ../Cineraria_nano_std_bsp/\libhal_bsp.a(alt_exception_entry.o)
 .data          0x000462b8        0x0 c:/develop/altera/12.1sp1/nios2eds/bin/gnu/h-i686-mingw32/bin/../lib/gcc/nios2-elf/4.1.2/../../../../nios2-elf/lib\libc.a(lib_a-atexit.o)
 .data          0x000462b8        0x0 c:/develop/altera/12.1sp1/nios2eds/bin/gnu/h-i686-mingw32/bin/../lib/gcc/nios2-elf/4.1.2/../../../../nios2-elf/lib\libc.a(lib_a-exit.o)
 .data          0x000462b8        0x0 c:/develop/altera/12.1sp1/nios2eds/bin/gnu/h-i686-mingw32/bin/../lib/gcc/nios2-elf/4.1.2/../../../../nios2-elf/lib\libc.a(lib_a-malloc.o)
 .data          0x000462b8        0x0 c:/develop/altera/12.1sp1/nios2eds/bin/gnu/h-i686-mingw32/bin/../lib/gcc/nios2-elf/4.1.2/../../../../nios2-elf/lib\libc.a(lib_a-memcmp.o)
 .data          0x000462b8        0x0 c:/develop/altera/12.1sp1/nios2eds/bin/gnu/h-i686-mingw32/bin/../lib/gcc/nios2-elf/4.1.2/../../../../nios2-elf/lib\libc.a(lib_a-__atexit.o)
 .data          0x000462b8        0x0 c:/develop/altera/12.1sp1/nios2eds/bin/gnu/h-i686-mingw32/bin/../lib/gcc/nios2-elf/4.1.2/../../../../nios2-elf/lib\libc.a(lib_a-__call_atexit.o)
 .data          0x000462b8        0x0 ../Cineraria_nano_std_bsp/\libhal_bsp.a(alt_exit.o)
                0x0004e2b8                _gp = ABSOLUTE ((. + 0x8000))
                0x0004e2b8                PROVIDE (gp, _gp)
 *(.rwdata .rwdata.*)
 *(.sdata .sdata.* .gnu.linkonce.s.*)
 .sdata         0x000462b8        0x1 obj/default/mmcfs/fatfs/mmcbb.o
 *fill*         0x000462b9        0x3 00
 .sdata         0x000462bc        0x8 c:/develop/altera/12.1sp1/nios2eds/bin/gnu/h-i686-mingw32/bin/../lib/gcc/nios2-elf/4.1.2/../../../../nios2-elf/lib\libc.a(lib_a-impure.o)
                0x000462bc                _impure_ptr
                0x000462c0                _global_impure_ptr
 .sdata         0x000462c4        0x8 c:/develop/altera/12.1sp1/nios2eds/bin/gnu/h-i686-mingw32/bin/../lib/gcc/nios2-elf/4.1.2/../../../../nios2-elf/lib\libc.a(lib_a-mallocr.o)
                0x000462c4                __malloc_trim_threshold
                0x000462c8                __malloc_sbrk_base
 .sdata         0x000462cc        0x8 c:/develop/altera/12.1sp1/nios2eds/bin/gnu/h-i686-mingw32/bin/../lib/gcc/nios2-elf/4.1.2/../../../../nios2-elf/lib\libc.a(lib_a-locale.o)
                0x000462cc                __mb_cur_max
 .sdata         0x000462d4       0x14 ../Cineraria_nano_std_bsp/\libhal_bsp.a(alt_dev.o)
                0x000462d4                alt_fs_list
                0x000462dc                alt_dev_list
                0x000462e4                alt_max_fd
 .sdata         0x000462e8        0x4 ../Cineraria_nano_std_bsp/\libhal_bsp.a(alt_errno.o)
                0x000462e8                alt_errno
 .sdata         0x000462ec        0x4 ../Cineraria_nano_std_bsp/\libhal_bsp.a(alt_sbrk.o)
 .sdata         0x000462f0        0x4 ../Cineraria_nano_std_bsp/\libhal_bsp.a(alt_irq_vars.o)
                0x000462f0                alt_priority_mask
 .sdata         0x000462f4        0x8 ../Cineraria_nano_std_bsp/\libhal_bsp.a(alt_tick.o)
                0x000462f4                alt_alarm_list
 *(.sdata2 .sdata2.* .gnu.linkonce.s2.*)
                0x000462fc                . = ALIGN (0x4)
                0x000462fc                _edata = ABSOLUTE (.)
                0x000462fc                PROVIDE (edata, ABSOLUTE (.))
                0x000462fc                PROVIDE (__ram_rwdata_end, ABSOLUTE (.))
                0x000447b0                PROVIDE (__flash_rwdata_start, LOADADDR (.rwdata))

.bss            0x000462fc     0x29ec
                0x000462fc                __bss_start = ABSOLUTE (.)
                0x000462fc                PROVIDE (__sbss_start, ABSOLUTE (.))
                0x000462fc                PROVIDE (___sbss_start, ABSOLUTE (.))
 *(.dynsbss)
 *(.sbss .sbss.* .gnu.linkonce.sb.*)
 .sbss          0x000462fc        0x8 obj/default/mmcfs/fatfs/ff.o
 .sbss          0x00046304        0x1 obj/default/mmcfs/fatfs/mmcbb.o
 *fill*         0x00046305        0x3 00
 .sbss          0x00046308        0x8 obj/default/mmcfs/mmc_spi.o
 .sbss          0x00046310        0x4 obj/default/mmcfs/mmcfs.o
 .sbss          0x00046314       0x14 obj/default/nd_lib/nd_egl.o
 .sbss          0x00046328        0xc obj/default/nd_lib/nd_egl.o
                0x00046328                nd_GsVgaVsyncCount
                0x0004632c                nd_GsEglDrawBuffer
                0x00046330                nd_GsVgaVsyncFlag
 .sbss          0x00046334       0x18 obj/default/playwav.o
 .sbss          0x0004634c        0x4 c:/develop/altera/12.1sp1/nios2eds/bin/gnu/h-i686-mingw32/bin/../lib/gcc/nios2-elf/4.1.2/../../../../nios2-elf/lib\libc.a(lib_a-int_errno.o)
                0x0004634c                errno
 .sbss          0x00046350        0xc c:/develop/altera/12.1sp1/nios2eds/bin/gnu/h-i686-mingw32/bin/../lib/gcc/nios2-elf/4.1.2/../../../../nios2-elf/lib\libc.a(lib_a-mallocr.o)
                0x00046350                __malloc_top_pad
                0x00046354                __malloc_max_sbrked_mem
                0x00046358                __malloc_max_total_mem
 .sbss          0x0004635c        0xc c:/develop/altera/12.1sp1/nios2eds/bin/gnu/h-i686-mingw32/bin/../lib/gcc/nios2-elf/4.1.2/../../../../nios2-elf/lib\libc.a(lib_a-locale.o)
                0x0004635c                __nlocale_changed
                0x00046360                __mlocale_changed
                0x00046364                _PathLocale
 .sbss          0x00046368        0xc ../Cineraria_nano_std_bsp/\libhal_bsp.a(alt_main.o)
                0x00046368                alt_argc
                0x0004636c                alt_argv
                0x00046370                alt_envp
 .sbss          0x00046374        0x4 ../Cineraria_nano_std_bsp/\libhal_bsp.a(alt_irq_vars.o)
                0x00046374                alt_irq_active
 .sbss          0x00046378        0x8 ../Cineraria_nano_std_bsp/\libhal_bsp.a(alt_tick.o)
                0x00046378                _alt_tick_rate
                0x0004637c                _alt_nticks
 *(.sbss2 .sbss2.* .gnu.linkonce.sb2.*)
 *(.scommon)
                0x00046380                PROVIDE (__sbss_end, ABSOLUTE (.))
                0x00046380                PROVIDE (___sbss_end, ABSOLUTE (.))
 *(.dynbss)
 *(.bss .bss.* .gnu.linkonce.b.*)
 .bss           0x00046380        0x0 ../Cineraria_nano_std_bsp//obj/HAL/src/crt0.o
 .bss           0x00046380        0x0 obj/default/file_test.o
 .bss           0x00046380        0x0 obj/default/loadbmp.o
 .bss           0x00046380      0x200 obj/default/mmcfs/fatfs/ff.o
 .bss           0x00046580        0x0 obj/default/mmcfs/fatfs/mmcbb.o
 .bss           0x00046580        0x0 obj/default/mmcfs/fatfs/option/cc932.o
 .bss           0x00046580        0x0 obj/default/mmcfs/gettime.o
 .bss           0x00046580        0x0 obj/default/mmcfs/mmc_spi.o
 .bss           0x00046580     0x24b0 obj/default/mmcfs/mmcfs.o
 .bss           0x00048a30        0x0 obj/default/nd_lib/fontx_k12x10.o
 .bss           0x00048a30        0x0 obj/default/nd_lib/fontx_k6x10.o
 .bss           0x00048a30        0x0 obj/default/nd_lib/nd_egl.o
 .bss           0x00048a30        0x0 obj/default/playwav.o
 .bss           0x00048a30        0x0 c:/develop/altera/12.1sp1/nios2eds/bin/gnu/h-i686-mingw32/bin/../lib/gcc/nios2-elf/4.1.2/../../../../nios2-elf/lib\libc.a(lib_a-fclose.o)
 .bss           0x00048a30        0x0 c:/develop/altera/12.1sp1/nios2eds/bin/gnu/h-i686-mingw32/bin/../lib/gcc/nios2-elf/4.1.2/../../../../nios2-elf/lib\libc.a(lib_a-fflush.o)
 .bss           0x00048a30        0x0 c:/develop/altera/12.1sp1/nios2eds/bin/gnu/h-i686-mingw32/bin/../lib/gcc/nios2-elf/4.1.2/../../../../nios2-elf/lib\libc.a(lib_a-findfp.o)
 .bss           0x00048a30        0x0 c:/develop/altera/12.1sp1/nios2eds/bin/gnu/h-i686-mingw32/bin/../lib/gcc/nios2-elf/4.1.2/../../../../nios2-elf/lib\libc.a(lib_a-fopen.o)
 .bss           0x00048a30        0x0 c:/develop/altera/12.1sp1/nios2eds/bin/gnu/h-i686-mingw32/bin/../lib/gcc/nios2-elf/4.1.2/../../../../nios2-elf/lib\libc.a(lib_a-fread.o)
 .bss           0x00048a30        0x0 c:/develop/altera/12.1sp1/nios2eds/bin/gnu/h-i686-mingw32/bin/../lib/gcc/nios2-elf/4.1.2/../../../../nios2-elf/lib\libc.a(lib_a-freer.o)
 .bss           0x00048a30        0x0 c:/develop/altera/12.1sp1/nios2eds/bin/gnu/h-i686-mingw32/bin/../lib/gcc/nios2-elf/4.1.2/../../../../nios2-elf/lib\libc.a(lib_a-fseek.o)
 .bss           0x00048a30        0x0 c:/develop/altera/12.1sp1/nios2eds/bin/gnu/h-i686-mingw32/bin/../lib/gcc/nios2-elf/4.1.2/../../../../nios2-elf/lib\libc.a(lib_a-fstatr.o)
 .bss           0x00048a30        0x0 c:/develop/altera/12.1sp1/nios2eds/bin/gnu/h-i686-mingw32/bin/../lib/gcc/nios2-elf/4.1.2/../../../../nios2-elf/lib\libc.a(lib_a-fwalk.o)
 .bss           0x00048a30        0x0 c:/develop/altera/12.1sp1/nios2eds/bin/gnu/h-i686-mingw32/bin/../lib/gcc/nios2-elf/4.1.2/../../../../nios2-elf/lib\libc.a(lib_a-impure.o)
 .bss           0x00048a30        0x0 c:/develop/altera/12.1sp1/nios2eds/bin/gnu/h-i686-mingw32/bin/../lib/gcc/nios2-elf/4.1.2/../../../../nios2-elf/lib\libc.a(lib_a-int_errno.o)
 .bss           0x00048a30        0x0 c:/develop/altera/12.1sp1/nios2eds/bin/gnu/h-i686-mingw32/bin/../lib/gcc/nios2-elf/4.1.2/../../../../nios2-elf/lib\libc.a(lib_a-makebuf.o)
 .bss           0x00048a30       0x28 c:/develop/altera/12.1sp1/nios2eds/bin/gnu/h-i686-mingw32/bin/../lib/gcc/nios2-elf/4.1.2/../../../../nios2-elf/lib\libc.a(lib_a-mallocr.o)
                0x00048a30                __malloc_current_mallinfo
 .bss           0x00048a58        0x0 c:/develop/altera/12.1sp1/nios2eds/bin/gnu/h-i686-mingw32/bin/../lib/gcc/nios2-elf/4.1.2/../../../../nios2-elf/lib\libc.a(lib_a-memcpy.o)
 .bss           0x00048a58        0x0 c:/develop/altera/12.1sp1/nios2eds/bin/gnu/h-i686-mingw32/bin/../lib/gcc/nios2-elf/4.1.2/../../../../nios2-elf/lib\libc.a(lib_a-memset.o)
 .bss           0x00048a58        0x0 c:/develop/altera/12.1sp1/nios2eds/bin/gnu/h-i686-mingw32/bin/../lib/gcc/nios2-elf/4.1.2/../../../../nios2-elf/lib\libc.a(lib_a-openr.o)
 .bss           0x00048a58        0x0 c:/develop/altera/12.1sp1/nios2eds/bin/gnu/h-i686-mingw32/bin/../lib/gcc/nios2-elf/4.1.2/../../../../nios2-elf/lib\libc.a(lib_a-printf.o)
 .bss           0x00048a58        0x0 c:/develop/altera/12.1sp1/nios2eds/bin/gnu/h-i686-mingw32/bin/../lib/gcc/nios2-elf/4.1.2/../../../../nios2-elf/lib\libc.a(lib_a-puts.o)
 .bss           0x00048a58        0x0 c:/develop/altera/12.1sp1/nios2eds/bin/gnu/h-i686-mingw32/bin/../lib/gcc/nios2-elf/4.1.2/../../../../nios2-elf/lib\libc.a(lib_a-refill.o)
 .bss           0x00048a58        0x0 c:/develop/altera/12.1sp1/nios2eds/bin/gnu/h-i686-mingw32/bin/../lib/gcc/nios2-elf/4.1.2/../../../../nios2-elf/lib\libc.a(lib_a-sbrkr.o)
 .bss           0x00048a58        0x0 c:/develop/altera/12.1sp1/nios2eds/bin/gnu/h-i686-mingw32/bin/../lib/gcc/nios2-elf/4.1.2/../../../../nios2-elf/lib\libc.a(lib_a-stdio.o)
 .bss           0x00048a58        0x0 c:/develop/altera/12.1sp1/nios2eds/bin/gnu/h-i686-mingw32/bin/../lib/gcc/nios2-elf/4.1.2/../../../../nios2-elf/lib\libc.a(lib_a-strlen.o)
 .bss           0x00048a58        0x0 c:/develop/altera/12.1sp1/nios2eds/bin/gnu/h-i686-mingw32/bin/../lib/gcc/nios2-elf/4.1.2/../../../../nios2-elf/lib\libc.a(lib_a-vfprintf.o)
 .bss           0x00048a58        0x0 c:/develop/altera/12.1sp1/nios2eds/bin/gnu/h-i686-mingw32/bin/../lib/gcc/nios2-elf/4.1.2/../../../../nios2-elf/lib\libc.a(lib_a-writer.o)
 .bss           0x00048a58        0x0 c:/develop/altera/12.1sp1/nios2eds/bin/gnu/h-i686-mingw32/bin/../lib/gcc/nios2-elf/4.1.2/../../../../nios2-elf/lib\libc.a(lib_a-wsetup.o)
 .bss           0x00048a58        0x0 c:/develop/altera/12.1sp1/nios2eds/bin/gnu/h-i686-mingw32/bin/../lib/gcc/nios2-elf/4.1.2/../../../../nios2-elf/lib\libc.a(lib_a-closer.o)
 .bss           0x00048a58        0x0 c:/develop/altera/12.1sp1/nios2eds/bin/gnu/h-i686-mingw32/bin/../lib/gcc/nios2-elf/4.1.2/../../../../nios2-elf/lib\libc.a(lib_a-dtoa.o)
 .bss           0x00048a58        0x0 c:/develop/altera/12.1sp1/nios2eds/bin/gnu/h-i686-mingw32/bin/../lib/gcc/nios2-elf/4.1.2/../../../../nios2-elf/lib\libc.a(lib_a-flags.o)
 .bss           0x00048a58        0x0 c:/develop/altera/12.1sp1/nios2eds/bin/gnu/h-i686-mingw32/bin/../lib/gcc/nios2-elf/4.1.2/../../../../nios2-elf/lib\libc.a(lib_a-fvwrite.o)
 .bss           0x00048a58        0x0 c:/develop/altera/12.1sp1/nios2eds/bin/gnu/h-i686-mingw32/bin/../lib/gcc/nios2-elf/4.1.2/../../../../nios2-elf/lib\libc.a(lib_a-isattyr.o)
 .bss           0x00048a58        0x0 c:/develop/altera/12.1sp1/nios2eds/bin/gnu/h-i686-mingw32/bin/../lib/gcc/nios2-elf/4.1.2/../../../../nios2-elf/lib\libc.a(lib_a-locale.o)
 .bss           0x00048a58        0x0 c:/develop/altera/12.1sp1/nios2eds/bin/gnu/h-i686-mingw32/bin/../lib/gcc/nios2-elf/4.1.2/../../../../nios2-elf/lib\libc.a(lib_a-lseekr.o)
 .bss           0x00048a58        0x0 c:/develop/altera/12.1sp1/nios2eds/bin/gnu/h-i686-mingw32/bin/../lib/gcc/nios2-elf/4.1.2/../../../../nios2-elf/lib\libc.a(lib_a-memchr.o)
 .bss           0x00048a58        0x0 c:/develop/altera/12.1sp1/nios2eds/bin/gnu/h-i686-mingw32/bin/../lib/gcc/nios2-elf/4.1.2/../../../../nios2-elf/lib\libc.a(lib_a-memmove.o)
 .bss           0x00048a58        0x0 c:/develop/altera/12.1sp1/nios2eds/bin/gnu/h-i686-mingw32/bin/../lib/gcc/nios2-elf/4.1.2/../../../../nios2-elf/lib\libc.a(lib_a-mprec.o)
 .bss           0x00048a58        0x0 c:/develop/altera/12.1sp1/nios2eds/bin/gnu/h-i686-mingw32/bin/../lib/gcc/nios2-elf/4.1.2/../../../../nios2-elf/lib\libc.a(lib_a-readr.o)
 .bss           0x00048a58        0x0 c:/develop/altera/12.1sp1/nios2eds/bin/gnu/h-i686-mingw32/bin/../lib/gcc/nios2-elf/4.1.2/../../../../nios2-elf/lib\libc.a(lib_a-reallocr.o)
 .bss           0x00048a58        0x0 c:/develop/altera/12.1sp1/nios2eds/bin/gnu/h-i686-mingw32/bin/../lib/gcc/nios2-elf/4.1.2/../../../../nios2-elf/lib\libc.a(lib_a-s_isinfd.o)
 .bss           0x00048a58        0x0 c:/develop/altera/12.1sp1/nios2eds/bin/gnu/h-i686-mingw32/bin/../lib/gcc/nios2-elf/4.1.2/../../../../nios2-elf/lib\libc.a(lib_a-s_isnand.o)
 .bss           0x00048a58        0x0 c:/develop/altera/12.1sp1/nios2eds/bin/gnu/h-i686-mingw32/bin/../lib/gcc/nios2-elf/4.1.2/../../../../nios2-elf/lib\libc.a(lib_a-strcmp.o)
 .bss           0x00048a58        0x0 c:/develop/altera/12.1sp1/nios2eds/bin/gnu/h-i686-mingw32/bin/../lib/gcc/nios2-elf/4.1.2/../../../../nios2-elf/lib\libc.a(lib_a-callocr.o)
 .bss           0x00048a58        0x0 c:/develop/altera/12.1sp1/nios2eds/bin/gnu/h-i686-mingw32/bin/../lib/gcc/nios2-elf/4.1.2\libgcc.a(_udivdi3.o)
 .bss           0x00048a58        0x0 c:/develop/altera/12.1sp1/nios2eds/bin/gnu/h-i686-mingw32/bin/../lib/gcc/nios2-elf/4.1.2\libgcc.a(_umoddi3.o)
 .bss           0x00048a58        0x0 c:/develop/altera/12.1sp1/nios2eds/bin/gnu/h-i686-mingw32/bin/../lib/gcc/nios2-elf/4.1.2\libgcc.a(_addsub_df.o)
 .bss           0x00048a58        0x0 c:/develop/altera/12.1sp1/nios2eds/bin/gnu/h-i686-mingw32/bin/../lib/gcc/nios2-elf/4.1.2\libgcc.a(_mul_df.o)
 .bss           0x00048a58        0x0 c:/develop/altera/12.1sp1/nios2eds/bin/gnu/h-i686-mingw32/bin/../lib/gcc/nios2-elf/4.1.2\libgcc.a(_div_df.o)
 .bss           0x00048a58        0x0 c:/develop/altera/12.1sp1/nios2eds/bin/gnu/h-i686-mingw32/bin/../lib/gcc/nios2-elf/4.1.2\libgcc.a(_eq_df.o)
 .bss           0x00048a58        0x0 c:/develop/altera/12.1sp1/nios2eds/bin/gnu/h-i686-mingw32/bin/../lib/gcc/nios2-elf/4.1.2\libgcc.a(_ne_df.o)
 .bss           0x00048a58        0x0 c:/develop/altera/12.1sp1/nios2eds/bin/gnu/h-i686-mingw32/bin/../lib/gcc/nios2-elf/4.1.2\libgcc.a(_gt_df.o)
 .bss           0x00048a58        0x0 c:/develop/altera/12.1sp1/nios2eds/bin/gnu/h-i686-mingw32/bin/../lib/gcc/nios2-elf/4.1.2\libgcc.a(_ge_df.o)
 .bss           0x00048a58        0x0 c:/develop/altera/12.1sp1/nios2eds/bin/gnu/h-i686-mingw32/bin/../lib/gcc/nios2-elf/4.1.2\libgcc.a(_lt_df.o)
 .bss           0x00048a58        0x0 c:/develop/altera/12.1sp1/nios2eds/bin/gnu/h-i686-mingw32/bin/../lib/gcc/nios2-elf/4.1.2\libgcc.a(_si_to_df.o)
 .bss           0x00048a58        0x0 c:/develop/altera/12.1sp1/nios2eds/bin/gnu/h-i686-mingw32/bin/../lib/gcc/nios2-elf/4.1.2\libgcc.a(_df_to_si.o)
 .bss           0x00048a58        0x0 c:/develop/altera/12.1sp1/nios2eds/bin/gnu/h-i686-mingw32/bin/../lib/gcc/nios2-elf/4.1.2\libgcc.a(_thenan_df.o)
 .bss           0x00048a58        0x0 c:/develop/altera/12.1sp1/nios2eds/bin/gnu/h-i686-mingw32/bin/../lib/gcc/nios2-elf/4.1.2\libgcc.a(_usi_to_df.o)
 .bss           0x00048a58        0x0 c:/develop/altera/12.1sp1/nios2eds/bin/gnu/h-i686-mingw32/bin/../lib/gcc/nios2-elf/4.1.2\libgcc.a(lib2-divmod.o)
 .bss           0x00048a58        0x0 c:/develop/altera/12.1sp1/nios2eds/bin/gnu/h-i686-mingw32/bin/../lib/gcc/nios2-elf/4.1.2\libgcc.a(_muldi3.o)
 .bss           0x00048a58        0x0 c:/develop/altera/12.1sp1/nios2eds/bin/gnu/h-i686-mingw32/bin/../lib/gcc/nios2-elf/4.1.2\libgcc.a(_clz.o)
 .bss           0x00048a58        0x0 c:/develop/altera/12.1sp1/nios2eds/bin/gnu/h-i686-mingw32/bin/../lib/gcc/nios2-elf/4.1.2\libgcc.a(_clzsi2.o)
 .bss           0x00048a58        0x0 c:/develop/altera/12.1sp1/nios2eds/bin/gnu/h-i686-mingw32/bin/../lib/gcc/nios2-elf/4.1.2\libgcc.a(_pack_df.o)
 .bss           0x00048a58        0x0 c:/develop/altera/12.1sp1/nios2eds/bin/gnu/h-i686-mingw32/bin/../lib/gcc/nios2-elf/4.1.2\libgcc.a(_unpack_df.o)
 .bss           0x00048a58        0x0 c:/develop/altera/12.1sp1/nios2eds/bin/gnu/h-i686-mingw32/bin/../lib/gcc/nios2-elf/4.1.2\libgcc.a(_fpcmp_parts_df.o)
 .bss           0x00048a58        0x0 ../Cineraria_nano_std_bsp/\libhal_bsp.a(alt_close.o)
 .bss           0x00048a58        0x0 ../Cineraria_nano_std_bsp/\libhal_bsp.a(alt_dev.o)
 .bss           0x00048a58        0x0 ../Cineraria_nano_std_bsp/\libhal_bsp.a(alt_errno.o)
 .bss           0x00048a58        0x0 ../Cineraria_nano_std_bsp/\libhal_bsp.a(alt_fs_reg.o)
 .bss           0x00048a58        0x0 ../Cineraria_nano_std_bsp/\libhal_bsp.a(alt_fstat.o)
 .bss           0x00048a58        0x0 ../Cineraria_nano_std_bsp/\libhal_bsp.a(alt_isatty.o)
 .bss           0x00048a58        0x0 ../Cineraria_nano_std_bsp/\libhal_bsp.a(alt_lseek.o)
 .bss           0x00048a58        0x0 ../Cineraria_nano_std_bsp/\libhal_bsp.a(alt_main.o)
 .bss           0x00048a58        0x0 ../Cineraria_nano_std_bsp/\libhal_bsp.a(alt_malloc_lock.o)
 .bss           0x00048a58        0x0 ../Cineraria_nano_std_bsp/\libhal_bsp.a(alt_open.o)
 .bss           0x00048a58        0x0 ../Cineraria_nano_std_bsp/\libhal_bsp.a(alt_read.o)
 .bss           0x00048a58        0x0 ../Cineraria_nano_std_bsp/\libhal_bsp.a(alt_release_fd.o)
 .bss           0x00048a58        0x0 ../Cineraria_nano_std_bsp/\libhal_bsp.a(alt_sbrk.o)
 .bss           0x00048a58        0x0 ../Cineraria_nano_std_bsp/\libhal_bsp.a(alt_uncached_free.o)
 .bss           0x00048a58        0x0 ../Cineraria_nano_std_bsp/\libhal_bsp.a(alt_uncached_malloc.o)
 .bss           0x00048a58        0x0 ../Cineraria_nano_std_bsp/\libhal_bsp.a(alt_usleep.o)
 .bss           0x00048a58        0x0 ../Cineraria_nano_std_bsp/\libhal_bsp.a(alt_write.o)
 .bss           0x00048a58        0x0 ../Cineraria_nano_std_bsp/\libhal_bsp.a(alt_sys_init.o)
 .bss           0x00048a58        0x0 ../Cineraria_nano_std_bsp/\libhal_bsp.a(altera_avalon_jtag_uart_fd.o)
 .bss           0x00048a58        0x0 ../Cineraria_nano_std_bsp/\libhal_bsp.a(altera_avalon_jtag_uart_init.o)
 .bss           0x00048a58        0x0 ../Cineraria_nano_std_bsp/\libhal_bsp.a(altera_avalon_jtag_uart_ioctl.o)
 .bss           0x00048a58        0x0 ../Cineraria_nano_std_bsp/\libhal_bsp.a(altera_avalon_jtag_uart_read.o)
 .bss           0x00048a58        0x0 ../Cineraria_nano_std_bsp/\libhal_bsp.a(altera_avalon_jtag_uart_write.o)
 .bss           0x00048a58        0x0 ../Cineraria_nano_std_bsp/\libhal_bsp.a(altera_avalon_timer_sc.o)
 .bss           0x00048a58        0x0 ../Cineraria_nano_std_bsp/\libhal_bsp.a(altera_avalon_uart_fd.o)
 .bss           0x00048a58        0x0 ../Cineraria_nano_std_bsp/\libhal_bsp.a(altera_avalon_uart_init.o)
 .bss           0x00048a58        0x0 ../Cineraria_nano_std_bsp/\libhal_bsp.a(altera_avalon_uart_read.o)
 .bss           0x00048a58        0x0 ../Cineraria_nano_std_bsp/\libhal_bsp.a(altera_avalon_uart_write.o)
 .bss           0x00048a58        0x0 ../Cineraria_nano_std_bsp/\libhal_bsp.a(alt_alarm_start.o)
 .bss           0x00048a58        0x0 ../Cineraria_nano_std_bsp/\libhal_bsp.a(alt_busy_sleep.o)
 .bss           0x00048a58        0x0 ../Cineraria_nano_std_bsp/\libhal_bsp.a(alt_dcache_flush.o)
 .bss           0x00048a58        0x0 ../Cineraria_nano_std_bsp/\libhal_bsp.a(alt_dev_llist_insert.o)
 .bss           0x00048a58        0x0 ../Cineraria_nano_std_bsp/\libhal_bsp.a(alt_do_ctors.o)
 .bss           0x00048a58        0x0 ../Cineraria_nano_std_bsp/\libhal_bsp.a(alt_do_dtors.o)
 .bss           0x00048a58        0x0 ../Cineraria_nano_std_bsp/\libhal_bsp.a(alt_find_dev.o)
 .bss           0x00048a58        0x0 ../Cineraria_nano_std_bsp/\libhal_bsp.a(alt_find_file.o)
 .bss           0x00048a58        0x0 ../Cineraria_nano_std_bsp/\libhal_bsp.a(alt_get_fd.o)
 .bss           0x00048a58        0x0 ../Cineraria_nano_std_bsp/\libhal_bsp.a(alt_iic.o)
 .bss           0x00048a58        0x0 ../Cineraria_nano_std_bsp/\libhal_bsp.a(alt_iic_isr_register.o)
 .bss           0x00048a58        0x0 ../Cineraria_nano_std_bsp/\libhal_bsp.a(alt_io_redirect.o)
 .bss           0x00048a58        0x0 ../Cineraria_nano_std_bsp/\libhal_bsp.a(alt_irq_entry.o)
 .bss           0x00048a58        0x0 ../Cineraria_nano_std_bsp/\libhal_bsp.a(alt_irq_handler.o)
 .bss           0x00048a58        0x0 ../Cineraria_nano_std_bsp/\libhal_bsp.a(alt_irq_vars.o)
 .bss           0x00048a58        0x0 ../Cineraria_nano_std_bsp/\libhal_bsp.a(alt_tick.o)
 .bss           0x00048a58        0x0 ../Cineraria_nano_std_bsp/\libhal_bsp.a(altera_nios2_irq.o)
 .bss           0x00048a58        0x0 ../Cineraria_nano_std_bsp/\libhal_bsp.a(alt_exception_entry.o)
 .bss           0x00048a58        0x0 c:/develop/altera/12.1sp1/nios2eds/bin/gnu/h-i686-mingw32/bin/../lib/gcc/nios2-elf/4.1.2/../../../../nios2-elf/lib\libc.a(lib_a-atexit.o)
 .bss           0x00048a58        0x0 c:/develop/altera/12.1sp1/nios2eds/bin/gnu/h-i686-mingw32/bin/../lib/gcc/nios2-elf/4.1.2/../../../../nios2-elf/lib\libc.a(lib_a-exit.o)
 .bss           0x00048a58        0x0 c:/develop/altera/12.1sp1/nios2eds/bin/gnu/h-i686-mingw32/bin/../lib/gcc/nios2-elf/4.1.2/../../../../nios2-elf/lib\libc.a(lib_a-malloc.o)
 .bss           0x00048a58        0x0 c:/develop/altera/12.1sp1/nios2eds/bin/gnu/h-i686-mingw32/bin/../lib/gcc/nios2-elf/4.1.2/../../../../nios2-elf/lib\libc.a(lib_a-memcmp.o)
 .bss           0x00048a58        0x0 c:/develop/altera/12.1sp1/nios2eds/bin/gnu/h-i686-mingw32/bin/../lib/gcc/nios2-elf/4.1.2/../../../../nios2-elf/lib\libc.a(lib_a-__atexit.o)
 .bss           0x00048a58        0x0 c:/develop/altera/12.1sp1/nios2eds/bin/gnu/h-i686-mingw32/bin/../lib/gcc/nios2-elf/4.1.2/../../../../nios2-elf/lib\libc.a(lib_a-__call_atexit.o)
 .bss           0x00048a58        0x0 ../Cineraria_nano_std_bsp/\libhal_bsp.a(alt_exit.o)
 *(COMMON)
 COMMON         0x00048a58      0x100 ../Cineraria_nano_std_bsp/\libhal_bsp.a(alt_irq_handler.o)
                0x00048a58                alt_irq
 COMMON         0x00048b58      0x190 c:/develop/altera/12.1sp1/nios2eds/bin/gnu/h-i686-mingw32/bin/../lib/gcc/nios2-elf/4.1.2/../../../../nios2-elf/lib\libc.a(lib_a-atexit.o)
                0x00048b58                _atexit0
                0x00048ce8                . = ALIGN (0x4)
                0x00048ce8                __bss_end = ABSOLUTE (.)

.sdram          0x00048ce8        0x0
                0x00048ce8                PROVIDE (_alt_partition_sdram_start, ABSOLUTE (.))
 *(.sdram. sdram.*)
                0x00048ce8                . = ALIGN (0x4)
                0x00048ce8                PROVIDE (_alt_partition_sdram_end, ABSOLUTE (.))
                0x00048ce8                _end = ABSOLUTE (.)
                0x00048ce8                end = ABSOLUTE (.)
                0x00048ce8                __alt_stack_base = ABSOLUTE (.)
                0x00048ce8                PROVIDE (_alt_partition_sdram_load_addr, LOADADDR (.sdram))

.ipl_memory     0x0f000020        0x0
                0x0f000020                PROVIDE (_alt_partition_ipl_memory_start, ABSOLUTE (.))
 *(.ipl_memory. ipl_memory.*)
                0x0f000020                . = ALIGN (0x4)
                0x0f000020                PROVIDE (_alt_partition_ipl_memory_end, ABSOLUTE (.))
                0x0f000020                PROVIDE (_alt_partition_ipl_memory_load_addr, LOADADDR (.ipl_memory))

.stab
 *(.stab)

.stabstr
 *(.stabstr)

.stab.excl
 *(.stab.excl)

.stab.exclstr
 *(.stab.exclstr)

.stab.index
 *(.stab.index)

.stab.indexstr
 *(.stab.indexstr)

.comment        0x00000000       0x26
 *(.comment)
 .comment       0x00000000       0x26 obj/default/file_test.o
                                 0x27 (size before relaxing)
 .comment       0x00000000       0x27 obj/default/loadbmp.o
 .comment       0x00000000       0x27 obj/default/mmcfs/fatfs/ff.o
 .comment       0x00000000       0x27 obj/default/mmcfs/fatfs/mmcbb.o
 .comment       0x00000000       0x27 obj/default/mmcfs/fatfs/option/cc932.o
 .comment       0x00000000       0x27 obj/default/mmcfs/gettime.o
 .comment       0x00000000       0x27 obj/default/mmcfs/mmc_spi.o
 .comment       0x00000000       0x27 obj/default/mmcfs/mmcfs.o
 .comment       0x00000000       0x27 obj/default/nd_lib/fontx_k12x10.o
 .comment       0x00000000       0x27 obj/default/nd_lib/fontx_k6x10.o
 .comment       0x00000000       0x27 obj/default/nd_lib/nd_egl.o
 .comment       0x00000000       0x27 obj/default/playwav.o
 .comment       0x00000000       0x27 c:/develop/altera/12.1sp1/nios2eds/bin/gnu/h-i686-mingw32/bin/../lib/gcc/nios2-elf/4.1.2/../../../../nios2-elf/lib\libc.a(lib_a-fclose.o)
 .comment       0x00000000       0x27 c:/develop/altera/12.1sp1/nios2eds/bin/gnu/h-i686-mingw32/bin/../lib/gcc/nios2-elf/4.1.2/../../../../nios2-elf/lib\libc.a(lib_a-fflush.o)
 .comment       0x00000000       0x27 c:/develop/altera/12.1sp1/nios2eds/bin/gnu/h-i686-mingw32/bin/../lib/gcc/nios2-elf/4.1.2/../../../../nios2-elf/lib\libc.a(lib_a-findfp.o)
 .comment       0x00000000       0x27 c:/develop/altera/12.1sp1/nios2eds/bin/gnu/h-i686-mingw32/bin/../lib/gcc/nios2-elf/4.1.2/../../../../nios2-elf/lib\libc.a(lib_a-fopen.o)
 .comment       0x00000000       0x27 c:/develop/altera/12.1sp1/nios2eds/bin/gnu/h-i686-mingw32/bin/../lib/gcc/nios2-elf/4.1.2/../../../../nios2-elf/lib\libc.a(lib_a-fread.o)
 .comment       0x00000000       0x27 c:/develop/altera/12.1sp1/nios2eds/bin/gnu/h-i686-mingw32/bin/../lib/gcc/nios2-elf/4.1.2/../../../../nios2-elf/lib\libc.a(lib_a-freer.o)
 .comment       0x00000000       0x27 c:/develop/altera/12.1sp1/nios2eds/bin/gnu/h-i686-mingw32/bin/../lib/gcc/nios2-elf/4.1.2/../../../../nios2-elf/lib\libc.a(lib_a-fseek.o)
 .comment       0x00000000       0x27 c:/develop/altera/12.1sp1/nios2eds/bin/gnu/h-i686-mingw32/bin/../lib/gcc/nios2-elf/4.1.2/../../../../nios2-elf/lib\libc.a(lib_a-fstatr.o)
 .comment       0x00000000       0x27 c:/develop/altera/12.1sp1/nios2eds/bin/gnu/h-i686-mingw32/bin/../lib/gcc/nios2-elf/4.1.2/../../../../nios2-elf/lib\libc.a(lib_a-fwalk.o)
 .comment       0x00000000       0x27 c:/develop/altera/12.1sp1/nios2eds/bin/gnu/h-i686-mingw32/bin/../lib/gcc/nios2-elf/4.1.2/../../../../nios2-elf/lib\libc.a(lib_a-impure.o)
 .comment       0x00000000       0x27 c:/develop/altera/12.1sp1/nios2eds/bin/gnu/h-i686-mingw32/bin/../lib/gcc/nios2-elf/4.1.2/../../../../nios2-elf/lib\libc.a(lib_a-int_errno.o)
 .comment       0x00000000       0x27 c:/develop/altera/12.1sp1/nios2eds/bin/gnu/h-i686-mingw32/bin/../lib/gcc/nios2-elf/4.1.2/../../../../nios2-elf/lib\libc.a(lib_a-makebuf.o)
 .comment       0x00000000       0x27 c:/develop/altera/12.1sp1/nios2eds/bin/gnu/h-i686-mingw32/bin/../lib/gcc/nios2-elf/4.1.2/../../../../nios2-elf/lib\libc.a(lib_a-mallocr.o)
 .comment       0x00000000       0x27 c:/develop/altera/12.1sp1/nios2eds/bin/gnu/h-i686-mingw32/bin/../lib/gcc/nios2-elf/4.1.2/../../../../nios2-elf/lib\libc.a(lib_a-memcpy.o)
 .comment       0x00000000       0x27 c:/develop/altera/12.1sp1/nios2eds/bin/gnu/h-i686-mingw32/bin/../lib/gcc/nios2-elf/4.1.2/../../../../nios2-elf/lib\libc.a(lib_a-memset.o)
 .comment       0x00000000       0x27 c:/develop/altera/12.1sp1/nios2eds/bin/gnu/h-i686-mingw32/bin/../lib/gcc/nios2-elf/4.1.2/../../../../nios2-elf/lib\libc.a(lib_a-openr.o)
 .comment       0x00000000       0x27 c:/develop/altera/12.1sp1/nios2eds/bin/gnu/h-i686-mingw32/bin/../lib/gcc/nios2-elf/4.1.2/../../../../nios2-elf/lib\libc.a(lib_a-printf.o)
 .comment       0x00000000       0x27 c:/develop/altera/12.1sp1/nios2eds/bin/gnu/h-i686-mingw32/bin/../lib/gcc/nios2-elf/4.1.2/../../../../nios2-elf/lib\libc.a(lib_a-puts.o)
 .comment       0x00000000       0x27 c:/develop/altera/12.1sp1/nios2eds/bin/gnu/h-i686-mingw32/bin/../lib/gcc/nios2-elf/4.1.2/../../../../nios2-elf/lib\libc.a(lib_a-refill.o)
 .comment       0x00000000       0x27 c:/develop/altera/12.1sp1/nios2eds/bin/gnu/h-i686-mingw32/bin/../lib/gcc/nios2-elf/4.1.2/../../../../nios2-elf/lib\libc.a(lib_a-sbrkr.o)
 .comment       0x00000000       0x27 c:/develop/altera/12.1sp1/nios2eds/bin/gnu/h-i686-mingw32/bin/../lib/gcc/nios2-elf/4.1.2/../../../../nios2-elf/lib\libc.a(lib_a-stdio.o)
 .comment       0x00000000       0x27 c:/develop/altera/12.1sp1/nios2eds/bin/gnu/h-i686-mingw32/bin/../lib/gcc/nios2-elf/4.1.2/../../../../nios2-elf/lib\libc.a(lib_a-strlen.o)
 .comment       0x00000000       0x27 c:/develop/altera/12.1sp1/nios2eds/bin/gnu/h-i686-mingw32/bin/../lib/gcc/nios2-elf/4.1.2/../../../../nios2-elf/lib\libc.a(lib_a-vfprintf.o)
 .comment       0x00000000       0x27 c:/develop/altera/12.1sp1/nios2eds/bin/gnu/h-i686-mingw32/bin/../lib/gcc/nios2-elf/4.1.2/../../../../nios2-elf/lib\libc.a(lib_a-writer.o)
 .comment       0x00000000       0x27 c:/develop/altera/12.1sp1/nios2eds/bin/gnu/h-i686-mingw32/bin/../lib/gcc/nios2-elf/4.1.2/../../../../nios2-elf/lib\libc.a(lib_a-wsetup.o)
 .comment       0x00000000       0x27 c:/develop/altera/12.1sp1/nios2eds/bin/gnu/h-i686-mingw32/bin/../lib/gcc/nios2-elf/4.1.2/../../../../nios2-elf/lib\libc.a(lib_a-closer.o)
 .comment       0x00000000       0x27 c:/develop/altera/12.1sp1/nios2eds/bin/gnu/h-i686-mingw32/bin/../lib/gcc/nios2-elf/4.1.2/../../../../nios2-elf/lib\libc.a(lib_a-dtoa.o)
 .comment       0x00000000       0x27 c:/develop/altera/12.1sp1/nios2eds/bin/gnu/h-i686-mingw32/bin/../lib/gcc/nios2-elf/4.1.2/../../../../nios2-elf/lib\libc.a(lib_a-flags.o)
 .comment       0x00000000       0x27 c:/develop/altera/12.1sp1/nios2eds/bin/gnu/h-i686-mingw32/bin/../lib/gcc/nios2-elf/4.1.2/../../../../nios2-elf/lib\libc.a(lib_a-fvwrite.o)
 .comment       0x00000000       0x27 c:/develop/altera/12.1sp1/nios2eds/bin/gnu/h-i686-mingw32/bin/../lib/gcc/nios2-elf/4.1.2/../../../../nios2-elf/lib\libc.a(lib_a-isattyr.o)
 .comment       0x00000000       0x27 c:/develop/altera/12.1sp1/nios2eds/bin/gnu/h-i686-mingw32/bin/../lib/gcc/nios2-elf/4.1.2/../../../../nios2-elf/lib\libc.a(lib_a-locale.o)
 .comment       0x00000000       0x27 c:/develop/altera/12.1sp1/nios2eds/bin/gnu/h-i686-mingw32/bin/../lib/gcc/nios2-elf/4.1.2/../../../../nios2-elf/lib\libc.a(lib_a-lseekr.o)
 .comment       0x00000000       0x27 c:/develop/altera/12.1sp1/nios2eds/bin/gnu/h-i686-mingw32/bin/../lib/gcc/nios2-elf/4.1.2/../../../../nios2-elf/lib\libc.a(lib_a-memchr.o)
 .comment       0x00000000       0x27 c:/develop/altera/12.1sp1/nios2eds/bin/gnu/h-i686-mingw32/bin/../lib/gcc/nios2-elf/4.1.2/../../../../nios2-elf/lib\libc.a(lib_a-memmove.o)
 .comment       0x00000000       0x27 c:/develop/altera/12.1sp1/nios2eds/bin/gnu/h-i686-mingw32/bin/../lib/gcc/nios2-elf/4.1.2/../../../../nios2-elf/lib\libc.a(lib_a-mprec.o)
 .comment       0x00000000       0x27 c:/develop/altera/12.1sp1/nios2eds/bin/gnu/h-i686-mingw32/bin/../lib/gcc/nios2-elf/4.1.2/../../../../nios2-elf/lib\libc.a(lib_a-readr.o)
 .comment       0x00000000       0x27 c:/develop/altera/12.1sp1/nios2eds/bin/gnu/h-i686-mingw32/bin/../lib/gcc/nios2-elf/4.1.2/../../../../nios2-elf/lib\libc.a(lib_a-reallocr.o)
 .comment       0x00000000       0x27 c:/develop/altera/12.1sp1/nios2eds/bin/gnu/h-i686-mingw32/bin/../lib/gcc/nios2-elf/4.1.2/../../../../nios2-elf/lib\libc.a(lib_a-s_isinfd.o)
 .comment       0x00000000       0x27 c:/develop/altera/12.1sp1/nios2eds/bin/gnu/h-i686-mingw32/bin/../lib/gcc/nios2-elf/4.1.2/../../../../nios2-elf/lib\libc.a(lib_a-s_isnand.o)
 .comment       0x00000000       0x27 c:/develop/altera/12.1sp1/nios2eds/bin/gnu/h-i686-mingw32/bin/../lib/gcc/nios2-elf/4.1.2/../../../../nios2-elf/lib\libc.a(lib_a-strcmp.o)
 .comment       0x00000000       0x27 c:/develop/altera/12.1sp1/nios2eds/bin/gnu/h-i686-mingw32/bin/../lib/gcc/nios2-elf/4.1.2/../../../../nios2-elf/lib\libc.a(lib_a-callocr.o)
 .comment       0x00000000       0x27 c:/develop/altera/12.1sp1/nios2eds/bin/gnu/h-i686-mingw32/bin/../lib/gcc/nios2-elf/4.1.2\libgcc.a(_udivdi3.o)
 .comment       0x00000000       0x27 c:/develop/altera/12.1sp1/nios2eds/bin/gnu/h-i686-mingw32/bin/../lib/gcc/nios2-elf/4.1.2\libgcc.a(_umoddi3.o)
 .comment       0x00000000       0x27 c:/develop/altera/12.1sp1/nios2eds/bin/gnu/h-i686-mingw32/bin/../lib/gcc/nios2-elf/4.1.2\libgcc.a(_addsub_df.o)
 .comment       0x00000000       0x27 c:/develop/altera/12.1sp1/nios2eds/bin/gnu/h-i686-mingw32/bin/../lib/gcc/nios2-elf/4.1.2\libgcc.a(_mul_df.o)
 .comment       0x00000000       0x27 c:/develop/altera/12.1sp1/nios2eds/bin/gnu/h-i686-mingw32/bin/../lib/gcc/nios2-elf/4.1.2\libgcc.a(_div_df.o)
 .comment       0x00000000       0x27 c:/develop/altera/12.1sp1/nios2eds/bin/gnu/h-i686-mingw32/bin/../lib/gcc/nios2-elf/4.1.2\libgcc.a(_eq_df.o)
 .comment       0x00000000       0x27 c:/develop/altera/12.1sp1/nios2eds/bin/gnu/h-i686-mingw32/bin/../lib/gcc/nios2-elf/4.1.2\libgcc.a(_ne_df.o)
 .comment       0x00000000       0x27 c:/develop/altera/12.1sp1/nios2eds/bin/gnu/h-i686-mingw32/bin/../lib/gcc/nios2-elf/4.1.2\libgcc.a(_gt_df.o)
 .comment       0x00000000       0x27 c:/develop/altera/12.1sp1/nios2eds/bin/gnu/h-i686-mingw32/bin/../lib/gcc/nios2-elf/4.1.2\libgcc.a(_ge_df.o)
 .comment       0x00000000       0x27 c:/develop/altera/12.1sp1/nios2eds/bin/gnu/h-i686-mingw32/bin/../lib/gcc/nios2-elf/4.1.2\libgcc.a(_lt_df.o)
 .comment       0x00000000       0x27 c:/develop/altera/12.1sp1/nios2eds/bin/gnu/h-i686-mingw32/bin/../lib/gcc/nios2-elf/4.1.2\libgcc.a(_si_to_df.o)
 .comment       0x00000000       0x27 c:/develop/altera/12.1sp1/nios2eds/bin/gnu/h-i686-mingw32/bin/../lib/gcc/nios2-elf/4.1.2\libgcc.a(_df_to_si.o)
 .comment       0x00000000       0x27 c:/develop/altera/12.1sp1/nios2eds/bin/gnu/h-i686-mingw32/bin/../lib/gcc/nios2-elf/4.1.2\libgcc.a(_thenan_df.o)
 .comment       0x00000000       0x27 c:/develop/altera/12.1sp1/nios2eds/bin/gnu/h-i686-mingw32/bin/../lib/gcc/nios2-elf/4.1.2\libgcc.a(_usi_to_df.o)
 .comment       0x00000000       0x27 c:/develop/altera/12.1sp1/nios2eds/bin/gnu/h-i686-mingw32/bin/../lib/gcc/nios2-elf/4.1.2\libgcc.a(lib2-divmod.o)
 .comment       0x00000000       0x27 c:/develop/altera/12.1sp1/nios2eds/bin/gnu/h-i686-mingw32/bin/../lib/gcc/nios2-elf/4.1.2\libgcc.a(_muldi3.o)
 .comment       0x00000000       0x27 c:/develop/altera/12.1sp1/nios2eds/bin/gnu/h-i686-mingw32/bin/../lib/gcc/nios2-elf/4.1.2\libgcc.a(_clz.o)
 .comment       0x00000000       0x27 c:/develop/altera/12.1sp1/nios2eds/bin/gnu/h-i686-mingw32/bin/../lib/gcc/nios2-elf/4.1.2\libgcc.a(_clzsi2.o)