Archive member included because of file (symbol)

c:/develop/altera/12.1sp1/nios2eds/bin/gnu/h-i686-mingw32/bin/../lib/gcc/nios2-elf/4.1.2/../../../../nios2-elf/lib\libc.a(lib_a-fclose.o)
                              obj/default/bmp_test.o (fclose)
c:/develop/altera/12.1sp1/nios2eds/bin/gnu/h-i686-mingw32/bin/../lib/gcc/nios2-elf/4.1.2/../../../../nios2-elf/lib\libc.a(lib_a-fflush.o)
                              c:/develop/altera/12.1sp1/nios2eds/bin/gnu/h-i686-mingw32/bin/../lib/gcc/nios2-elf/4.1.2/../../../../nios2-elf/lib\libc.a(lib_a-fclose.o) (_fflush_r)
c:/develop/altera/12.1sp1/nios2eds/bin/gnu/h-i686-mingw32/bin/../lib/gcc/nios2-elf/4.1.2/../../../../nios2-elf/lib\libc.a(lib_a-findfp.o)
                              c:/develop/altera/12.1sp1/nios2eds/bin/gnu/h-i686-mingw32/bin/../lib/gcc/nios2-elf/4.1.2/../../../../nios2-elf/lib\libc.a(lib_a-fclose.o) (__sfp_lock_acquire)
c:/develop/altera/12.1sp1/nios2eds/bin/gnu/h-i686-mingw32/bin/../lib/gcc/nios2-elf/4.1.2/../../../../nios2-elf/lib\libc.a(lib_a-fopen.o)
                              obj/default/bmp_test.o (fopen)
c:/develop/altera/12.1sp1/nios2eds/bin/gnu/h-i686-mingw32/bin/../lib/gcc/nios2-elf/4.1.2/../../../../nios2-elf/lib\libc.a(lib_a-fread.o)
                              obj/default/bmp_test.o (fread)
c:/develop/altera/12.1sp1/nios2eds/bin/gnu/h-i686-mingw32/bin/../lib/gcc/nios2-elf/4.1.2/../../../../nios2-elf/lib\libc.a(lib_a-freer.o)
                              c:/develop/altera/12.1sp1/nios2eds/bin/gnu/h-i686-mingw32/bin/../lib/gcc/nios2-elf/4.1.2/../../../../nios2-elf/lib\libc.a(lib_a-fclose.o) (_free_r)
c:/develop/altera/12.1sp1/nios2eds/bin/gnu/h-i686-mingw32/bin/../lib/gcc/nios2-elf/4.1.2/../../../../nios2-elf/lib\libc.a(lib_a-fseek.o)
                              c:/develop/altera/12.1sp1/nios2eds/bin/gnu/h-i686-mingw32/bin/../lib/gcc/nios2-elf/4.1.2/../../../../nios2-elf/lib\libc.a(lib_a-fopen.o) (_fseek_r)
c:/develop/altera/12.1sp1/nios2eds/bin/gnu/h-i686-mingw32/bin/../lib/gcc/nios2-elf/4.1.2/../../../../nios2-elf/lib\libc.a(lib_a-fstatr.o)
                              c:/develop/altera/12.1sp1/nios2eds/bin/gnu/h-i686-mingw32/bin/../lib/gcc/nios2-elf/4.1.2/../../../../nios2-elf/lib\libc.a(lib_a-fseek.o) (_fstat_r)
c:/develop/altera/12.1sp1/nios2eds/bin/gnu/h-i686-mingw32/bin/../lib/gcc/nios2-elf/4.1.2/../../../../nios2-elf/lib\libc.a(lib_a-fwalk.o)
                              c:/develop/altera/12.1sp1/nios2eds/bin/gnu/h-i686-mingw32/bin/../lib/gcc/nios2-elf/4.1.2/../../../../nios2-elf/lib\libc.a(lib_a-fflush.o) (_fwalk_reent)
c:/develop/altera/12.1sp1/nios2eds/bin/gnu/h-i686-mingw32/bin/../lib/gcc/nios2-elf/4.1.2/../../../../nios2-elf/lib\libc.a(lib_a-impure.o)
                              c:/develop/altera/12.1sp1/nios2eds/bin/gnu/h-i686-mingw32/bin/../lib/gcc/nios2-elf/4.1.2/../../../../nios2-elf/lib\libc.a(lib_a-fclose.o) (_impure_ptr)
c:/develop/altera/12.1sp1/nios2eds/bin/gnu/h-i686-mingw32/bin/../lib/gcc/nios2-elf/4.1.2/../../../../nios2-elf/lib\libc.a(lib_a-int_errno.o)
                              c:/develop/altera/12.1sp1/nios2eds/bin/gnu/h-i686-mingw32/bin/../lib/gcc/nios2-elf/4.1.2/../../../../nios2-elf/lib\libc.a(lib_a-fstatr.o) (errno)
c:/develop/altera/12.1sp1/nios2eds/bin/gnu/h-i686-mingw32/bin/../lib/gcc/nios2-elf/4.1.2/../../../../nios2-elf/lib\libc.a(lib_a-makebuf.o)
                              c:/develop/altera/12.1sp1/nios2eds/bin/gnu/h-i686-mingw32/bin/../lib/gcc/nios2-elf/4.1.2/../../../../nios2-elf/lib\libc.a(lib_a-fseek.o) (__smakebuf_r)
c:/develop/altera/12.1sp1/nios2eds/bin/gnu/h-i686-mingw32/bin/../lib/gcc/nios2-elf/4.1.2/../../../../nios2-elf/lib\libc.a(lib_a-malloc.o)
                              obj/default/bmp_test.o (free)
c:/develop/altera/12.1sp1/nios2eds/bin/gnu/h-i686-mingw32/bin/../lib/gcc/nios2-elf/4.1.2/../../../../nios2-elf/lib\libc.a(lib_a-mallocr.o)
                              c:/develop/altera/12.1sp1/nios2eds/bin/gnu/h-i686-mingw32/bin/../lib/gcc/nios2-elf/4.1.2/../../../../nios2-elf/lib\libc.a(lib_a-findfp.o) (_malloc_r)
c:/develop/altera/12.1sp1/nios2eds/bin/gnu/h-i686-mingw32/bin/../lib/gcc/nios2-elf/4.1.2/../../../../nios2-elf/lib\libc.a(lib_a-memcpy.o)
                              obj/default/mmcfs/mmcfs.o (memcpy)
c:/develop/altera/12.1sp1/nios2eds/bin/gnu/h-i686-mingw32/bin/../lib/gcc/nios2-elf/4.1.2/../../../../nios2-elf/lib\libc.a(lib_a-memset.o)
                              obj/default/mmcfs/mmcfs.o (memset)
c:/develop/altera/12.1sp1/nios2eds/bin/gnu/h-i686-mingw32/bin/../lib/gcc/nios2-elf/4.1.2/../../../../nios2-elf/lib\libc.a(lib_a-openr.o)
                              c:/develop/altera/12.1sp1/nios2eds/bin/gnu/h-i686-mingw32/bin/../lib/gcc/nios2-elf/4.1.2/../../../../nios2-elf/lib\libc.a(lib_a-fopen.o) (_open_r)
c:/develop/altera/12.1sp1/nios2eds/bin/gnu/h-i686-mingw32/bin/../lib/gcc/nios2-elf/4.1.2/../../../../nios2-elf/lib\libc.a(lib_a-printf.o)
                              obj/default/bmp_test.o (printf)
[...]
Memory Configuration

Name             Origin             Length             Attributes
sdram_BEFORE_EXCEPTION 0x00000000         0x00000020
sdram            0x00000020         0x007fffe0
ext_flash        0x04000000         0x00400000
reset            0x0f000000         0x00000020
ipl_memory       0x0f000020         0x00001fe0
*default*        0x00000000         0xffffffff

Linker script and memory map

LOAD ../bmp_test_bsp//obj/HAL/src/crt0.o
LOAD obj/default/bmp_test.o
LOAD obj/default/mmcfs/fatfs/ff.o
LOAD obj/default/mmcfs/fatfs/mmcbb.o
LOAD obj/default/mmcfs/fatfs/option/cc932.o
LOAD obj/default/mmcfs/gettime.o
LOAD obj/default/mmcfs/mmc_spi.o
LOAD obj/default/mmcfs/mmcfs.o
LOAD obj/default/nd_lib/fontx_k12x10.o
LOAD obj/default/nd_lib/fontx_k6x10.o
LOAD obj/default/nd_lib/nd_egl.o
LOAD c:/develop/altera/12.1sp1/nios2eds/bin/gnu/h-i686-mingw32/bin/../lib/gcc/nios2-elf/4.1.2/../../../../nios2-elf/lib\libstdc++.a
LOAD c:/develop/altera/12.1sp1/nios2eds/bin/gnu/h-i686-mingw32/bin/../lib/gcc/nios2-elf/4.1.2/../../../../nios2-elf/lib\libm.a
LOAD c:/develop/altera/12.1sp1/nios2eds/bin/gnu/h-i686-mingw32/bin/../lib/gcc/nios2-elf/4.1.2\libgcc.a
START GROUP
LOAD c:/develop/altera/12.1sp1/nios2eds/bin/gnu/h-i686-mingw32/bin/../lib/gcc/nios2-elf/4.1.2/../../../../nios2-elf/lib\libc.a
LOAD c:/develop/altera/12.1sp1/nios2eds/bin/gnu/h-i686-mingw32/bin/../lib/gcc/nios2-elf/4.1.2\libgcc.a
LOAD ../bmp_test_bsp/\libhal_bsp.a
END GROUP
LOAD c:/develop/altera/12.1sp1/nios2eds/bin/gnu/h-i686-mingw32/bin/../lib/gcc/nios2-elf/4.1.2\libgcc.a
                0x00000000                __alt_mem_sdram = 0x0
                0x04000000                __alt_mem_ext_flash = 0x4000000
                0x0f000000                __alt_mem_ipl_memory = 0xf000000

.entry          0x0f000000        0x0
 *(.entry)
 .entry         0x0f000000        0x0 ../bmp_test_bsp//obj/HAL/src/crt0.o
                0x0f000000                __reset

.exceptions     0x00000020      0x164
                0x00000020                PROVIDE (__ram_exceptions_start, ABSOLUTE (.))
                0x00000020                . = ALIGN (0x20)
 *(.irq)
 *(.exceptions.entry.label)
 .exceptions.entry.label
                0x00000020        0x0 ../bmp_test_bsp/\libhal_bsp.a(alt_irq_entry.o)
                0x00000020                alt_irq_entry
 .exceptions.entry.label
                0x00000020        0x0 ../bmp_test_bsp/\libhal_bsp.a(alt_exception_entry.o)
                0x00000020                alt_exception
 *(.exceptions.entry.user)
 *(.exceptions.entry)
 .exceptions.entry
                0x00000020       0x54 ../bmp_test_bsp/\libhal_bsp.a(alt_exception_entry.o)
 *(.exceptions.irqtest.user)
 *(.exceptions.irqtest)
 .exceptions.irqtest
                0x00000074       0x10 ../bmp_test_bsp/\libhal_bsp.a(alt_irq_entry.o)
 *(.exceptions.irqhandler.user)
 *(.exceptions.irqhandler)
 .exceptions.irqhandler
                0x00000084        0x4 ../bmp_test_bsp/\libhal_bsp.a(alt_irq_entry.o)
 *(.exceptions.irqreturn.user)
 *(.exceptions.irqreturn)
 .exceptions.irqreturn
                0x00000088        0x4 ../bmp_test_bsp/\libhal_bsp.a(alt_irq_entry.o)
 *(.exceptions.notirq.label)
 .exceptions.notirq.label
                0x0000008c        0x0 ../bmp_test_bsp/\libhal_bsp.a(alt_irq_entry.o)
 *(.exceptions.notirq.user)
 *(.exceptions.notirq)
 .exceptions.notirq
                0x0000008c        0x8 ../bmp_test_bsp/\libhal_bsp.a(alt_exception_entry.o)
 *(.exceptions.soft.user)
 *(.exceptions.soft)
 *(.exceptions.unknown.user)
 *(.exceptions.unknown)
 .exceptions.unknown
                0x00000094        0x4 ../bmp_test_bsp/\libhal_bsp.a(alt_exception_entry.o)
 *(.exceptions.exit.label)
 .exceptions.exit.label
                0x00000098        0x0 ../bmp_test_bsp/\libhal_bsp.a(alt_irq_entry.o)
 .exceptions.exit.label
                0x00000098        0x0 ../bmp_test_bsp/\libhal_bsp.a(alt_exception_entry.o)
 *(.exceptions.exit.user)
 *(.exceptions.exit)
 .exceptions.exit
                0x00000098       0x54 ../bmp_test_bsp/\libhal_bsp.a(alt_exception_entry.o)
 *(.exceptions)
 .exceptions    0x000000ec       0x98 ../bmp_test_bsp/\libhal_bsp.a(alt_irq_handler.o)
                0x000000ec                alt_irq_handler
                0x00000184                PROVIDE (__ram_exceptions_end, ABSOLUTE (.))
                0x00000020                PROVIDE (__flash_exceptions_start, LOADADDR (.exceptions))

.text           0x00000184    0x17284
                0x00000184                PROVIDE (stext, ABSOLUTE (.))
 *(.interp)
 *(.hash)
 *(.dynsym)
 *(.dynstr)
 *(.gnu.version)
 *(.gnu.version_d)
 *(.gnu.version_r)
 *(.rel.init)
 *(.rela.init)
 *(.rel.text .rel.text.* .rel.gnu.linkonce.t.*)
 *(.rela.text .rela.text.* .rela.gnu.linkonce.t.*)
 *(.rel.fini)
 *(.rela.fini)
 *(.rel.rodata .rel.rodata.* .rel.gnu.linkonce.r.*)
 *(.rela.rodata .rela.rodata.* .rela.gnu.linkonce.r.*)
 *(.rel.data .rel.data.* .rel.gnu.linkonce.d.*)
 *(.rela.data .rela.data.* .rela.gnu.linkonce.d.*)
 *(.rel.tdata .rel.tdata.* .rel.gnu.linkonce.td.*)
 *(.rela.tdata .rela.tdata.* .rela.gnu.linkonce.td.*)
 *(.rel.tbss .rel.tbss.* .rel.gnu.linkonce.tb.*)
 *(.rela.tbss .rela.tbss.* .rela.gnu.linkonce.tb.*)
 *(.rel.ctors)
 *(.rela.ctors)
 *(.rel.dtors)
 *(.rela.dtors)
 *(.rel.got)
 *(.rela.got)
 *(.rel.sdata .rel.sdata.* .rel.gnu.linkonce.s.*)
 *(.rela.sdata .rela.sdata.* .rela.gnu.linkonce.s.*)
 *(.rel.sbss .rel.sbss.* .rel.gnu.linkonce.sb.*)
 *(.rela.sbss .rela.sbss.* .rela.gnu.linkonce.sb.*)
 *(.rel.sdata2 .rel.sdata2.* .rel.gnu.linkonce.s2.*)
 *(.rela.sdata2 .rela.sdata2.* .rela.gnu.linkonce.s2.*)
 *(.rel.sbss2 .rel.sbss2.* .rel.gnu.linkonce.sb2.*)
 *(.rela.sbss2 .rela.sbss2.* .rela.gnu.linkonce.sb2.*)
 *(.rel.bss .rel.bss.* .rel.gnu.linkonce.b.*)
 *(.rela.bss .rela.bss.* .rela.gnu.linkonce.b.*)
 *(.rel.plt)
 *(.rela.plt)
 *(.rel.dyn)
 *(.init)
 *(.plt)
 *(.text .stub .text.* .gnu.linkonce.t.*)
 .text          0x00000184       0x48 ../bmp_test_bsp//obj/HAL/src/crt0.o
                0x00000184                _start
 .text          0x000001cc      0x22c obj/default/bmp_test.o
                0x000001cc                nd_halt
                0x000001dc                main
 .text          0x000003f8     0x6b80 obj/default/mmcfs/fatfs/ff.o
                0x000009e4                clust2sect
                0x00000a58                get_fat
                0x00000d0c                put_fat
                0x00001d90                gen_numname
                0x000043e4                f_mount
                0x00004488                f_open
                0x00004940                f_read
                0x00004e4c                f_write
                0x000053f0                f_sync
                0x0000567c                f_close
                0x000056c8                f_lseek
                0x00005be0                f_opendir
                0x00005d68                f_readdir
                0x00005e60                f_stat
                0x00005f04                f_getfree
                0x000061fc                f_truncate
                0x000063e0                f_unlink
                0x0000660c                f_mkdir
                0x00006a4c                f_chmod
                0x00006b4c                f_utime
                0x00006c64                f_rename
 .text          0x00006f78      0xca8 obj/default/mmcfs/fatfs/mmcbb.o
                0x000073c8                disk_status
                0x000074a8                disk_initialize
                0x00007758                disk_read
                0x000078a0                disk_write
                0x00007a34                disk_ioctl
 .text          0x00007c20      0x23c obj/default/mmcfs/fatfs/option/cc932.o
                0x00007c20                ff_convert
                0x00007d8c                ff_wtoupper
 .text          0x00007e5c       0x20 obj/default/mmcfs/gettime.o
                0x00007e5c                get_fattime
 .text          0x00007e7c      0x52c obj/default/mmcfs/mmc_spi.o
                0x00007e7c                mmc_spi_SetCardSelect
                0x00007eb8                mmc_spi_SetCardDeselect
                0x00007ef8                mmc_spi_Sendbyte
                0x00007f4c                mmc_spi_Recvbyte
                0x00007fbc                mmc_spi_DmaRecv
                0x00008198                mmc_spi_CheckCardDetect
                0x000081dc                mmc_spi_CheckWritePortect
                0x00008234                mmc_spi_SetIdentClock
                0x00008264                mmc_spi_SetTransClock
                0x00008294                mmc_spi_SetTimer
                0x000082d4                mmc_spi_CheckTimer
                0x00008318                mmc_spi_Wait100us
                0x0000835c                mmc_spi_InitSocket
 .text          0x000083a8      0x570 obj/default/mmcfs/mmcfs.o
                0x000083a8                dev_mmcfs_open
                0x00008580                dev_mmcfs_close
                0x0000862c                dev_mmcfs_read
                0x000086a4                dev_mmcfs_write
                0x0000871c                dev_mmcfs_lseek
                0x00008808                dev_mmcfs_fstat
                0x0000887c                mmcfs_setup
 .text          0x00008918        0x0 obj/default/nd_lib/fontx_k12x10.o
 .text          0x00008918        0x0 obj/default/nd_lib/fontx_k6x10.o
 .text          0x00008918     0x1584 obj/default/nd_lib/nd_egl.o
                0x00008918                nd_GsVgaVsync_isr
                0x00008984                nd_GsVgaVsync_isrenable
                0x000089dc                nd_GsVgaVsync_isrdisable
                0x00008a2c                nd_GsVgaScanOn
                0x00008a74                nd_GsVgaScanOff
                0x00008ac0                nd_GsVgaSetBuffer
                0x00008afc                nd_GsVgaInit
                0x00008b30                nd_GsVgaWaitVsync
                0x00008b78                nd_GsVgaVsync_getcount
                0x00008bcc                nd_GsVgaVsync_setcount
                0x00008c20                nd_GsEglPage
                0x00008c70                nd_GsEglColor
                0x00008cb0                nd_GsEglPset
                0x00008e80                nd_GsEglBoxfill
                0x00009124                nd_GsEglBox
                0x000091b8                nd_GsEglCircle
                0x000093e8                nd_GsEglLine
                0x0000985c                nd_GsEglPutcharFont
                0x00009a08                nd_GsEglPutstrFont
                0x00009afc                nd_GsEglSetFont
                0x00009b30                nd_GsEglPutchar
                0x00009c0c                nd_GsEglPutstr
                0x00009c94                nd_GsEglPutdec
                0x00009db0                nd_GsEglPuthex2
                0x00009e18                nd_GsEglPuthex8
 .text          0x00009e9c      0x124 c:/develop/altera/12.1sp1/nios2eds/bin/gnu/h-i686-mingw32/bin/../lib/gcc/nios2-elf/4.1.2/../../../../nios2-elf/lib\libc.a(lib_a-fclose.o)
                0x00009e9c                _fclose_r
                0x00009fac                fclose
 .text          0x00009fc0      0x230 c:/develop/altera/12.1sp1/nios2eds/bin/gnu/h-i686-mingw32/bin/../lib/gcc/nios2-elf/4.1.2/../../../../nios2-elf/lib\libc.a(lib_a-fflush.o)
                0x00009fc0                _fflush_r
                0x0000a1bc                fflush
 .text          0x0000a1f0      0x2c0 c:/develop/altera/12.1sp1/nios2eds/bin/gnu/h-i686-mingw32/bin/../lib/gcc/nios2-elf/4.1.2/../../../../nios2-elf/lib\libc.a(lib_a-findfp.o)
                0x0000a248                __sfp_lock_acquire
                0x0000a24c                __sfp_lock_release
                0x0000a250                __sinit_lock_acquire
                0x0000a254                __sinit_lock_release
                0x0000a258                __sinit
                0x0000a30c                __fp_unlock_all
                0x0000a324                __fp_lock_all
                0x0000a33c                _cleanup_r
                0x0000a348                _cleanup
                0x0000a358                __sfmoreglue
                0x0000a3c0                __sfp
 .text          0x0000a4b0      0x110 c:/develop/altera/12.1sp1/nios2eds/bin/gnu/h-i686-mingw32/bin/../lib/gcc/nios2-elf/4.1.2/../../../../nios2-elf/lib\libc.a(lib_a-fopen.o)
                0x0000a4b0                _fopen_r
                0x0000a5a4                fopen
 .text          0x0000a5c0      0x23c c:/develop/altera/12.1sp1/nios2eds/bin/gnu/h-i686-mingw32/bin/../lib/gcc/nios2-elf/4.1.2/../../../../nios2-elf/lib\libc.a(lib_a-fread.o)
                0x0000a5c0                _fread_r
                0x0000a7bc                fread
 .text          0x0000a7fc      0x440 c:/develop/altera/12.1sp1/nios2eds/bin/gnu/h-i686-mingw32/bin/../lib/gcc/nios2-elf/4.1.2/../../../../nios2-elf/lib\libc.a(lib_a-freer.o)
                0x0000a7fc                _malloc_trim_r
                0x0000a928                _free_r
 .text          0x0000ac3c      0x460 c:/develop/altera/12.1sp1/nios2eds/bin/gnu/h-i686-mingw32/bin/../lib/gcc/nios2-elf/4.1.2/../../../../nios2-elf/lib\libc.a(lib_a-fseek.o)
                0x0000ac3c                _fseek_r
                0x0000b078                fseek
 .text          0x0000b09c       0x74 c:/develop/altera/12.1sp1/nios2eds/bin/gnu/h-i686-mingw32/bin/../lib/gcc/nios2-elf/4.1.2/../../../../nios2-elf/lib\libc.a(lib_a-fstatr.o)
                0x0000b09c                _fstat_r
 .text          0x0000b110      0x180 c:/develop/altera/12.1sp1/nios2eds/bin/gnu/h-i686-mingw32/bin/../lib/gcc/nios2-elf/4.1.2/../../../../nios2-elf/lib\libc.a(lib_a-fwalk.o)
                0x0000b110                _fwalk_reent
                0x0000b1d8                _fwalk
 .text          0x0000b290        0x0 c:/develop/altera/12.1sp1/nios2eds/bin/gnu/h-i686-mingw32/bin/../lib/gcc/nios2-elf/4.1.2/../../../../nios2-elf/lib\libc.a(lib_a-impure.o)
 .text          0x0000b290        0x0 c:/develop/altera/12.1sp1/nios2eds/bin/gnu/h-i686-mingw32/bin/../lib/gcc/nios2-elf/4.1.2/../../../../nios2-elf/lib\libc.a(lib_a-int_errno.o)
 .text          0x0000b290      0x194 c:/develop/altera/12.1sp1/nios2eds/bin/gnu/h-i686-mingw32/bin/../lib/gcc/nios2-elf/4.1.2/../../../../nios2-elf/lib\libc.a(lib_a-makebuf.o)
                0x0000b290                __smakebuf_r
 .text          0x0000b424       0x28 c:/develop/altera/12.1sp1/nios2eds/bin/gnu/h-i686-mingw32/bin/../lib/gcc/nios2-elf/4.1.2/../../../../nios2-elf/lib\libc.a(lib_a-malloc.o)
                0x0000b424                free
                0x0000b438                malloc
 .text          0x0000b44c      0x740 c:/develop/altera/12.1sp1/nios2eds/bin/gnu/h-i686-mingw32/bin/../lib/gcc/nios2-elf/4.1.2/../../../../nios2-elf/lib\libc.a(lib_a-mallocr.o)
                0x0000b44c                _malloc_r
 .text          0x0000bb8c       0xa0 c:/develop/altera/12.1sp1/nios2eds/bin/gnu/h-i686-mingw32/bin/../lib/gcc/nios2-elf/4.1.2/../../../../nios2-elf/lib\libc.a(lib_a-memcpy.o)
                0x0000bb8c                memcpy
 .text          0x0000bc2c       0x98 c:/develop/altera/12.1sp1/nios2eds/bin/gnu/h-i686-mingw32/bin/../lib/gcc/nios2-elf/4.1.2/../../../../nios2-elf/lib\libc.a(lib_a-memset.o)
                0x0000bc2c                memset
 .text          0x0000bcc4       0x78 c:/develop/altera/12.1sp1/nios2eds/bin/gnu/h-i686-mingw32/bin/../lib/gcc/nios2-elf/4.1.2/../../../../nios2-elf/lib\libc.a(lib_a-openr.o)
                0x0000bcc4                _open_r
 .text          0x0000bd3c       0x78 c:/develop/altera/12.1sp1/nios2eds/bin/gnu/h-i686-mingw32/bin/../lib/gcc/nios2-elf/4.1.2/../../../../nios2-elf/lib\libc.a(lib_a-printf.o)
                0x0000bd3c                printf
                0x0000bd80                _printf_r
 .text          0x0000bdb4       0xb4 c:/develop/altera/12.1sp1/nios2eds/bin/gnu/h-i686-mingw32/bin/../lib/gcc/nios2-elf/4.1.2/../../../../nios2-elf/lib\libc.a(lib_a-puts.o)
                0x0000bdb4                _puts_r
                0x0000be54                puts
 .text          0x0000be68      0x1e0 c:/develop/altera/12.1sp1/nios2eds/bin/gnu/h-i686-mingw32/bin/../lib/gcc/nios2-elf/4.1.2/../../../../nios2-elf/lib\libc.a(lib_a-refill.o)
                0x0000be68                __srefill_r
 .text          0x0000c048       0x70 c:/develop/altera/12.1sp1/nios2eds/bin/gnu/h-i686-mingw32/bin/../lib/gcc/nios2-elf/4.1.2/../../../../nios2-elf/lib\libc.a(lib_a-sbrkr.o)
                0x0000c048                _sbrk_r
 .text          0x0000c0b8      0x14c c:/develop/altera/12.1sp1/nios2eds/bin/gnu/h-i686-mingw32/bin/../lib/gcc/nios2-elf/4.1.2/../../../../nios2-elf/lib\libc.a(lib_a-stdio.o)
                0x0000c0b8                __sclose
                0x0000c0c0                __sseek
                0x0000c128                __swrite
                0x0000c1a4                __sread
 .text          0x0000c204       0x74 c:/develop/altera/12.1sp1/nios2eds/bin/gnu/h-i686-mingw32/bin/../lib/gcc/nios2-elf/4.1.2/../../../../nios2-elf/lib\libc.a(lib_a-strlen.o)
                0x0000c204                strlen
 .text          0x0000c278     0x1f28 c:/develop/altera/12.1sp1/nios2eds/bin/gnu/h-i686-mingw32/bin/../lib/gcc/nios2-elf/4.1.2/../../../../nios2-elf/lib\libc.a(lib_a-vfprintf.o)
                0x0000c2d0                ___vfprintf_internal_r
                0x0000e17c                __vfprintf_internal
 .text          0x0000e1a0       0x78 c:/develop/altera/12.1sp1/nios2eds/bin/gnu/h-i686-mingw32/bin/../lib/gcc/nios2-elf/4.1.2/../../../../nios2-elf/lib\libc.a(lib_a-writer.o)
                0x0000e1a0                _write_r
 .text          0x0000e218      0x13c c:/develop/altera/12.1sp1/nios2eds/bin/gnu/h-i686-mingw32/bin/../lib/gcc/nios2-elf/4.1.2/../../../../nios2-elf/lib\libc.a(lib_a-wsetup.o)
                0x0000e218                __swsetup_r
 .text          0x0000e354       0x70 c:/develop/altera/12.1sp1/nios2eds/bin/gnu/h-i686-mingw32/bin/../lib/gcc/nios2-elf/4.1.2/../../../../nios2-elf/lib\libc.a(lib_a-closer.o)
                0x0000e354                _close_r
 .text          0x0000e3c4     0x17cc c:/develop/altera/12.1sp1/nios2eds/bin/gnu/h-i686-mingw32/bin/../lib/gcc/nios2-elf/4.1.2/../../../../nios2-elf/lib\libc.a(lib_a-dtoa.o)
                0x0000e5dc                _dtoa_r
 .text          0x0000fb90       0xa0 c:/develop/altera/12.1sp1/nios2eds/bin/gnu/h-i686-mingw32/bin/../lib/gcc/nios2-elf/4.1.2/../../../../nios2-elf/lib\libc.a(lib_a-flags.o)
                0x0000fb90                __sflags
 .text          0x0000fc30      0x49c c:/develop/altera/12.1sp1/nios2eds/bin/gnu/h-i686-mingw32/bin/../lib/gcc/nios2-elf/4.1.2/../../../../nios2-elf/lib\libc.a(lib_a-fvwrite.o)
                0x0000fc30                __sfvwrite_r
 .text          0x000100cc       0x70 c:/develop/altera/12.1sp1/nios2eds/bin/gnu/h-i686-mingw32/bin/../lib/gcc/nios2-elf/4.1.2/../../../../nios2-elf/lib\libc.a(lib_a-isattyr.o)
                0x000100cc                _isatty_r
 .text          0x0001013c       0xc4 c:/develop/altera/12.1sp1/nios2eds/bin/gnu/h-i686-mingw32/bin/../lib/gcc/nios2-elf/4.1.2/../../../../nios2-elf/lib\libc.a(lib_a-locale.o)
                0x0001013c                __locale_charset
                0x00010144                _localeconv_r
                0x00010150                localeconv
                0x00010160                _setlocale_r
                0x000101e4                setlocale
 .text          0x00010200       0x78 c:/develop/altera/12.1sp1/nios2eds/bin/gnu/h-i686-mingw32/bin/../lib/gcc/nios2-elf/4.1.2/../../../../nios2-elf/lib\libc.a(lib_a-lseekr.o)
                0x00010200                _lseek_r
 .text          0x00010278       0xe4 c:/develop/altera/12.1sp1/nios2eds/bin/gnu/h-i686-mingw32/bin/../lib/gcc/nios2-elf/4.1.2/../../../../nios2-elf/lib\libc.a(lib_a-memchr.o)
                0x00010278                memchr
 .text          0x0001035c       0xe0 c:/develop/altera/12.1sp1/nios2eds/bin/gnu/h-i686-mingw32/bin/../lib/gcc/nios2-elf/4.1.2/../../../../nios2-elf/lib\libc.a(lib_a-memmove.o)
                0x0001035c                memmove
 .text          0x0001043c      0xff4 c:/develop/altera/12.1sp1/nios2eds/bin/gnu/h-i686-mingw32/bin/../lib/gcc/nios2-elf/4.1.2/../../../../nios2-elf/lib\libc.a(lib_a-mprec.o)
                0x0001043c                _Bfree
                0x00010464                __hi0bits
                0x000104d4                __lo0bits
                0x00010598                __mcmp
                0x000105f8                __ulp
                0x00010678                __b2d
                0x00010798                __ratio
                0x00010848                _mprec_log10
                0x000108dc                __copybits
                0x00010934                __any_on
                0x000109bc                _Balloc
                0x00010a78                __d2b
                0x00010bf4                __mdiff
                0x00010d80                __lshift
                0x00010ecc                __multiply
                0x000110b4                __i2b
                0x000110f0                __multadd
                0x000111f0                __pow5mult
                0x00011310                __s2b
 .text          0x00011430       0x78 c:/develop/altera/12.1sp1/nios2eds/bin/gnu/h-i686-mingw32/bin/../lib/gcc/nios2-elf/4.1.2/../../../../nios2-elf/lib\libc.a(lib_a-readr.o)
                0x00011430                _read_r
 .text          0x000114a8      0x5f4 c:/develop/altera/12.1sp1/nios2eds/bin/gnu/h-i686-mingw32/bin/../lib/gcc/nios2-elf/4.1.2/../../../../nios2-elf/lib\libc.a(lib_a-reallocr.o)
                0x000114a8                _realloc_r
 .text          0x00011a9c       0x40 c:/develop/altera/12.1sp1/nios2eds/bin/gnu/h-i686-mingw32/bin/../lib/gcc/nios2-elf/4.1.2/../../../../nios2-elf/lib\libc.a(lib_a-s_isinfd.o)
                0x00011a9c                __isinfd
 .text          0x00011adc       0x30 c:/develop/altera/12.1sp1/nios2eds/bin/gnu/h-i686-mingw32/bin/../lib/gcc/nios2-elf/4.1.2/../../../../nios2-elf/lib\libc.a(lib_a-s_isnand.o)
                0x00011adc                __isnand
 .text          0x00011b0c       0xbc c:/develop/altera/12.1sp1/nios2eds/bin/gnu/h-i686-mingw32/bin/../lib/gcc/nios2-elf/4.1.2/../../../../nios2-elf/lib\libc.a(lib_a-strcmp.o)
                0x00011b0c                strcmp
 .text          0x00011bc8       0xb4 c:/develop/altera/12.1sp1/nios2eds/bin/gnu/h-i686-mingw32/bin/../lib/gcc/nios2-elf/4.1.2/../../../../nios2-elf/lib\libc.a(lib_a-callocr.o)
                0x00011bc8                _calloc_r
 .text          0x00011c7c      0x5dc c:/develop/altera/12.1sp1/nios2eds/bin/gnu/h-i686-mingw32/bin/../lib/gcc/nios2-elf/4.1.2\libgcc.a(_udivdi3.o)
                0x00011c7c                __udivdi3
 .text          0x00012258      0x5b0 c:/develop/altera/12.1sp1/nios2eds/bin/gnu/h-i686-mingw32/bin/../lib/gcc/nios2-elf/4.1.2\libgcc.a(_umoddi3.o)
                0x00012258                __umoddi3
 .text          0x00012808      0x504 c:/develop/altera/12.1sp1/nios2eds/bin/gnu/h-i686-mingw32/bin/../lib/gcc/nios2-elf/4.1.2\libgcc.a(_addsub_df.o)
                0x00012c18                __subdf3
                0x00012c98                __adddf3
 .text          0x00012d0c      0x3c4 c:/develop/altera/12.1sp1/nios2eds/bin/gnu/h-i686-mingw32/bin/../lib/gcc/nios2-elf/4.1.2\libgcc.a(_mul_df.o)
                0x00012d0c                __muldf3
 .text          0x000130d0      0x258 c:/develop/altera/12.1sp1/nios2eds/bin/gnu/h-i686-mingw32/bin/../lib/gcc/nios2-elf/4.1.2\libgcc.a(_div_df.o)
                0x000130d0                __divdf3
 .text          0x00013328       0x88 c:/develop/altera/12.1sp1/nios2eds/bin/gnu/h-i686-mingw32/bin/../lib/gcc/nios2-elf/4.1.2\libgcc.a(_eq_df.o)
                0x00013328                __eqdf2
 .text          0x000133b0       0x88 c:/develop/altera/12.1sp1/nios2eds/bin/gnu/h-i686-mingw32/bin/../lib/gcc/nios2-elf/4.1.2\libgcc.a(_ne_df.o)
                0x000133b0                __nedf2
 .text          0x00013438       0x88 c:/develop/altera/12.1sp1/nios2eds/bin/gnu/h-i686-mingw32/bin/../lib/gcc/nios2-elf/4.1.2\libgcc.a(_gt_df.o)
                0x00013438                __gtdf2
 .text          0x000134c0       0x88 c:/develop/altera/12.1sp1/nios2eds/bin/gnu/h-i686-mingw32/bin/../lib/gcc/nios2-elf/4.1.2\libgcc.a(_ge_df.o)
                0x000134c0                __gedf2
 .text          0x00013548       0x88 c:/develop/altera/12.1sp1/nios2eds/bin/gnu/h-i686-mingw32/bin/../lib/gcc/nios2-elf/4.1.2\libgcc.a(_lt_df.o)
                0x00013548                __ltdf2
 .text          0x000135d0       0xf8 c:/develop/altera/12.1sp1/nios2eds/bin/gnu/h-i686-mingw32/bin/../lib/gcc/nios2-elf/4.1.2\libgcc.a(_si_to_df.o)
                0x000135d0                __floatsidf
 .text          0x000136c8       0xd8 c:/develop/altera/12.1sp1/nios2eds/bin/gnu/h-i686-mingw32/bin/../lib/gcc/nios2-elf/4.1.2\libgcc.a(_df_to_si.o)
                0x000136c8                __fixdfsi
 .text          0x000137a0        0x0 c:/develop/altera/12.1sp1/nios2eds/bin/gnu/h-i686-mingw32/bin/../lib/gcc/nios2-elf/4.1.2\libgcc.a(_thenan_df.o)
 .text          0x000137a0      0x194 c:/develop/altera/12.1sp1/nios2eds/bin/gnu/h-i686-mingw32/bin/../lib/gcc/nios2-elf/4.1.2\libgcc.a(_usi_to_df.o)
                0x000137a0                __floatunsidf
 .text          0x00013934      0x14c c:/develop/altera/12.1sp1/nios2eds/bin/gnu/h-i686-mingw32/bin/../lib/gcc/nios2-elf/4.1.2\libgcc.a(lib2-divmod.o)
                0x000139b0                __divsi3
                0x00013a10                __modsi3
                0x00013a70                __udivsi3
                0x00013a78                __umodsi3
 .text          0x00013a80       0x98 c:/develop/altera/12.1sp1/nios2eds/bin/gnu/h-i686-mingw32/bin/../lib/gcc/nios2-elf/4.1.2\libgcc.a(_muldi3.o)
                0x00013a80                __muldi3
 .text          0x00013b18        0x0 c:/develop/altera/12.1sp1/nios2eds/bin/gnu/h-i686-mingw32/bin/../lib/gcc/nios2-elf/4.1.2\libgcc.a(_clz.o)
 .text          0x00013b18       0x80 c:/develop/altera/12.1sp1/nios2eds/bin/gnu/h-i686-mingw32/bin/../lib/gcc/nios2-elf/4.1.2\libgcc.a(_clzsi2.o)
                0x00013b18                __clzsi2
 .text          0x00013b98      0x314 c:/develop/altera/12.1sp1/nios2eds/bin/gnu/h-i686-mingw32/bin/../lib/gcc/nios2-elf/4.1.2\libgcc.a(_pack_df.o)
                0x00013b98                __pack_d
 .text          0x00013eac      0x138 c:/develop/altera/12.1sp1/nios2eds/bin/gnu/h-i686-mingw32/bin/../lib/gcc/nios2-elf/4.1.2\libgcc.a(_unpack_df.o)
                0x00013eac                __unpack_d
 .text          0x00013fe4       0xc8 c:/develop/altera/12.1sp1/nios2eds/bin/gnu/h-i686-mingw32/bin/../lib/gcc/nios2-elf/4.1.2\libgcc.a(_fpcmp_parts_df.o)
                0x00013fe4                __fpcmp_parts_d
 .text          0x000140ac       0xf0 ../bmp_test_bsp/\libhal_bsp.a(alt_close.o)
                0x000140ac                close
 .text          0x0001419c       0x28 ../bmp_test_bsp/\libhal_bsp.a(alt_dcache_flush.o)
                0x0001419c                alt_dcache_flush
 .text          0x000141c4        0x8 ../bmp_test_bsp/\libhal_bsp.a(alt_dev.o)
 .text          0x000141cc        0x0 ../bmp_test_bsp/\libhal_bsp.a(alt_errno.o)
 .text          0x000141cc       0x38 ../bmp_test_bsp/\libhal_bsp.a(alt_fs_reg.o)
                0x000141cc                alt_fs_reg
 .text          0x00014204       0x90 ../bmp_test_bsp/\libhal_bsp.a(alt_fstat.o)
                0x00014204                fstat
 .text          0x00014294       0x84 ../bmp_test_bsp/\libhal_bsp.a(alt_isatty.o)
                0x00014294                isatty
 .text          0x00014318       0x9c ../bmp_test_bsp/\libhal_bsp.a(alt_lseek.o)
                0x00014318                lseek
 .text          0x000143b4       0x60 ../bmp_test_bsp/\libhal_bsp.a(alt_main.o)
                0x000143b4                alt_main
 .text          0x00014414        0x8 ../bmp_test_bsp/\libhal_bsp.a(alt_malloc_lock.o)
                0x00014414                __malloc_lock
                0x00014418                __malloc_unlock
 .text          0x0001441c      0x180 ../bmp_test_bsp/\libhal_bsp.a(alt_open.o)
                0x0001441c                open
 .text          0x0001459c      0x11c ../bmp_test_bsp/\libhal_bsp.a(alt_read.o)
                0x0001459c                read
 .text          0x000146b8       0x24 ../bmp_test_bsp/\libhal_bsp.a(alt_release_fd.o)
                0x000146b8                alt_release_fd
 .text          0x000146dc       0x54 ../bmp_test_bsp/\libhal_bsp.a(alt_sbrk.o)
                0x000146dc                sbrk
 .text          0x00014730        0x4 ../bmp_test_bsp/\libhal_bsp.a(alt_usleep.o)
                0x00014730                usleep
 .text          0x00014734      0x118 ../bmp_test_bsp/\libhal_bsp.a(alt_write.o)
                0x00014734                write
 .text          0x0001484c       0xb4 ../bmp_test_bsp/\libhal_bsp.a(alt_sys_init.o)
                0x0001484c                alt_irq_init
                0x0001486c                alt_sys_init
 .text          0x00014900      0x4bc ../bmp_test_bsp/\libhal_bsp.a(altera_avalon_cfi_flash.o)
                0x00014900                alt_flash_cfi_get_info
                0x00014938                alt_flash_program_block
                0x00014b00                alt_write_value_to_flash
                0x00014b98                alt_flash_cfi_read
                0x00014bc4                alt_flash_cfi_write
                0x00014d54                alt_flash_cfi_init
 .text          0x00014dbc      0xab8 ../bmp_test_bsp/\libhal_bsp.a(altera_avalon_cfi_flash_table.o)
                0x00014dbc                alt_set_flash_width_func
                0x00014eec                alt_set_flash_algorithm_func
                0x00014fbc                alt_check_primary_table
                0x00015058                alt_read_cfi_table
                0x00015354                alt_read_query_entry_8bit
                0x00015368                alt_read_query_entry_16bit
                0x00015380                alt_read_query_entry_32bit
                0x0001539c                alt_write_native_32bit
                0x000153a4                alt_write_flash_command_32bit_device_32bit_mode
                0x000153bc                alt_write_native_16bit
                0x000153c8                alt_write_flash_command_32bit_device_16bit_mode
                0x000153e0                alt_write_flash_command_16bit_device_16bit_mode
                0x000153f4                alt_write_native_8bit
                0x00015400                alt_write_flash_command_32bit_device_8bit_mode
                0x00015418                alt_write_flash_command_16bit_device_8bit_mode
                0x00015440                alt_write_flash_command_8bit_device_8bit_mode
                0x00015450                alt_read_cfi_width
 .text          0x00015874       0x3c ../bmp_test_bsp/\libhal_bsp.a(altera_avalon_jtag_uart_fd.o)
                0x00015874                altera_avalon_jtag_uart_ioctl_fd
                0x00015880                altera_avalon_jtag_uart_close_fd
                0x00015890                altera_avalon_jtag_uart_write_fd
                0x000158a0                altera_avalon_jtag_uart_read_fd
 .text          0x000158b0      0x214 ../bmp_test_bsp/\libhal_bsp.a(altera_avalon_jtag_uart_init.o)
                0x000158b0                altera_avalon_jtag_uart_close
                0x0001593c                altera_avalon_jtag_uart_init
 .text          0x00015ac4       0x88 ../bmp_test_bsp/\libhal_bsp.a(altera_avalon_jtag_uart_ioctl.o)
                0x00015ac4                altera_avalon_jtag_uart_ioctl
 .text          0x00015b4c      0x16c ../bmp_test_bsp/\libhal_bsp.a(altera_avalon_jtag_uart_read.o)
                0x00015b4c                altera_avalon_jtag_uart_read
 .text          0x00015cb8      0x17c ../bmp_test_bsp/\libhal_bsp.a(altera_avalon_jtag_uart_write.o)
                0x00015cb8                altera_avalon_jtag_uart_write
 .text          0x00015e34       0x8c ../bmp_test_bsp/\libhal_bsp.a(altera_avalon_timer_sc.o)
                0x00015e34                alt_avalon_timer_sc_init
 .text          0x00015ec0       0x30 ../bmp_test_bsp/\libhal_bsp.a(altera_avalon_uart_fd.o)
                0x00015ec0                altera_avalon_uart_close_fd
                0x00015ed0                altera_avalon_uart_write_fd
                0x00015ee0                altera_avalon_uart_read_fd
 .text          0x00015ef0      0x1ac ../bmp_test_bsp/\libhal_bsp.a(altera_avalon_uart_init.o)
                0x00015ef0                altera_avalon_uart_close
                0x0001605c                altera_avalon_uart_init
 .text          0x0001609c      0x140 ../bmp_test_bsp/\libhal_bsp.a(altera_avalon_uart_read.o)
                0x0001609c                altera_avalon_uart_read
 .text          0x000161dc      0x138 ../bmp_test_bsp/\libhal_bsp.a(altera_avalon_uart_write.o)
                0x000161dc                altera_avalon_uart_write
 .text          0x00016314       0x94 ../bmp_test_bsp/\libhal_bsp.a(alt_alarm_start.o)
                0x00016314                alt_alarm_start
 .text          0x000163a8       0x68 ../bmp_test_bsp/\libhal_bsp.a(alt_busy_sleep.o)
                0x000163a8                alt_busy_sleep
 .text          0x00016410       0x7c ../bmp_test_bsp/\libhal_bsp.a(alt_dev_llist_insert.o)
                0x00016410                alt_dev_llist_insert
 .text          0x0001648c       0x4c ../bmp_test_bsp/\libhal_bsp.a(alt_do_ctors.o)
                0x0001648c                _do_ctors
 .text          0x000164d8       0x4c ../bmp_test_bsp/\libhal_bsp.a(alt_do_dtors.o)
                0x000164d8                _do_dtors
 .text          0x00016524       0x94 ../bmp_test_bsp/\libhal_bsp.a(alt_find_dev.o)
                0x00016524                alt_find_dev
 .text          0x000165b8       0xb0 ../bmp_test_bsp/\libhal_bsp.a(alt_find_file.o)
                0x000165b8                alt_find_file
 .text          0x00016668       0x60 ../bmp_test_bsp/\libhal_bsp.a(alt_flash_dev.o)
                0x00016668                alt_flash_close_dev
                0x0001667c                alt_flash_open_dev
 .text          0x000166c8       0x60 ../bmp_test_bsp/\libhal_bsp.a(alt_get_fd.o)
                0x000166c8                alt_get_fd
 .text          0x00016728       0x9c ../bmp_test_bsp/\libhal_bsp.a(alt_iic.o)
                0x00016728                alt_ic_irq_enabled
                0x00016740                alt_ic_irq_enable
                0x00016780                alt_ic_irq_disable
                0x000167c0                alt_ic_isr_register
 .text          0x000167c4       0x88 ../bmp_test_bsp/\libhal_bsp.a(alt_iic_isr_register.o)
                0x000167c4                alt_iic_isr_register
 .text          0x0001684c       0xfc ../bmp_test_bsp/\libhal_bsp.a(alt_io_redirect.o)
                0x000168bc                alt_io_redirect
 .text          0x00016948        0x0 ../bmp_test_bsp/\libhal_bsp.a(alt_irq_entry.o)
 .text          0x00016948        0x0 ../bmp_test_bsp/\libhal_bsp.a(alt_irq_handler.o)
 .text          0x00016948        0x0 ../bmp_test_bsp/\libhal_bsp.a(alt_irq_vars.o)
 .text          0x00016948       0xf4 ../bmp_test_bsp/\libhal_bsp.a(alt_tick.o)
                0x00016948                alt_alarm_stop
                0x0001697c                alt_tick
 .text          0x00016a3c        0x8 ../bmp_test_bsp/\libhal_bsp.a(altera_nios2_irq.o)
                0x00016a3c                altera_nios2_irq_init
 .text          0x00016a44      0x2e4 ../bmp_test_bsp/\libhal_bsp.a(altera_avalon_cfi_flash_amd.o)
                0x00016a44                alt_erase_block_amd
                0x00016bc0                alt_program_amd
 .text          0x00016d28      0x320 ../bmp_test_bsp/\libhal_bsp.a(altera_avalon_cfi_flash_intel.o)
                0x00016e20                alt_erase_block_intel
                0x00016f24                alt_program_intel
 .text          0x00017048        0x0 ../bmp_test_bsp/\libhal_bsp.a(alt_exception_entry.o)
 .text          0x00017048       0x14 c:/develop/altera/12.1sp1/nios2eds/bin/gnu/h-i686-mingw32/bin/../lib/gcc/nios2-elf/4.1.2/../../../../nios2-elf/lib\libc.a(lib_a-atexit.o)
                0x00017048                atexit
 .text          0x0001705c       0x38 c:/develop/altera/12.1sp1/nios2eds/bin/gnu/h-i686-mingw32/bin/../lib/gcc/nios2-elf/4.1.2/../../../../nios2-elf/lib\libc.a(lib_a-exit.o)
                0x0001705c                exit
 .text          0x00017094       0x74 c:/develop/altera/12.1sp1/nios2eds/bin/gnu/h-i686-mingw32/bin/../lib/gcc/nios2-elf/4.1.2/../../../../nios2-elf/lib\libc.a(lib_a-memcmp.o)
                0x00017094                memcmp
 .text          0x00017108      0x134 c:/develop/altera/12.1sp1/nios2eds/bin/gnu/h-i686-mingw32/bin/../lib/gcc/nios2-elf/4.1.2/../../../../nios2-elf/lib\libc.a(lib_a-__atexit.o)
                0x00017108                __register_exitproc
 .text          0x0001723c      0x1b4 c:/develop/altera/12.1sp1/nios2eds/bin/gnu/h-i686-mingw32/bin/../lib/gcc/nios2-elf/4.1.2/../../../../nios2-elf/lib\libc.a(lib_a-__call_atexit.o)
                0x00017240                __call_exitprocs
 .text          0x000173f0       0x14 ../bmp_test_bsp/\libhal_bsp.a(alt_exit.o)
                0x000173f0                _exit
 *(.gnu.warning.*)
 *(.fini)
                0x00017404                PROVIDE (__etext, ABSOLUTE (.))
                0x00017404                PROVIDE (_etext, ABSOLUTE (.))
                0x00017404                PROVIDE (etext, ABSOLUTE (.))
 *(.eh_frame_hdr)
                0x00017404                . = ALIGN (0x4)
                0x00017404                PROVIDE (__preinit_array_start, ABSOLUTE (.))
 *(.preinit_array)
                0x00017404                PROVIDE (__preinit_array_end, ABSOLUTE (.))
                0x00017404                PROVIDE (__init_array_start, ABSOLUTE (.))
 *(.init_array)
                0x00017404                PROVIDE (__init_array_end, ABSOLUTE (.))
                0x00017404                PROVIDE (__fini_array_start, ABSOLUTE (.))
 *(.fini_array)
                0x00017404                PROVIDE (__fini_array_end, ABSOLUTE (.))
 *(.eh_frame)
 *(.gcc_except_table)
 *(.dynamic)
                0x00017404                PROVIDE (__CTOR_LIST__, ABSOLUTE (.))
 *(.ctors)
 *(SORT(.ctors.*))
 .ctors.65535   0x00017404        0x4 c:/develop/altera/12.1sp1/nios2eds/bin/gnu/h-i686-mingw32/bin/../lib/gcc/nios2-elf/4.1.2/../../../../nios2-elf/lib\libc.a(lib_a-__call_atexit.o)
                0x00017408                PROVIDE (__CTOR_END__, ABSOLUTE (.))
                0x00017408                PROVIDE (__DTOR_LIST__, ABSOLUTE (.))
 *(.dtors)
 *(SORT(.dtors.*))
                0x00017408                PROVIDE (__DTOR_END__, ABSOLUTE (.))
 *(.jcr)
                0x00017408                . = ALIGN (0x4)

.rodata         0x00017408    0x31e3c
                0x00017408                PROVIDE (__ram_rodata_start, ABSOLUTE (.))
                0x00017408                . = ALIGN (0x4)
 *(.rodata .rodata.* .gnu.linkonce.r.*)
 .rodata        0x00017408       0x94 obj/default/bmp_test.o
 .rodata        0x0001749c       0x24 obj/default/mmcfs/fatfs/ff.o
 .rodata        0x000174c0     0xeab0 obj/default/mmcfs/fatfs/option/cc932.o
 .rodata        0x00025f70        0x8 obj/default/mmcfs/mmcfs.o
 .rodata        0x00025f78    0x2216c obj/default/nd_lib/fontx_k12x10.o
                0x00025f78                fontx_k12x10_fnt
 .rodata        0x000480e4      0xa14 obj/default/nd_lib/fontx_k6x10.o
                0x000480e4                fontx_k6x10_fnt
 .rodata        0x00048af8      0x400 obj/default/nd_lib/nd_egl.o
                0x00048af8                nd_GsEglRomFont
 .rodata.str1.4
                0x00048ef8        0x2 c:/develop/altera/12.1sp1/nios2eds/bin/gnu/h-i686-mingw32/bin/../lib/gcc/nios2-elf/4.1.2/../../../../nios2-elf/lib\libc.a(lib_a-impure.o)
                                  0x4 (size before relaxing)
 *fill*         0x00048efa        0x2 00
 .rodata.str1.4
                0x00048efc        0x2 c:/develop/altera/12.1sp1/nios2eds/bin/gnu/h-i686-mingw32/bin/../lib/gcc/nios2-elf/4.1.2/../../../../nios2-elf/lib\libc.a(lib_a-puts.o)
                                  0x4 (size before relaxing)
 *fill*         0x00048efe        0x2 00
 .rodata.str1.4
                0x00048f00       0x5e c:/develop/altera/12.1sp1/nios2eds/bin/gnu/h-i686-mingw32/bin/../lib/gcc/nios2-elf/4.1.2/../../../../nios2-elf/lib\libc.a(lib_a-vfprintf.o)
                                 0x60 (size before relaxing)
 .rodata        0x00048f5e       0x20 c:/develop/altera/12.1sp1/nios2eds/bin/gnu/h-i686-mingw32/bin/../lib/gcc/nios2-elf/4.1.2/../../../../nios2-elf/lib\libc.a(lib_a-vfprintf.o)
 *fill*         0x00048f7e        0x2 00
 .rodata.str1.4
                0x00048f80       0x10 c:/develop/altera/12.1sp1/nios2eds/bin/gnu/h-i686-mingw32/bin/../lib/gcc/nios2-elf/4.1.2/../../../../nios2-elf/lib\libc.a(lib_a-dtoa.o)
                                 0x14 (size before relaxing)
 .rodata.str1.4
                0x00048f90        0xf c:/develop/altera/12.1sp1/nios2eds/bin/gnu/h-i686-mingw32/bin/../lib/gcc/nios2-elf/4.1.2/../../../../nios2-elf/lib\libc.a(lib_a-locale.o)
                                 0x18 (size before relaxing)
 *fill*         0x00048f9f        0x1 00
 .rodata        0x00048fa0       0x30 c:/develop/altera/12.1sp1/nios2eds/bin/gnu/h-i686-mingw32/bin/../lib/gcc/nios2-elf/4.1.2/../../../../nios2-elf/lib\libc.a(lib_a-locale.o)
 .rodata        0x00048fd0      0x124 c:/develop/altera/12.1sp1/nios2eds/bin/gnu/h-i686-mingw32/bin/../lib/gcc/nios2-elf/4.1.2/../../../../nios2-elf/lib\libc.a(lib_a-mprec.o)
                0x00048fd0                __mprec_tens
                0x00049098                __mprec_bigtens
                0x000490c0                __mprec_tinytens
 .rodata        0x000490f4       0x14 c:/develop/altera/12.1sp1/nios2eds/bin/gnu/h-i686-mingw32/bin/../lib/gcc/nios2-elf/4.1.2\libgcc.a(_thenan_df.o)
                0x000490f4                __thenan_df
 .rodata        0x00049108      0x100 c:/develop/altera/12.1sp1/nios2eds/bin/gnu/h-i686-mingw32/bin/../lib/gcc/nios2-elf/4.1.2\libgcc.a(_clz.o)
                0x00049108                __clz_tab
 .rodata.str1.4
                0x00049208        0xa ../bmp_test_bsp/\libhal_bsp.a(alt_dev.o)
                                  0xc (size before relaxing)
 *fill*         0x00049212        0x2 00
 .rodata.str1.4
                0x00049214        0xf ../bmp_test_bsp/\libhal_bsp.a(alt_main.o)
                                 0x10 (size before relaxing)
 *fill*         0x00049223        0x1 00
 .rodata.str1.4
                0x00049224       0x20 ../bmp_test_bsp/\libhal_bsp.a(alt_sys_init.o)
                                 0x30 (size before relaxing)
 *(.rodata1)
                0x00049244                . = ALIGN (0x4)
                0x00049244                PROVIDE (__ram_rodata_end, ABSOLUTE (.))
                0x00017408                PROVIDE (__flash_rodata_start, LOADADDR (.rodata))

.rwdata         0x00049244     0x1c2c
                0x00049244                PROVIDE (__ram_rwdata_start, ABSOLUTE (.))
                0x00049244                . = ALIGN (0x4)
 *(.got.plt)
 *(.got)
 *(.data1)
 *(.data .data.* .gnu.linkonce.d.*)
 .data          0x00049244        0x0 ../bmp_test_bsp//obj/HAL/src/crt0.o
 .data          0x00049244        0x0 obj/default/bmp_test.o
 .data          0x00049244        0x0 obj/default/mmcfs/fatfs/ff.o
 .data          0x00049244        0x0 obj/default/mmcfs/fatfs/mmcbb.o
 .data          0x00049244        0x0 obj/default/mmcfs/fatfs/option/cc932.o
 .data          0x00049244        0x0 obj/default/mmcfs/gettime.o
 .data          0x00049244        0x0 obj/default/mmcfs/mmc_spi.o
 .data          0x00049244       0x28 obj/default/mmcfs/mmcfs.o
 .data          0x0004926c        0x0 obj/default/nd_lib/fontx_k12x10.o
 .data          0x0004926c        0x0 obj/default/nd_lib/fontx_k6x10.o
 .data          0x0004926c        0x0 obj/default/nd_lib/nd_egl.o
 .data          0x0004926c        0x0 c:/develop/altera/12.1sp1/nios2eds/bin/gnu/h-i686-mingw32/bin/../lib/gcc/nios2-elf/4.1.2/../../../../nios2-elf/lib\libc.a(lib_a-fclose.o)
 .data          0x0004926c        0x0 c:/develop/altera/12.1sp1/nios2eds/bin/gnu/h-i686-mingw32/bin/../lib/gcc/nios2-elf/4.1.2/../../../../nios2-elf/lib\libc.a(lib_a-fflush.o)
 .data          0x0004926c        0x0 c:/develop/altera/12.1sp1/nios2eds/bin/gnu/h-i686-mingw32/bin/../lib/gcc/nios2-elf/4.1.2/../../../../nios2-elf/lib\libc.a(lib_a-findfp.o)
 .data          0x0004926c        0x0 c:/develop/altera/12.1sp1/nios2eds/bin/gnu/h-i686-mingw32/bin/../lib/gcc/nios2-elf/4.1.2/../../../../nios2-elf/lib\libc.a(lib_a-fopen.o)
 .data          0x0004926c        0x0 c:/develop/altera/12.1sp1/nios2eds/bin/gnu/h-i686-mingw32/bin/../lib/gcc/nios2-elf/4.1.2/../../../../nios2-elf/lib\libc.a(lib_a-fread.o)
 .data          0x0004926c        0x0 c:/develop/altera/12.1sp1/nios2eds/bin/gnu/h-i686-mingw32/bin/../lib/gcc/nios2-elf/4.1.2/../../../../nios2-elf/lib\libc.a(lib_a-freer.o)
 .data          0x0004926c        0x0 c:/develop/altera/12.1sp1/nios2eds/bin/gnu/h-i686-mingw32/bin/../lib/gcc/nios2-elf/4.1.2/../../../../nios2-elf/lib\libc.a(lib_a-fseek.o)
 .data          0x0004926c        0x0 c:/develop/altera/12.1sp1/nios2eds/bin/gnu/h-i686-mingw32/bin/../lib/gcc/nios2-elf/4.1.2/../../../../nios2-elf/lib\libc.a(lib_a-fstatr.o)
 .data          0x0004926c        0x0 c:/develop/altera/12.1sp1/nios2eds/bin/gnu/h-i686-mingw32/bin/../lib/gcc/nios2-elf/4.1.2/../../../../nios2-elf/lib\libc.a(lib_a-fwalk.o)
 .data          0x0004926c      0x400 c:/develop/altera/12.1sp1/nios2eds/bin/gnu/h-i686-mingw32/bin/../lib/gcc/nios2-elf/4.1.2/../../../../nios2-elf/lib\libc.a(lib_a-impure.o)
 .data          0x0004966c        0x0 c:/develop/altera/12.1sp1/nios2eds/bin/gnu/h-i686-mingw32/bin/../lib/gcc/nios2-elf/4.1.2/../../../../nios2-elf/lib\libc.a(lib_a-int_errno.o)
 .data          0x0004966c        0x0 c:/develop/altera/12.1sp1/nios2eds/bin/gnu/h-i686-mingw32/bin/../lib/gcc/nios2-elf/4.1.2/../../../../nios2-elf/lib\libc.a(lib_a-makebuf.o)
 .data          0x0004966c        0x0 c:/develop/altera/12.1sp1/nios2eds/bin/gnu/h-i686-mingw32/bin/../lib/gcc/nios2-elf/4.1.2/../../../../nios2-elf/lib\libc.a(lib_a-malloc.o)
 .data          0x0004966c      0x408 c:/develop/altera/12.1sp1/nios2eds/bin/gnu/h-i686-mingw32/bin/../lib/gcc/nios2-elf/4.1.2/../../../../nios2-elf/lib\libc.a(lib_a-mallocr.o)
                0x0004966c                __malloc_av_
 .data          0x00049a74        0x0 c:/develop/altera/12.1sp1/nios2eds/bin/gnu/h-i686-mingw32/bin/../lib/gcc/nios2-elf/4.1.2/../../../../nios2-elf/lib\libc.a(lib_a-memcpy.o)
 .data          0x00049a74        0x0 c:/develop/altera/12.1sp1/nios2eds/bin/gnu/h-i686-mingw32/bin/../lib/gcc/nios2-elf/4.1.2/../../../../nios2-elf/lib\libc.a(lib_a-memset.o)
 .data          0x00049a74        0x0 c:/develop/altera/12.1sp1/nios2eds/bin/gnu/h-i686-mingw32/bin/../lib/gcc/nios2-elf/4.1.2/../../../../nios2-elf/lib\libc.a(lib_a-openr.o)
 .data          0x00049a74        0x0 c:/develop/altera/12.1sp1/nios2eds/bin/gnu/h-i686-mingw32/bin/../lib/gcc/nios2-elf/4.1.2/../../../../nios2-elf/lib\libc.a(lib_a-printf.o)
 .data          0x00049a74        0x0 c:/develop/altera/12.1sp1/nios2eds/bin/gnu/h-i686-mingw32/bin/../lib/gcc/nios2-elf/4.1.2/../../../../nios2-elf/lib\libc.a(lib_a-puts.o)
 .data          0x00049a74        0x0 c:/develop/altera/12.1sp1/nios2eds/bin/gnu/h-i686-mingw32/bin/../lib/gcc/nios2-elf/4.1.2/../../../../nios2-elf/lib\libc.a(lib_a-refill.o)
 .data          0x00049a74        0x0 c:/develop/altera/12.1sp1/nios2eds/bin/gnu/h-i686-mingw32/bin/../lib/gcc/nios2-elf/4.1.2/../../../../nios2-elf/lib\libc.a(lib_a-sbrkr.o)
 .data          0x00049a74        0x0 c:/develop/altera/12.1sp1/nios2eds/bin/gnu/h-i686-mingw32/bin/../lib/gcc/nios2-elf/4.1.2/../../../../nios2-elf/lib\libc.a(lib_a-stdio.o)
 .data          0x00049a74        0x0 c:/develop/altera/12.1sp1/nios2eds/bin/gnu/h-i686-mingw32/bin/../lib/gcc/nios2-elf/4.1.2/../../../../nios2-elf/lib\libc.a(lib_a-strlen.o)
 .data          0x00049a74        0x0 c:/develop/altera/12.1sp1/nios2eds/bin/gnu/h-i686-mingw32/bin/../lib/gcc/nios2-elf/4.1.2/../../../../nios2-elf/lib\libc.a(lib_a-vfprintf.o)
 .data          0x00049a74        0x0 c:/develop/altera/12.1sp1/nios2eds/bin/gnu/h-i686-mingw32/bin/../lib/gcc/nios2-elf/4.1.2/../../../../nios2-elf/lib\libc.a(lib_a-writer.o)
 .data          0x00049a74        0x0 c:/develop/altera/12.1sp1/nios2eds/bin/gnu/h-i686-mingw32/bin/../lib/gcc/nios2-elf/4.1.2/../../../../nios2-elf/lib\libc.a(lib_a-wsetup.o)
 .data          0x00049a74        0x0 c:/develop/altera/12.1sp1/nios2eds/bin/gnu/h-i686-mingw32/bin/../lib/gcc/nios2-elf/4.1.2/../../../../nios2-elf/lib\libc.a(lib_a-closer.o)
 .data          0x00049a74        0x0 c:/develop/altera/12.1sp1/nios2eds/bin/gnu/h-i686-mingw32/bin/../lib/gcc/nios2-elf/4.1.2/../../../../nios2-elf/lib\libc.a(lib_a-dtoa.o)
 .data          0x00049a74        0x0 c:/develop/altera/12.1sp1/nios2eds/bin/gnu/h-i686-mingw32/bin/../lib/gcc/nios2-elf/4.1.2/../../../../nios2-elf/lib\libc.a(lib_a-flags.o)
 .data          0x00049a74        0x0 c:/develop/altera/12.1sp1/nios2eds/bin/gnu/h-i686-mingw32/bin/../lib/gcc/nios2-elf/4.1.2/../../../../nios2-elf/lib\libc.a(lib_a-fvwrite.o)
 .data          0x00049a74        0x0 c:/develop/altera/12.1sp1/nios2eds/bin/gnu/h-i686-mingw32/bin/../lib/gcc/nios2-elf/4.1.2/../../../../nios2-elf/lib\libc.a(lib_a-isattyr.o)
 .data          0x00049a74        0xc c:/develop/altera/12.1sp1/nios2eds/bin/gnu/h-i686-mingw32/bin/../lib/gcc/nios2-elf/4.1.2/../../../../nios2-elf/lib\libc.a(lib_a-locale.o)
                0x00049a74                __lc_ctype
 .data          0x00049a80        0x0 c:/develop/altera/12.1sp1/nios2eds/bin/gnu/h-i686-mingw32/bin/../lib/gcc/nios2-elf/4.1.2/../../../../nios2-elf/lib\libc.a(lib_a-lseekr.o)
 .data          0x00049a80        0x0 c:/develop/altera/12.1sp1/nios2eds/bin/gnu/h-i686-mingw32/bin/../lib/gcc/nios2-elf/4.1.2/../../../../nios2-elf/lib\libc.a(lib_a-memchr.o)
 .data          0x00049a80        0x0 c:/develop/altera/12.1sp1/nios2eds/bin/gnu/h-i686-mingw32/bin/../lib/gcc/nios2-elf/4.1.2/../../../../nios2-elf/lib\libc.a(lib_a-memmove.o)
 .data          0x00049a80        0x0 c:/develop/altera/12.1sp1/nios2eds/bin/gnu/h-i686-mingw32/bin/../lib/gcc/nios2-elf/4.1.2/../../../../nios2-elf/lib\libc.a(lib_a-mprec.o)
 .data          0x00049a80        0x0 c:/develop/altera/12.1sp1/nios2eds/bin/gnu/h-i686-mingw32/bin/../lib/gcc/nios2-elf/4.1.2/../../../../nios2-elf/lib\libc.a(lib_a-readr.o)
 .data          0x00049a80        0x0 c:/develop/altera/12.1sp1/nios2eds/bin/gnu/h-i686-mingw32/bin/../lib/gcc/nios2-elf/4.1.2/../../../../nios2-elf/lib\libc.a(lib_a-reallocr.o)
 .data          0x00049a80        0x0 c:/develop/altera/12.1sp1/nios2eds/bin/gnu/h-i686-mingw32/bin/../lib/gcc/nios2-elf/4.1.2/../../../../nios2-elf/lib\libc.a(lib_a-s_isinfd.o)
 .data          0x00049a80        0x0 c:/develop/altera/12.1sp1/nios2eds/bin/gnu/h-i686-mingw32/bin/../lib/gcc/nios2-elf/4.1.2/../../../../nios2-elf/lib\libc.a(lib_a-s_isnand.o)
 .data          0x00049a80        0x0 c:/develop/altera/12.1sp1/nios2eds/bin/gnu/h-i686-mingw32/bin/../lib/gcc/nios2-elf/4.1.2/../../../../nios2-elf/lib\libc.a(lib_a-strcmp.o)
 .data          0x00049a80        0x0 c:/develop/altera/12.1sp1/nios2eds/bin/gnu/h-i686-mingw32/bin/../lib/gcc/nios2-elf/4.1.2/../../../../nios2-elf/lib\libc.a(lib_a-callocr.o)
 .data          0x00049a80        0x0 c:/develop/altera/12.1sp1/nios2eds/bin/gnu/h-i686-mingw32/bin/../lib/gcc/nios2-elf/4.1.2\libgcc.a(_udivdi3.o)
 .data          0x00049a80        0x0 c:/develop/altera/12.1sp1/nios2eds/bin/gnu/h-i686-mingw32/bin/../lib/gcc/nios2-elf/4.1.2\libgcc.a(_umoddi3.o)
 .data          0x00049a80        0x0 c:/develop/altera/12.1sp1/nios2eds/bin/gnu/h-i686-mingw32/bin/../lib/gcc/nios2-elf/4.1.2\libgcc.a(_addsub_df.o)
 .data          0x00049a80        0x0 c:/develop/altera/12.1sp1/nios2eds/bin/gnu/h-i686-mingw32/bin/../lib/gcc/nios2-elf/4.1.2\libgcc.a(_mul_df.o)
 .data          0x00049a80        0x0 c:/develop/altera/12.1sp1/nios2eds/bin/gnu/h-i686-mingw32/bin/../lib/gcc/nios2-elf/4.1.2\libgcc.a(_div_df.o)
 .data          0x00049a80        0x0 c:/develop/altera/12.1sp1/nios2eds/bin/gnu/h-i686-mingw32/bin/../lib/gcc/nios2-elf/4.1.2\libgcc.a(_eq_df.o)
 .data          0x00049a80        0x0 c:/develop/altera/12.1sp1/nios2eds/bin/gnu/h-i686-mingw32/bin/../lib/gcc/nios2-elf/4.1.2\libgcc.a(_ne_df.o)
 .data          0x00049a80        0x0 c:/develop/altera/12.1sp1/nios2eds/bin/gnu/h-i686-mingw32/bin/../lib/gcc/nios2-elf/4.1.2\libgcc.a(_gt_df.o)
 .data          0x00049a80        0x0 c:/develop/altera/12.1sp1/nios2eds/bin/gnu/h-i686-mingw32/bin/../lib/gcc/nios2-elf/4.1.2\libgcc.a(_ge_df.o)
 .data          0x00049a80        0x0 c:/develop/altera/12.1sp1/nios2eds/bin/gnu/h-i686-mingw32/bin/../lib/gcc/nios2-elf/4.1.2\libgcc.a(_lt_df.o)
 .data          0x00049a80        0x0 c:/develop/altera/12.1sp1/nios2eds/bin/gnu/h-i686-mingw32/bin/../lib/gcc/nios2-elf/4.1.2\libgcc.a(_si_to_df.o)
 .data          0x00049a80        0x0 c:/develop/altera/12.1sp1/nios2eds/bin/gnu/h-i686-mingw32/bin/../lib/gcc/nios2-elf/4.1.2\libgcc.a(_df_to_si.o)
 .data          0x00049a80        0x0 c:/develop/altera/12.1sp1/nios2eds/bin/gnu/h-i686-mingw32/bin/../lib/gcc/nios2-elf/4.1.2\libgcc.a(_thenan_df.o)
 .data          0x00049a80        0x0 c:/develop/altera/12.1sp1/nios2eds/bin/gnu/h-i686-mingw32/bin/../lib/gcc/nios2-elf/4.1.2\libgcc.a(_usi_to_df.o)
 .data          0x00049a80        0x0 c:/develop/altera/12.1sp1/nios2eds/bin/gnu/h-i686-mingw32/bin/../lib/gcc/nios2-elf/4.1.2\libgcc.a(lib2-divmod.o)
 .data          0x00049a80        0x0 c:/develop/altera/12.1sp1/nios2eds/bin/gnu/h-i686-mingw32/bin/../lib/gcc/nios2-elf/4.1.2\libgcc.a(_muldi3.o)
 .data          0x00049a80        0x0 c:/develop/altera/12.1sp1/nios2eds/bin/gnu/h-i686-mingw32/bin/../lib/gcc/nios2-elf/4.1.2\libgcc.a(_clz.o)
 .data          0x00049a80        0x0 c:/develop/altera/12.1sp1/nios2eds/bin/gnu/h-i686-mingw32/bin/../lib/gcc/nios2-elf/4.1.2\libgcc.a(_clzsi2.o)
 .data          0x00049a80        0x0 c:/develop/altera/12.1sp1/nios2eds/bin/gnu/h-i686-mingw32/bin/../lib/gcc/nios2-elf/4.1.2\libgcc.a(_pack_df.o)
 .data          0x00049a80        0x0 c:/develop/altera/12.1sp1/nios2eds/bin/gnu/h-i686-mingw32/bin/../lib/gcc/nios2-elf/4.1.2\libgcc.a(_unpack_df.o)
 .data          0x00049a80        0x0 c:/develop/altera/12.1sp1/nios2eds/bin/gnu/h-i686-mingw32/bin/../lib/gcc/nios2-elf/4.1.2\libgcc.a(_fpcmp_parts_df.o)
 .data          0x00049a80        0x0 ../bmp_test_bsp/\libhal_bsp.a(alt_close.o)
 .data          0x00049a80        0x0 ../bmp_test_bsp/\libhal_bsp.a(alt_dcache_flush.o)
 .data          0x00049a80      0x1a8 ../bmp_test_bsp/\libhal_bsp.a(alt_dev.o)
                0x00049a80                alt_dev_null
                0x00049aa8                alt_fd_list
 .data          0x00049c28        0x0 ../bmp_test_bsp/\libhal_bsp.a(alt_errno.o)
 .data          0x00049c28        0x0 ../bmp_test_bsp/\libhal_bsp.a(alt_fs_reg.o)
 .data          0x00049c28        0x0 ../bmp_test_bsp/\libhal_bsp.a(alt_fstat.o)
 .data          0x00049c28        0x0 ../bmp_test_bsp/\libhal_bsp.a(alt_isatty.o)
 .data          0x00049c28        0x0 ../bmp_test_bsp/\libhal_bsp.a(alt_lseek.o)
 .data          0x00049c28        0x0 ../bmp_test_bsp/\libhal_bsp.a(alt_main.o)
 .data          0x00049c28        0x0 ../bmp_test_bsp/\libhal_bsp.a(alt_malloc_lock.o)
 .data          0x00049c28        0x0 ../bmp_test_bsp/\libhal_bsp.a(alt_open.o)
 .data          0x00049c28        0x0 ../bmp_test_bsp/\libhal_bsp.a(alt_read.o)
 .data          0x00049c28        0x0 ../bmp_test_bsp/\libhal_bsp.a(alt_release_fd.o)
 .data          0x00049c28        0x0 ../bmp_test_bsp/\libhal_bsp.a(alt_sbrk.o)
 .data          0x00049c28        0x0 ../bmp_test_bsp/\libhal_bsp.a(alt_usleep.o)
 .data          0x00049c28        0x0 ../bmp_test_bsp/\libhal_bsp.a(alt_write.o)
 .data          0x00049c28     0x11fc ../bmp_test_bsp/\libhal_bsp.a(alt_sys_init.o)
 .data          0x0004ae24        0x0 ../bmp_test_bsp/\libhal_bsp.a(altera_avalon_cfi_flash.o)
 .data          0x0004ae24        0x0 ../bmp_test_bsp/\libhal_bsp.a(altera_avalon_cfi_flash_table.o)
 .data          0x0004ae24        0x0 ../bmp_test_bsp/\libhal_bsp.a(altera_avalon_jtag_uart_fd.o)
 .data          0x0004ae24        0x0 ../bmp_test_bsp/\libhal_bsp.a(altera_avalon_jtag_uart_init.o)
 .data          0x0004ae24        0x0 ../bmp_test_bsp/\libhal_bsp.a(altera_avalon_jtag_uart_ioctl.o)
 .data          0x0004ae24        0x0 ../bmp_test_bsp/\libhal_bsp.a(altera_avalon_jtag_uart_read.o)
 .data          0x0004ae24        0x0 ../bmp_test_bsp/\libhal_bsp.a(altera_avalon_jtag_uart_write.o)
 .data          0x0004ae24        0x0 ../bmp_test_bsp/\libhal_bsp.a(altera_avalon_timer_sc.o)
 .data          0x0004ae24        0x0 ../bmp_test_bsp/\libhal_bsp.a(altera_avalon_uart_fd.o)
 .data          0x0004ae24        0x0 ../bmp_test_bsp/\libhal_bsp.a(altera_avalon_uart_init.o)
 .data          0x0004ae24        0x0 ../bmp_test_bsp/\libhal_bsp.a(altera_avalon_uart_read.o)
 .data          0x0004ae24        0x0 ../bmp_test_bsp/\libhal_bsp.a(altera_avalon_uart_write.o)
 .data          0x0004ae24        0x0 ../bmp_test_bsp/\libhal_bsp.a(alt_alarm_start.o)
 .data          0x0004ae24        0x0 ../bmp_test_bsp/\libhal_bsp.a(alt_busy_sleep.o)
 .data          0x0004ae24        0x0 ../bmp_test_bsp/\libhal_bsp.a(alt_dev_llist_insert.o)
 .data          0x0004ae24        0x0 ../bmp_test_bsp/\libhal_bsp.a(alt_do_ctors.o)
 .data          0x0004ae24        0x0 ../bmp_test_bsp/\libhal_bsp.a(alt_do_dtors.o)
 .data          0x0004ae24        0x0 ../bmp_test_bsp/\libhal_bsp.a(alt_find_dev.o)
 .data          0x0004ae24        0x0 ../bmp_test_bsp/\libhal_bsp.a(alt_find_file.o)
 .data          0x0004ae24        0x0 ../bmp_test_bsp/\libhal_bsp.a(alt_flash_dev.o)
 .data          0x0004ae24        0x0 ../bmp_test_bsp/\libhal_bsp.a(alt_get_fd.o)
 .data          0x0004ae24        0x0 ../bmp_test_bsp/\libhal_bsp.a(alt_iic.o)
 .data          0x0004ae24        0x0 ../bmp_test_bsp/\libhal_bsp.a(alt_iic_isr_register.o)
 .data          0x0004ae24        0x0 ../bmp_test_bsp/\libhal_bsp.a(alt_io_redirect.o)
 .data          0x0004ae24        0x0 ../bmp_test_bsp/\libhal_bsp.a(alt_irq_entry.o)
 .data          0x0004ae24        0x0 ../bmp_test_bsp/\libhal_bsp.a(alt_irq_handler.o)
 .data          0x0004ae24        0x0 ../bmp_test_bsp/\libhal_bsp.a(alt_irq_vars.o)
 .data          0x0004ae24        0x0 ../bmp_test_bsp/\libhal_bsp.a(alt_tick.o)
 .data          0x0004ae24        0x0 ../bmp_test_bsp/\libhal_bsp.a(altera_nios2_irq.o)
 .data          0x0004ae24        0x0 ../bmp_test_bsp/\libhal_bsp.a(altera_avalon_cfi_flash_amd.o)
 .data          0x0004ae24        0x0 ../bmp_test_bsp/\libhal_bsp.a(altera_avalon_cfi_flash_intel.o)
 .data          0x0004ae24        0x0 ../bmp_test_bsp/\libhal_bsp.a(alt_exception_entry.o)
 .data          0x0004ae24        0x0 c:/develop/altera/12.1sp1/nios2eds/bin/gnu/h-i686-mingw32/bin/../lib/gcc/nios2-elf/4.1.2/../../../../nios2-elf/lib\libc.a(lib_a-atexit.o)
 .data          0x0004ae24        0x0 c:/develop/altera/12.1sp1/nios2eds/bin/gnu/h-i686-mingw32/bin/../lib/gcc/nios2-elf/4.1.2/../../../../nios2-elf/lib\libc.a(lib_a-exit.o)
 .data          0x0004ae24        0x0 c:/develop/altera/12.1sp1/nios2eds/bin/gnu/h-i686-mingw32/bin/../lib/gcc/nios2-elf/4.1.2/../../../../nios2-elf/lib\libc.a(lib_a-memcmp.o)
 .data          0x0004ae24        0x0 c:/develop/altera/12.1sp1/nios2eds/bin/gnu/h-i686-mingw32/bin/../lib/gcc/nios2-elf/4.1.2/../../../../nios2-elf/lib\libc.a(lib_a-__atexit.o)
 .data          0x0004ae24        0x0 c:/develop/altera/12.1sp1/nios2eds/bin/gnu/h-i686-mingw32/bin/../lib/gcc/nios2-elf/4.1.2/../../../../nios2-elf/lib\libc.a(lib_a-__call_atexit.o)
 .data          0x0004ae24        0x0 ../bmp_test_bsp/\libhal_bsp.a(alt_exit.o)
                0x00052e24                _gp = ABSOLUTE ((. + 0x8000))
                0x00052e24                PROVIDE (gp, _gp)
 *(.rwdata .rwdata.*)
 *(.sdata .sdata.* .gnu.linkonce.s.*)
 .sdata         0x0004ae24        0x1 obj/default/mmcfs/fatfs/mmcbb.o
 *fill*         0x0004ae25        0x3 00
 .sdata         0x0004ae28        0x8 c:/develop/altera/12.1sp1/nios2eds/bin/gnu/h-i686-mingw32/bin/../lib/gcc/nios2-elf/4.1.2/../../../../nios2-elf/lib\libc.a(lib_a-impure.o)
                0x0004ae28                _impure_ptr
                0x0004ae2c                _global_impure_ptr
 .sdata         0x0004ae30        0x8 c:/develop/altera/12.1sp1/nios2eds/bin/gnu/h-i686-mingw32/bin/../lib/gcc/nios2-elf/4.1.2/../../../../nios2-elf/lib\libc.a(lib_a-mallocr.o)
                0x0004ae30                __malloc_trim_threshold
                0x0004ae34                __malloc_sbrk_base
 .sdata         0x0004ae38        0x8 c:/develop/altera/12.1sp1/nios2eds/bin/gnu/h-i686-mingw32/bin/../lib/gcc/nios2-elf/4.1.2/../../../../nios2-elf/lib\libc.a(lib_a-locale.o)
                0x0004ae38                __mb_cur_max
 .sdata         0x0004ae40       0x14 ../bmp_test_bsp/\libhal_bsp.a(alt_dev.o)
                0x0004ae40                alt_fs_list
                0x0004ae48                alt_dev_list
                0x0004ae50                alt_max_fd
 .sdata         0x0004ae54        0x4 ../bmp_test_bsp/\libhal_bsp.a(alt_errno.o)
                0x0004ae54                alt_errno
 .sdata         0x0004ae58        0x4 ../bmp_test_bsp/\libhal_bsp.a(alt_sbrk.o)
 .sdata         0x0004ae5c        0x8 ../bmp_test_bsp/\libhal_bsp.a(alt_flash_dev.o)
                0x0004ae5c                alt_flash_dev_list
 .sdata         0x0004ae64        0x4 ../bmp_test_bsp/\libhal_bsp.a(alt_irq_vars.o)
                0x0004ae64                alt_priority_mask
 .sdata         0x0004ae68        0x8 ../bmp_test_bsp/\libhal_bsp.a(alt_tick.o)
                0x0004ae68                alt_alarm_list
 *(.sdata2 .sdata2.* .gnu.linkonce.s2.*)
                0x0004ae70                . = ALIGN (0x4)
                0x0004ae70                _edata = ABSOLUTE (.)
                0x0004ae70                PROVIDE (edata, ABSOLUTE (.))
                0x0004ae70                PROVIDE (__ram_rwdata_end, ABSOLUTE (.))
                0x00049244                PROVIDE (__flash_rwdata_start, LOADADDR (.rwdata))

.bss            0x0004ae70     0x29d4
                0x0004ae70                __bss_start = ABSOLUTE (.)
                0x0004ae70                PROVIDE (__sbss_start, ABSOLUTE (.))
                0x0004ae70                PROVIDE (___sbss_start, ABSOLUTE (.))
 *(.dynsbss)
 *(.sbss .sbss.* .gnu.linkonce.sb.*)
 .sbss          0x0004ae70        0x8 obj/default/mmcfs/fatfs/ff.o
 .sbss          0x0004ae78        0x1 obj/default/mmcfs/fatfs/mmcbb.o
 *fill*         0x0004ae79        0x3 00
 .sbss          0x0004ae7c        0x8 obj/default/mmcfs/mmc_spi.o
 .sbss          0x0004ae84        0x4 obj/default/mmcfs/mmcfs.o
 .sbss          0x0004ae88       0x14 obj/default/nd_lib/nd_egl.o
 .sbss          0x0004ae9c        0xc obj/default/nd_lib/nd_egl.o
                0x0004ae9c                nd_GsVgaVsyncCount
                0x0004aea0                nd_GsEglDrawBuffer
                0x0004aea4                nd_GsVgaVsyncFlag
 .sbss          0x0004aea8        0x4 c:/develop/altera/12.1sp1/nios2eds/bin/gnu/h-i686-mingw32/bin/../lib/gcc/nios2-elf/4.1.2/../../../../nios2-elf/lib\libc.a(lib_a-int_errno.o)
                0x0004aea8                errno
 .sbss          0x0004aeac        0xc c:/develop/altera/12.1sp1/nios2eds/bin/gnu/h-i686-mingw32/bin/../lib/gcc/nios2-elf/4.1.2/../../../../nios2-elf/lib\libc.a(lib_a-mallocr.o)
                0x0004aeac                __malloc_top_pad
                0x0004aeb0                __malloc_max_sbrked_mem
                0x0004aeb4                __malloc_max_total_mem
 .sbss          0x0004aeb8        0xc c:/develop/altera/12.1sp1/nios2eds/bin/gnu/h-i686-mingw32/bin/../lib/gcc/nios2-elf/4.1.2/../../../../nios2-elf/lib\libc.a(lib_a-locale.o)
                0x0004aeb8                __nlocale_changed
                0x0004aebc                __mlocale_changed
                0x0004aec0                _PathLocale
 .sbss          0x0004aec4        0xc ../bmp_test_bsp/\libhal_bsp.a(alt_main.o)
                0x0004aec4                alt_argc
                0x0004aec8                alt_argv
                0x0004aecc                alt_envp
 .sbss          0x0004aed0        0x4 ../bmp_test_bsp/\libhal_bsp.a(alt_irq_vars.o)
                0x0004aed0                alt_irq_active
 .sbss          0x0004aed4        0x8 ../bmp_test_bsp/\libhal_bsp.a(alt_tick.o)
                0x0004aed4                _alt_tick_rate
                0x0004aed8                _alt_nticks
 *(.sbss2 .sbss2.* .gnu.linkonce.sb2.*)
 *(.scommon)
                0x0004aedc                PROVIDE (__sbss_end, ABSOLUTE (.))
                0x0004aedc                PROVIDE (___sbss_end, ABSOLUTE (.))
 *(.dynbss)
 *(.bss .bss.* .gnu.linkonce.b.*)
 .bss           0x0004aedc        0x0 ../bmp_test_bsp//obj/HAL/src/crt0.o
 .bss           0x0004aedc        0x0 obj/default/bmp_test.o
 .bss           0x0004aedc      0x200 obj/default/mmcfs/fatfs/ff.o
 .bss           0x0004b0dc        0x0 obj/default/mmcfs/fatfs/mmcbb.o
 .bss           0x0004b0dc        0x0 obj/default/mmcfs/fatfs/option/cc932.o
 .bss           0x0004b0dc        0x0 obj/default/mmcfs/gettime.o
 .bss           0x0004b0dc        0x0 obj/default/mmcfs/mmc_spi.o
 .bss           0x0004b0dc     0x24b0 obj/default/mmcfs/mmcfs.o
 .bss           0x0004d58c        0x0 obj/default/nd_lib/fontx_k12x10.o
 .bss           0x0004d58c        0x0 obj/default/nd_lib/fontx_k6x10.o
 .bss           0x0004d58c        0x0 obj/default/nd_lib/nd_egl.o
 .bss           0x0004d58c        0x0 c:/develop/altera/12.1sp1/nios2eds/bin/gnu/h-i686-mingw32/bin/../lib/gcc/nios2-elf/4.1.2/../../../../nios2-elf/lib\libc.a(lib_a-fclose.o)
 .bss           0x0004d58c        0x0 c:/develop/altera/12.1sp1/nios2eds/bin/gnu/h-i686-mingw32/bin/../lib/gcc/nios2-elf/4.1.2/../../../../nios2-elf/lib\libc.a(lib_a-fflush.o)
 .bss           0x0004d58c        0x0 c:/develop/altera/12.1sp1/nios2eds/bin/gnu/h-i686-mingw32/bin/../lib/gcc/nios2-elf/4.1.2/../../../../nios2-elf/lib\libc.a(lib_a-findfp.o)
 .bss           0x0004d58c        0x0 c:/develop/altera/12.1sp1/nios2eds/bin/gnu/h-i686-mingw32/bin/../lib/gcc/nios2-elf/4.1.2/../../../../nios2-elf/lib\libc.a(lib_a-fopen.o)
 .bss           0x0004d58c        0x0 c:/develop/altera/12.1sp1/nios2eds/bin/gnu/h-i686-mingw32/bin/../lib/gcc/nios2-elf/4.1.2/../../../../nios2-elf/lib\libc.a(lib_a-fread.o)
 .bss           0x0004d58c        0x0 c:/develop/altera/12.1sp1/nios2eds/bin/gnu/h-i686-mingw32/bin/../lib/gcc/nios2-elf/4.1.2/../../../../nios2-elf/lib\libc.a(lib_a-freer.o)
 .bss           0x0004d58c        0x0 c:/develop/altera/12.1sp1/nios2eds/bin/gnu/h-i686-mingw32/bin/../lib/gcc/nios2-elf/4.1.2/../../../../nios2-elf/lib\libc.a(lib_a-fseek.o)
 .bss           0x0004d58c        0x0 c:/develop/altera/12.1sp1/nios2eds/bin/gnu/h-i686-mingw32/bin/../lib/gcc/nios2-elf/4.1.2/../../../../nios2-elf/lib\libc.a(lib_a-fstatr.o)
 .bss           0x0004d58c        0x0 c:/develop/altera/12.1sp1/nios2eds/bin/gnu/h-i686-mingw32/bin/../lib/gcc/nios2-elf/4.1.2/../../../../nios2-elf/lib\libc.a(lib_a-fwalk.o)
 .bss           0x0004d58c        0x0 c:/develop/altera/12.1sp1/nios2eds/bin/gnu/h-i686-mingw32/bin/../lib/gcc/nios2-elf/4.1.2/../../../../nios2-elf/lib\libc.a(lib_a-impure.o)
 .bss           0x0004d58c        0x0 c:/develop/altera/12.1sp1/nios2eds/bin/gnu/h-i686-mingw32/bin/../lib/gcc/nios2-elf/4.1.2/../../../../nios2-elf/lib\libc.a(lib_a-int_errno.o)
 .bss           0x0004d58c        0x0 c:/develop/altera/12.1sp1/nios2eds/bin/gnu/h-i686-mingw32/bin/../lib/gcc/nios2-elf/4.1.2/../../../../nios2-elf/lib\libc.a(lib_a-makebuf.o)
 .bss           0x0004d58c        0x0 c:/develop/altera/12.1sp1/nios2eds/bin/gnu/h-i686-mingw32/bin/../lib/gcc/nios2-elf/4.1.2/../../../../nios2-elf/lib\libc.a(lib_a-malloc.o)
 .bss           0x0004d58c       0x28 c:/develop/altera/12.1sp1/nios2eds/bin/gnu/h-i686-mingw32/bin/../lib/gcc/nios2-elf/4.1.2/../../../../nios2-elf/lib\libc.a(lib_a-mallocr.o)
                0x0004d58c                __malloc_current_mallinfo
 .bss           0x0004d5b4        0x0 c:/develop/altera/12.1sp1/nios2eds/bin/gnu/h-i686-mingw32/bin/../lib/gcc/nios2-elf/4.1.2/../../../../nios2-elf/lib\libc.a(lib_a-memcpy.o)
 .bss           0x0004d5b4        0x0 c:/develop/altera/12.1sp1/nios2eds/bin/gnu/h-i686-mingw32/bin/../lib/gcc/nios2-elf/4.1.2/../../../../nios2-elf/lib\libc.a(lib_a-memset.o)
 .bss           0x0004d5b4        0x0 c:/develop/altera/12.1sp1/nios2eds/bin/gnu/h-i686-mingw32/bin/../lib/gcc/nios2-elf/4.1.2/../../../../nios2-elf/lib\libc.a(lib_a-openr.o)
 .bss           0x0004d5b4        0x0 c:/develop/altera/12.1sp1/nios2eds/bin/gnu/h-i686-mingw32/bin/../lib/gcc/nios2-elf/4.1.2/../../../../nios2-elf/lib\libc.a(lib_a-printf.o)
 .bss           0x0004d5b4        0x0 c:/develop/altera/12.1sp1/nios2eds/bin/gnu/h-i686-mingw32/bin/../lib/gcc/nios2-elf/4.1.2/../../../../nios2-elf/lib\libc.a(lib_a-puts.o)
 .bss           0x0004d5b4        0x0 c:/develop/altera/12.1sp1/nios2eds/bin/gnu/h-i686-mingw32/bin/../lib/gcc/nios2-elf/4.1.2/../../../../nios2-elf/lib\libc.a(lib_a-refill.o)
 .bss           0x0004d5b4        0x0 c:/develop/altera/12.1sp1/nios2eds/bin/gnu/h-i686-mingw32/bin/../lib/gcc/nios2-elf/4.1.2/../../../../nios2-elf/lib\libc.a(lib_a-sbrkr.o)
 .bss           0x0004d5b4        0x0 c:/develop/altera/12.1sp1/nios2eds/bin/gnu/h-i686-mingw32/bin/../lib/gcc/nios2-elf/4.1.2/../../../../nios2-elf/lib\libc.a(lib_a-stdio.o)
 .bss           0x0004d5b4        0x0 c:/develop/altera/12.1sp1/nios2eds/bin/gnu/h-i686-mingw32/bin/../lib/gcc/nios2-elf/4.1.2/../../../../nios2-elf/lib\libc.a(lib_a-strlen.o)
 .bss           0x0004d5b4        0x0 c:/develop/altera/12.1sp1/nios2eds/bin/gnu/h-i686-mingw32/bin/../lib/gcc/nios2-elf/4.1.2/../../../../nios2-elf/lib\libc.a(lib_a-vfprintf.o)
 .bss           0x0004d5b4        0x0 c:/develop/altera/12.1sp1/nios2eds/bin/gnu/h-i686-mingw32/bin/../lib/gcc/nios2-elf/4.1.2/../../../../nios2-elf/lib\libc.a(lib_a-writer.o)
 .bss           0x0004d5b4        0x0 c:/develop/altera/12.1sp1/nios2eds/bin/gnu/h-i686-mingw32/bin/../lib/gcc/nios2-elf/4.1.2/../../../../nios2-elf/lib\libc.a(lib_a-wsetup.o)
 .bss           0x0004d5b4        0x0 c:/develop/altera/12.1sp1/nios2eds/bin/gnu/h-i686-mingw32/bin/../lib/gcc/nios2-elf/4.1.2/../../../../nios2-elf/lib\libc.a(lib_a-closer.o)
 .bss           0x0004d5b4        0x0 c:/develop/altera/12.1sp1/nios2eds/bin/gnu/h-i686-mingw32/bin/../lib/gcc/nios2-elf/4.1.2/../../../../nios2-elf/lib\libc.a(lib_a-dtoa.o)
 .bss           0x0004d5b4        0x0 c:/develop/altera/12.1sp1/nios2eds/bin/gnu/h-i686-mingw32/bin/../lib/gcc/nios2-elf/4.1.2/../../../../nios2-elf/lib\libc.a(lib_a-flags.o)
 .bss           0x0004d5b4        0x0 c:/develop/altera/12.1sp1/nios2eds/bin/gnu/h-i686-mingw32/bin/../lib/gcc/nios2-elf/4.1.2/../../../../nios2-elf/lib\libc.a(lib_a-fvwrite.o)
 .bss           0x0004d5b4        0x0 c:/develop/altera/12.1sp1/nios2eds/bin/gnu/h-i686-mingw32/bin/../lib/gcc/nios2-elf/4.1.2/../../../../nios2-elf/lib\libc.a(lib_a-isattyr.o)
 .bss           0x0004d5b4        0x0 c:/develop/altera/12.1sp1/nios2eds/bin/gnu/h-i686-mingw32/bin/../lib/gcc/nios2-elf/4.1.2/../../../../nios2-elf/lib\libc.a(lib_a-locale.o)
 .bss           0x0004d5b4        0x0 c:/develop/altera/12.1sp1/nios2eds/bin/gnu/h-i686-mingw32/bin/../lib/gcc/nios2-elf/4.1.2/../../../../nios2-elf/lib\libc.a(lib_a-lseekr.o)
 .bss           0x0004d5b4        0x0 c:/develop/altera/12.1sp1/nios2eds/bin/gnu/h-i686-mingw32/bin/../lib/gcc/nios2-elf/4.1.2/../../../../nios2-elf/lib\libc.a(lib_a-memchr.o)
 .bss           0x0004d5b4        0x0 c:/develop/altera/12.1sp1/nios2eds/bin/gnu/h-i686-mingw32/bin/../lib/gcc/nios2-elf/4.1.2/../../../../nios2-elf/lib\libc.a(lib_a-memmove.o)
 .bss           0x0004d5b4        0x0 c:/develop/altera/12.1sp1/nios2eds/bin/gnu/h-i686-mingw32/bin/../lib/gcc/nios2-elf/4.1.2/../../../../nios2-elf/lib\libc.a(lib_a-mprec.o)
 .bss           0x0004d5b4        0x0 c:/develop/altera/12.1sp1/nios2eds/bin/gnu/h-i686-mingw32/bin/../lib/gcc/nios2-elf/4.1.2/../../../../nios2-elf/lib\libc.a(lib_a-readr.o)
 .bss           0x0004d5b4        0x0 c:/develop/altera/12.1sp1/nios2eds/bin/gnu/h-i686-mingw32/bin/../lib/gcc/nios2-elf/4.1.2/../../../../nios2-elf/lib\libc.a(lib_a-reallocr.o)
 .bss           0x0004d5b4        0x0 c:/develop/altera/12.1sp1/nios2eds/bin/gnu/h-i686-mingw32/bin/../lib/gcc/nios2-elf/4.1.2/../../../../nios2-elf/lib\libc.a(lib_a-s_isinfd.o)
 .bss           0x0004d5b4        0x0 c:/develop/altera/12.1sp1/nios2eds/bin/gnu/h-i686-mingw32/bin/../lib/gcc/nios2-elf/4.1.2/../../../../nios2-elf/lib\libc.a(lib_a-s_isnand.o)
 .bss           0x0004d5b4        0x0 c:/develop/altera/12.1sp1/nios2eds/bin/gnu/h-i686-mingw32/bin/../lib/gcc/nios2-elf/4.1.2/../../../../nios2-elf/lib\libc.a(lib_a-strcmp.o)
 .bss           0x0004d5b4        0x0 c:/develop/altera/12.1sp1/nios2eds/bin/gnu/h-i686-mingw32/bin/../lib/gcc/nios2-elf/4.1.2/../../../../nios2-elf/lib\libc.a(lib_a-callocr.o)
 .bss           0x0004d5b4        0x0 c:/develop/altera/12.1sp1/nios2eds/bin/gnu/h-i686-mingw32/bin/../lib/gcc/nios2-elf/4.1.2\libgcc.a(_udivdi3.o)
 .bss           0x0004d5b4        0x0 c:/develop/altera/12.1sp1/nios2eds/bin/gnu/h-i686-mingw32/bin/../lib/gcc/nios2-elf/4.1.2\libgcc.a(_umoddi3.o)
 .bss           0x0004d5b4        0x0 c:/develop/altera/12.1sp1/nios2eds/bin/gnu/h-i686-mingw32/bin/../lib/gcc/nios2-elf/4.1.2\libgcc.a(_addsub_df.o)
 .bss           0x0004d5b4        0x0 c:/develop/altera/12.1sp1/nios2eds/bin/gnu/h-i686-mingw32/bin/../lib/gcc/nios2-elf/4.1.2\libgcc.a(_mul_df.o)
 .bss           0x0004d5b4        0x0 c:/develop/altera/12.1sp1/nios2eds/bin/gnu/h-i686-mingw32/bin/../lib/gcc/nios2-elf/4.1.2\libgcc.a(_div_df.o)
 .bss           0x0004d5b4        0x0 c:/develop/altera/12.1sp1/nios2eds/bin/gnu/h-i686-mingw32/bin/../lib/gcc/nios2-elf/4.1.2\libgcc.a(_eq_df.o)
 .bss           0x0004d5b4        0x0 c:/develop/altera/12.1sp1/nios2eds/bin/gnu/h-i686-mingw32/bin/../lib/gcc/nios2-elf/4.1.2\libgcc.a(_ne_df.o)
 .bss           0x0004d5b4        0x0 c:/develop/altera/12.1sp1/nios2eds/bin/gnu/h-i686-mingw32/bin/../lib/gcc/nios2-elf/4.1.2\libgcc.a(_gt_df.o)
 .bss           0x0004d5b4        0x0 c:/develop/altera/12.1sp1/nios2eds/bin/gnu/h-i686-mingw32/bin/../lib/gcc/nios2-elf/4.1.2\libgcc.a(_ge_df.o)
 .bss           0x0004d5b4        0x0 c:/develop/altera/12.1sp1/nios2eds/bin/gnu/h-i686-mingw32/bin/../lib/gcc/nios2-elf/4.1.2\libgcc.a(_lt_df.o)
 .bss           0x0004d5b4        0x0 c:/develop/altera/12.1sp1/nios2eds/bin/gnu/h-i686-mingw32/bin/../lib/gcc/nios2-elf/4.1.2\libgcc.a(_si_to_df.o)
 .bss           0x0004d5b4        0x0 c:/develop/altera/12.1sp1/nios2eds/bin/gnu/h-i686-mingw32/bin/../lib/gcc/nios2-elf/4.1.2\libgcc.a(_df_to_si.o)
 .bss           0x0004d5b4        0x0 c:/develop/altera/12.1sp1/nios2eds/bin/gnu/h-i686-mingw32/bin/../lib/gcc/nios2-elf/4.1.2\libgcc.a(_thenan_df.o)
 .bss           0x0004d5b4        0x0 c:/develop/altera/12.1sp1/nios2eds/bin/gnu/h-i686-mingw32/bin/../lib/gcc/nios2-elf/4.1.2\libgcc.a(_usi_to_df.o)
 .bss           0x0004d5b4        0x0 c:/develop/altera/12.1sp1/nios2eds/bin/gnu/h-i686-mingw32/bin/../lib/gcc/nios2-elf/4.1.2\libgcc.a(lib2-divmod.o)
 .bss           0x0004d5b4        0x0 c:/develop/altera/12.1sp1/nios2eds/bin/gnu/h-i686-mingw32/bin/../lib/gcc/nios2-elf/4.1.2\libgcc.a(_muldi3.o)
 .bss           0x0004d5b4        0x0 c:/develop/altera/12.1sp1/nios2eds/bin/gnu/h-i686-mingw32/bin/../lib/gcc/nios2-elf/4.1.2\libgcc.a(_clz.o)
 .bss           0x0004d5b4        0x0 c:/develop/altera/12.1sp1/nios2eds/bin/gnu/h-i686-mingw32/bin/../lib/gcc/nios2-elf/4.1.2\libgcc.a(_clzsi2.o)
 .bss           0x0004d5b4        0x0 c:/develop/altera/12.1sp1/nios2eds/bin/gnu/h-i686-mingw32/bin/../lib/gcc/nios2-elf/4.1.2\libgcc.a(_pack_df.o)
 .bss           0x0004d5b4        0x0 c:/develop/altera/12.1sp1/nios2eds/bin/gnu/h-i686-mingw32/bin/../lib/gcc/nios2-elf/4.1.2\libgcc.a(_unpack_df.o)
 .bss           0x0004d5b4        0x0 c:/develop/altera/12.1sp1/nios2eds/bin/gnu/h-i686-mingw32/bin/../lib/gcc/nios2-elf/4.1.2\libgcc.a(_fpcmp_parts_df.o)
 .bss           0x0004d5b4        0x0 ../bmp_test_bsp/\libhal_bsp.a(alt_close.o)
 .bss           0x0004d5b4        0x0 ../bmp_test_bsp/\libhal_bsp.a(alt_dcache_flush.o)
 .bss           0x0004d5b4        0x0 ../bmp_test_bsp/\libhal_bsp.a(alt_dev.o)
 .bss           0x0004d5b4        0x0 ../bmp_test_bsp/\libhal_bsp.a(alt_errno.o)
 .bss           0x0004d5b4        0x0 ../bmp_test_bsp/\libhal_bsp.a(alt_fs_reg.o)
 .bss           0x0004d5b4        0x0 ../bmp_test_bsp/\libhal_bsp.a(alt_fstat.o)
 .bss           0x0004d5b4        0x0 ../bmp_test_bsp/\libhal_bsp.a(alt_isatty.o)
 .bss           0x0004d5b4        0x0 ../bmp_test_bsp/\libhal_bsp.a(alt_lseek.o)
 .bss           0x0004d5b4        0x0 ../bmp_test_bsp/\libhal_bsp.a(alt_main.o)
 .bss           0x0004d5b4        0x0 ../bmp_test_bsp/\libhal_bsp.a(alt_malloc_lock.o)
 .bss           0x0004d5b4        0x0 ../bmp_test_bsp/\libhal_bsp.a(alt_open.o)
 .bss           0x0004d5b4        0x0 ../bmp_test_bsp/\libhal_bsp.a(alt_read.o)
 .bss           0x0004d5b4        0x0 ../bmp_test_bsp/\libhal_bsp.a(alt_release_fd.o)
 .bss           0x0004d5b4        0x0 ../bmp_test_bsp/\libhal_bsp.a(alt_sbrk.o)
 .bss           0x0004d5b4        0x0 ../bmp_test_bsp/\libhal_bsp.a(alt_usleep.o)
 .bss           0x0004d5b4        0x0 ../bmp_test_bsp/\libhal_bsp.a(alt_write.o)
 .bss           0x0004d5b4        0x0 ../bmp_test_bsp/\libhal_bsp.a(alt_sys_init.o)
 .bss           0x0004d5b4        0x0 ../bmp_test_bsp/\libhal_bsp.a(altera_avalon_cfi_flash.o)
 .bss           0x0004d5b4        0x0 ../bmp_test_bsp/\libhal_bsp.a(altera_avalon_cfi_flash_table.o)
 .bss           0x0004d5b4        0x0 ../bmp_test_bsp/\libhal_bsp.a(altera_avalon_jtag_uart_fd.o)
 .bss           0x0004d5b4        0x0 ../bmp_test_bsp/\libhal_bsp.a(altera_avalon_jtag_uart_init.o)
 .bss           0x0004d5b4        0x0 ../bmp_test_bsp/\libhal_bsp.a(altera_avalon_jtag_uart_ioctl.o)
 .bss           0x0004d5b4        0x0 ../bmp_test_bsp/\libhal_bsp.a(altera_avalon_jtag_uart_read.o)
 .bss           0x0004d5b4        0x0 ../bmp_test_bsp/\libhal_bsp.a(altera_avalon_jtag_uart_write.o)
 .bss           0x0004d5b4        0x0 ../bmp_test_bsp/\libhal_bsp.a(altera_avalon_timer_sc.o)
 .bss           0x0004d5b4        0x0 ../bmp_test_bsp/\libhal_bsp.a(altera_avalon_uart_fd.o)
 .bss           0x0004d5b4        0x0 ../bmp_test_bsp/\libhal_bsp.a(altera_avalon_uart_init.o)
 .bss           0x0004d5b4        0x0 ../bmp_test_bsp/\libhal_bsp.a(altera_avalon_uart_read.o)
 .bss           0x0004d5b4        0x0 ../bmp_test_bsp/\libhal_bsp.a(altera_avalon_uart_write.o)
 .bss           0x0004d5b4        0x0 ../bmp_test_bsp/\libhal_bsp.a(alt_alarm_start.o)
 .bss           0x0004d5b4        0x0 ../bmp_test_bsp/\libhal_bsp.a(alt_busy_sleep.o)
 .bss           0x0004d5b4        0x0 ../bmp_test_bsp/\libhal_bsp.a(alt_dev_llist_insert.o)
 .bss           0x0004d5b4        0x0 ../bmp_test_bsp/\libhal_bsp.a(alt_do_ctors.o)
 .bss           0x0004d5b4        0x0 ../bmp_test_bsp/\libhal_bsp.a(alt_do_dtors.o)
 .bss           0x0004d5b4        0x0 ../bmp_test_bsp/\libhal_bsp.a(alt_find_dev.o)
 .bss           0x0004d5b4        0x0 ../bmp_test_bsp/\libhal_bsp.a(alt_find_file.o)
 .bss           0x0004d5b4        0x0 ../bmp_test_bsp/\libhal_bsp.a(alt_flash_dev.o)
 .bss           0x0004d5b4        0x0 ../bmp_test_bsp/\libhal_bsp.a(alt_get_fd.o)
 .bss           0x0004d5b4        0x0 ../bmp_test_bsp/\libhal_bsp.a(alt_iic.o)
 .bss           0x0004d5b4        0x0 ../bmp_test_bsp/\libhal_bsp.a(alt_iic_isr_register.o)
 .bss           0x0004d5b4        0x0 ../bmp_test_bsp/\libhal_bsp.a(alt_io_redirect.o)
 .bss           0x0004d5b4        0x0 ../bmp_test_bsp/\libhal_bsp.a(alt_irq_entry.o)
 .bss           0x0004d5b4        0x0 ../bmp_test_bsp/\libhal_bsp.a(alt_irq_handler.o)
 .bss           0x0004d5b4        0x0 ../bmp_test_bsp/\libhal_bsp.a(alt_irq_vars.o)
 .bss           0x0004d5b4        0x0 ../bmp_test_bsp/\libhal_bsp.a(alt_tick.o)
 .bss           0x0004d5b4        0x0 ../bmp_test_bsp/\libhal_bsp.a(altera_nios2_irq.o)
 .bss           0x0004d5b4        0x0 ../bmp_test_bsp/\libhal_bsp.a(altera_avalon_cfi_flash_amd.o)
 .bss           0x0004d5b4        0x0 ../bmp_test_bsp/\libhal_bsp.a(altera_avalon_cfi_flash_intel.o)
 .bss           0x0004d5b4        0x0 ../bmp_test_bsp/\libhal_bsp.a(alt_exception_entry.o)
 .bss           0x0004d5b4        0x0 c:/develop/altera/12.1sp1/nios2eds/bin/gnu/h-i686-mingw32/bin/../lib/gcc/nios2-elf/4.1.2/../../../../nios2-elf/lib\libc.a(lib_a-atexit.o)
 .bss           0x0004d5b4        0x0 c:/develop/altera/12.1sp1/nios2eds/bin/gnu/h-i686-mingw32/bin/../lib/gcc/nios2-elf/4.1.2/../../../../nios2-elf/lib\libc.a(lib_a-exit.o)
 .bss           0x0004d5b4        0x0 c:/develop/altera/12.1sp1/nios2eds/bin/gnu/h-i686-mingw32/bin/../lib/gcc/nios2-elf/4.1.2/../../../../nios2-elf/lib\libc.a(lib_a-memcmp.o)
 .bss           0x0004d5b4        0x0 c:/develop/altera/12.1sp1/nios2eds/bin/gnu/h-i686-mingw32/bin/../lib/gcc/nios2-elf/4.1.2/../../../../nios2-elf/lib\libc.a(lib_a-__atexit.o)
 .bss           0x0004d5b4        0x0 c:/develop/altera/12.1sp1/nios2eds/bin/gnu/h-i686-mingw32/bin/../lib/gcc/nios2-elf/4.1.2/../../../../nios2-elf/lib\libc.a(lib_a-__call_atexit.o)
 .bss           0x0004d5b4        0x0 ../bmp_test_bsp/\libhal_bsp.a(alt_exit.o)
 *(COMMON)
 COMMON         0x0004d5b4      0x100 ../bmp_test_bsp/\libhal_bsp.a(alt_irq_handler.o)
                0x0004d5b4                alt_irq
 COMMON         0x0004d6b4      0x190 c:/develop/altera/12.1sp1/nios2eds/bin/gnu/h-i686-mingw32/bin/../lib/gcc/nios2-elf/4.1.2/../../../../nios2-elf/lib\libc.a(lib_a-atexit.o)
                0x0004d6b4                _atexit0
                0x0004d844                . = ALIGN (0x4)
                0x0004d844                __bss_end = ABSOLUTE (.)

.sdram          0x0004d844        0x0
                0x0004d844                PROVIDE (_alt_partition_sdram_start, ABSOLUTE (.))
 *(.sdram. sdram.*)
                0x0004d844                . = ALIGN (0x4)
                0x0004d844                PROVIDE (_alt_partition_sdram_end, ABSOLUTE (.))
                0x0004d844                _end = ABSOLUTE (.)
                0x0004d844                end = ABSOLUTE (.)
                0x0004d844                __alt_stack_base = ABSOLUTE (.)
                0x0004d844                PROVIDE (_alt_partition_sdram_load_addr, LOADADDR (.sdram))

.ext_flash      0x04000000        0x0
                0x04000000                PROVIDE (_alt_partition_ext_flash_start, ABSOLUTE (.))
 *(.ext_flash. ext_flash.*)
                0x04000000                . = ALIGN (0x4)
                0x04000000                PROVIDE (_alt_partition_ext_flash_end, ABSOLUTE (.))
                0x04000000                PROVIDE (_alt_partition_ext_flash_load_addr, LOADADDR (.ext_flash))

.ipl_memory     0x0f000020        0x0
                0x0f000020                PROVIDE (_alt_partition_ipl_memory_start, ABSOLUTE (.))
 *(.ipl_memory. ipl_memory.*)
                0x0f000020                . = ALIGN (0x4)
                0x0f000020                PROVIDE (_alt_partition_ipl_memory_end, ABSOLUTE (.))
                0x0f000020                PROVIDE (_alt_partition_ipl_memory_load_addr, LOADADDR (.ipl_memory))

.stab
 *(.stab)

.stabstr
 *(.stabstr)

.stab.excl
 *(.stab.excl)

.stab.exclstr
 *(.stab.exclstr)

.stab.index
 *(.stab.index)

.stab.indexstr
 *(.stab.indexstr)

.comment        0x00000000       0x26
 *(.comment)
 .comment       0x00000000       0x26 obj/default/bmp_test.o
                                 0x27 (size before relaxing)
 .comment       0x00000000       0x27 obj/default/mmcfs/fatfs/ff.o
 .comment       0x00000000       0x27 obj/default/mmcfs/fatfs/mmcbb.o
 .comment       0x00000000       0x27 obj/default/mmcfs/fatfs/option/cc932.o
 .comment       0x00000000       0x27 obj/default/mmcfs/gettime.o
 .comment       0x00000000       0x27 obj/default/mmcfs/mmc_spi.o
 .comment       0x00000000       0x27 obj/default/mmcfs/mmcfs.o
 .comment       0x00000000       0x27 obj/default/nd_lib/fontx_k12x10.o
 .comment       0x00000000       0x27 obj/default/nd_lib/fontx_k6x10.o
 .comment       0x00000000       0x27 obj/default/nd_lib/nd_egl.o
 .comment       0x00000000       0x27 c:/develop/altera/12.1sp1/nios2eds/bin/gnu/h-i686-mingw32/bin/../lib/gcc/nios2-elf/4.1.2/../../../../nios2-elf/lib\libc.a(lib_a-fclose.o)
 .comment       0x00000000       0x27 c:/develop/altera/12.1sp1/nios2eds/bin/gnu/h-i686-mingw32/bin/../lib/gcc/nios2-elf/4.1.2/../../../../nios2-elf/lib\libc.a(lib_a-fflush.o)
 .comment       0x00000000       0x27 c:/develop/altera/12.1sp1/nios2eds/bin/gnu/h-i686-mingw32/bin/../lib/gcc/nios2-elf/4.1.2/../../../../nios2-elf/lib\libc.a(lib_a-findfp.o)
 .comment       0x00000000       0x27 c:/develop/altera/12.1sp1/nios2eds/bin/gnu/h-i686-mingw32/bin/../lib/gcc/nios2-elf/4.1.2/../../../../nios2-elf/lib\libc.a(lib_a-fopen.o)
 .comment       0x00000000       0x27 c:/develop/altera/12.1sp1/nios2eds/bin/gnu/h-i686-mingw32/bin/../lib/gcc/nios2-elf/4.1.2/../../../../nios2-elf/lib\libc.a(lib_a-fread.o)
 .comment       0x00000000       0x27 c:/develop/altera/12.1sp1/nios2eds/bin/gnu/h-i686-mingw32/bin/../lib/gcc/nios2-elf/4.1.2/../../../../nios2-elf/lib\libc.a(lib_a-freer.o)
 .comment       0x00000000       0x27 c:/develop/altera/12.1sp1/nios2eds/bin/gnu/h-i686-mingw32/bin/../lib/gcc/nios2-elf/4.1.2/../../../../nios2-elf/lib\libc.a(lib_a-fseek.o)
 .comment       0x00000000       0x27 c:/develop/altera/12.1sp1/nios2eds/bin/gnu/h-i686-mingw32/bin/../lib/gcc/nios2-elf/4.1.2/../../../../nios2-elf/lib\libc.a(lib_a-fstatr.o)
 .comment       0x00000000       0x27 c:/develop/altera/12.1sp1/nios2eds/bin/gnu/h-i686-mingw32/bin/../lib/gcc/nios2-elf/4.1.2/../../../../nios2-elf/lib\libc.a(lib_a-fwalk.o)
 .comment       0x00000000       0x27 c:/develop/altera/12.1sp1/nios2eds/bin/gnu/h-i686-mingw32/bin/../lib/gcc/nios2-elf/4.1.2/../../../../nios2-elf/lib\libc.a(lib_a-impure.o)
 .comment       0x00000000       0x27 c:/develop/altera/12.1sp1/nios2eds/bin/gnu/h-i686-mingw32/bin/../lib/gcc/nios2-elf/4.1.2/../../../../nios2-elf/lib\libc.a(lib_a-int_errno.o)
 .comment       0x00000000       0x27 c:/develop/altera/12.1sp1/nios2eds/bin/gnu/h-i686-mingw32/bin/../lib/gcc/nios2-elf/4.1.2/../../../../nios2-elf/lib\libc.a(lib_a-makebuf.o)
 .comment       0x00000000       0x27 c:/develop/altera/12.1sp1/nios2eds/bin/gnu/h-i686-mingw32/bin/../lib/gcc/nios2-elf/4.1.2/../../../../nios2-elf/lib\libc.a(lib_a-malloc.o)
 .comment       0x00000000       0x27 c:/develop/altera/12.1sp1/nios2eds/bin/gnu/h-i686-mingw32/bin/../lib/gcc/nios2-elf/4.1.2/../../../../nios2-elf/lib\libc.a(lib_a-mallocr.o)
 .comment       0x00000000       0x27 c:/develop/altera/12.1sp1/nios2eds/bin/gnu/h-i686-mingw32/bin/../lib/gcc/nios2-elf/4.1.2/../../../../nios2-elf/lib\libc.a(lib_a-memcpy.o)
 .comment       0x00000000       0x27 c:/develop/altera/12.1sp1/nios2eds/bin/gnu/h-i686-mingw32/bin/../lib/gcc/nios2-elf/4.1.2/../../../../nios2-elf/lib\libc.a(lib_a-memset.o)
 .comment       0x00000000       0x27 c:/develop/altera/12.1sp1/nios2eds/bin/gnu/h-i686-mingw32/bin/../lib/gcc/nios2-elf/4.1.2/../../../../nios2-elf/lib\libc.a(lib_a-openr.o)
 .comment       0x00000000       0x27 c:/develop/altera/12.1sp1/nios2eds/bin/gnu/h-i686-mingw32/bin/../lib/gcc/nios2-elf/4.1.2/../../../../nios2-elf/lib\libc.a(lib_a-printf.o)
 .comment       0x00000000       0x27 c:/develop/altera/12.1sp1/nios2eds/bin/gnu/h-i686-mingw32/bin/../lib/gcc/nios2-elf/4.1.2/../../../../nios2-elf/lib\libc.a(lib_a-puts.o)
 .comment       0x00000000       0x27 c:/develop/altera/12.1sp1/nios2eds/bin/gnu/h-i686-mingw32/bin/../lib/gcc/nios2-elf/4.1.2/../../../../nios2-elf/lib\libc.a(lib_a-refill.o)
 .comment       0x00000000       0x27 c:/develop/altera/12.1sp1/nios2eds/bin/gnu/h-i686-mingw32/bin/../lib/gcc/nios2-elf/4.1.2/../../../../nios2-elf/lib\libc.a(lib_a-sbrkr.o)
 .comment       0x00000000       0x27 c:/develop/altera/12.1sp1/nios2eds/bin/gnu/h-i686-mingw32/bin/../lib/gcc/nios2-elf/4.1.2/../../../../nios2-elf/lib\libc.a(lib_a-stdio.o)
 .comment       0x00000000       0x27 c:/develop/altera/12.1sp1/nios2eds/bin/gnu/h-i686-mingw32/bin/../lib/gcc/nios2-elf/4.1.2/../../../../nios2-elf/lib\libc.a(lib_a-strlen.o)
 .comment       0x00000000       0x27 c:/develop/altera/12.1sp1/nios2eds/bin/gnu/h-i686-mingw32/bin/../lib/gcc/nios2-elf/4.1.2/../../../../nios2-elf/lib\libc.a(lib_a-vfprintf.o)
 .comment       0x00000000       0x27 c:/develop/altera/12.1sp1/nios2eds/bin/gnu/h-i686-mingw32/bin/../lib/gcc/nios2-elf/4.1.2/../../../../nios2-elf/lib\libc.a(lib_a-writer.o)
 .comment       0x00000000       0x27 c:/develop/altera/12.1sp1/nios2eds/bin/gnu/h-i686-mingw32/bin/../lib/gcc/nios2-elf/4.1.2/../../../../nios2-elf/lib\libc.a(lib_a-wsetup.o)
 .comment       0x00000000       0x27 c:/develop/altera/12.1sp1/nios2eds/bin/gnu/h-i686-mingw32/bin/../lib/gcc/nios2-elf/4.1.2/../../../../nios2-elf/lib\libc.a(lib_a-closer.o)
 .comment       0x00000000       0x27 c:/develop/altera/12.1sp1/nios2eds/bin/gnu/h-i686-mingw32/bin/../lib/gcc/nios2-elf/4.1.2/../../../../nios2-elf/lib\libc.a(lib_a-dtoa.o)
 .comment       0x00000000       0x27 c:/develop/altera/12.1sp1/nios2eds/bin/gnu/h-i686-mingw32/bin/../lib/gcc/nios2-elf/4.1.2/../../../../nios2-elf/lib\libc.a(lib_a-flags.o)
 .comment       0x00000000       0x27 c:/develop/altera/12.1sp1/nios2eds/bin/gnu/h-i686-mingw32/bin/../lib/gcc/nios2-elf/4.1.2/../../../../nios2-elf/lib\libc.a(lib_a-fvwrite.o)
 .comment       0x00000000       0x27 c:/develop/altera/12.1sp1/nios2eds/bin/gnu/h-i686-mingw32/bin/../lib/gcc/nios2-elf/4.1.2/../../../../nios2-elf/lib\libc.a(lib_a-isattyr.o)
 .comment       0x00000000       0x27 c:/develop/altera/12.1sp1/nios2eds/bin/gnu/h-i686-mingw32/bin/../lib/gcc/nios2-elf/4.1.2/../../../../nios2-elf/lib\libc.a(lib_a-locale.o)
 .comment       0x00000000       0x27 c:/develop/altera/12.1sp1/nios2eds/bin/gnu/h-i686-mingw32/bin/../lib/gcc/nios2-elf/4.1.2/../../../../nios2-elf/lib\libc.a(lib_a-lseekr.o)
 .comment       0x00000000       0x27 c:/develop/altera/12.1sp1/nios2eds/bin/gnu/h-i686-mingw32/bin/../lib/gcc/nios2-elf/4.1.2/../../../../nios2-elf/lib\libc.a(lib_a-memchr.o)
 .comment       0x00000000       0x27 c:/develop/altera/12.1sp1/nios2eds/bin/gnu/h-i686-mingw32/bin/../lib/gcc/nios2-elf/4.1.2/../../../../nios2-elf/lib\libc.a(lib_a-memmove.o)
 .comment       0x00000000       0x27 c:/develop/altera/12.1sp1/nios2eds/bin/gnu/h-i686-mingw32/bin/../lib/gcc/nios2-elf/4.1.2/../../../../nios2-elf/lib\libc.a(lib_a-mprec.o)
 .comment       0x00000000       0x27 c:/develop/altera/12.1sp1/nios2eds/bin/gnu/h-i686-mingw32/bin/../lib/gcc/nios2-elf/4.1.2/../../../../nios2-elf/lib\libc.a(lib_a-readr.o)
 .comment       0x00000000       0x27 c:/develop/altera/12.1sp1/nios2eds/bin/gnu/h-i686-mingw32/bin/../lib/gcc/nios2-elf/4.1.2/../../../../nios2-elf/lib\libc.a(lib_a-reallocr.o)
 .comment       0x00000000       0x27 c:/develop/altera/12.1sp1/nios2eds/bin/gnu/h-i686-mingw32/bin/../lib/gcc/nios2-elf/4.1.2/../../../../nios2-elf/lib\libc.a(lib_a-s_isinfd.o)
 .comment       0x00000000       0x27 c:/develop/altera/12.1sp1/nios2eds/bin/gnu/h-i686-mingw32/bin/../lib/gcc/nios2-elf/4.1.2/../../../../nios2-elf/lib\libc.a(lib_a-s_isnand.o)
 .comment       0x00000000       0x27 c:/develop/altera/12.1sp1/nios2eds/bin/gnu/h-i686-mingw32/bin/../lib/gcc/nios2-elf/4.1.2/../../../../nios2-elf/lib\libc.a(lib_a-strcmp.o)
 .comment       0x00000000       0x27 c:/develop/altera/12.1sp1/nios2eds/bin/gnu/h-i686-mingw32/bin/../lib/gcc/nios2-elf/4.1.2/../../../../nios2-elf/lib\libc.a(lib_a-callocr.o)
 .comment       0x00000000       0x27 c:/develop/altera/12.1sp1/nios2eds/bin/gnu/h-i686-mingw32/bin/../lib/gcc/nios2-elf/4.1.2\libgcc.a(_udivdi3.o)
 .comment       0x00000000       0x27 c:/develop/altera/12.1sp1/nios2eds/bin/gnu/h-i686-mingw32/bin/../lib/gcc/nios2-elf/4.1.2\libgcc.a(_umoddi3.o)
 .comment       0x00000000       0x27 c:/develop/altera/12.1sp1/nios2eds/bin/gnu/h-i686-mingw32/bin/../lib/gcc/nios2-elf/4.1.2\libgcc.a(_addsub_df.o)
 .comment       0x00000000       0x27 c:/develop/altera/12.1sp1/nios2eds/bin/gnu/h-i686-mingw32/bin/../lib/gcc/nios2-elf/4.1.2\libgcc.a(_mul_df.o)
 .comment       0x00000000       0x27 c:/develop/altera/12.1sp1/nios2eds/bin/gnu/h-i686-mingw32/bin/../lib/gcc/nios2-elf/4.1.2\libgcc.a(_div_df.o)
 .comment       0x00000000       0x27 c:/develop/altera/12.1sp1/nios2eds/bin/gnu/h-i686-mingw32/bin/../lib/gcc/nios2-elf/4.1.2\libgcc.a(_eq_df.o)
 .comment       0x00000000       0x27 c:/develop/altera/12.1sp1/nios2eds/bin/gnu/h-i686-mingw32/bin/../lib/gcc/nios2-elf/4.1.2\libgcc.a(_ne_df.o)
 .comment       0x00000000       0x27 c:/develop/altera/12.1sp1/nios2eds/bin/gnu/h-i686-mingw32/bin/../lib/gcc/nios2-elf/4.1.2\libgcc.a(_gt_df.o)
 .comment       0x00000000       0x27 c:/develop/altera/12.1sp1/nios2eds/bin/gnu/h-i686-mingw32/bin/../lib/gcc/nios2-elf/4.1.2\libgcc.a(_ge_df.o)
 .comment       0x00000000       0x27 c:/develop/altera/12.1sp1/nios2eds/bin/gnu/h-i686-mingw32/bin/../lib/gcc/nios2-elf/4.1.2\libgcc.a(_lt_df.o)
 .comment       0x00000000       0x27 c:/develop/altera/12.1sp1/nios2eds/bin/gnu/h-i686-mingw32/bin/../lib/gcc/nios2-elf/4.1.2\libgcc.a(_si_to_df.o)
 .comment       0x00000000       0x27 c:/develop/altera/12.1sp1/nios2eds/bin/gnu/h-i686-mingw32/bin/../lib/gcc/nios2-elf/4.1.2\libgcc.a(_df_to_si.o)
 .comment       0x00000000       0x27 c:/develop/altera/12.1sp1/nios2eds/bin/gnu/h-i686-mingw32/bin/../lib/gcc/nios2-elf/4.1.2\libgcc.a(_thenan_df.o)
 .comment       0x00000000       0x27 c:/develop/altera/12.1sp1/nios2eds/bin/gnu/h-i686-mingw32/bin/../lib/gcc/nios2-elf/4.1.2\libgcc.a(_usi_to_df.o)
 .comment       0x00000000       0x27 c:/develop/altera/12.1sp1/nios2eds/bin/gnu/h-i686-mingw32/bin/../lib/gcc/nios2-elf/4.1.2\libgcc.a(lib2-divmod.o)
 .comment       0x00000000       0x27 c:/develop/altera/12.1sp1/nios2eds/bin/gnu/h-i686-mingw32/bin/../lib/gcc/nios2-elf/4.1.2\libgcc.a(_muldi3.o)